# vsim -sv_seed 1 -voptargs="+acc" -assertdebug -debugDB -c testbench -do "log -r /*;run -all;" -l ahb_read_write_register_chk_1.log "+UVM_TESTNAME=ahb_read_write_register_chk" "+UVM_VERBOSITY=UVM_HIGH" 
# Start time: 09:30:50 on May 27,2026
# Loading /tmp/khaminh_3008@ictc-eda-ldap.ipa.test_dpi_92162/linux_x86_64_gcc-11/export_tramp.so
# ** Note: (vsim-3813) Design is being optimized due to module recompilation...
# ** Note: (vsim-8611) Generating debug db.
# ** Warning: ./../sequences/ahb_read_sequence.sv(12): (vopt-2239) Treating stand-alone use of presumed external function as an implicit VOID cast.
# ** Warning: ./../sequences/ahb_write_sequence.sv(12): (vopt-2239) Treating stand-alone use of presumed external function as an implicit VOID cast.
# ** Warning: ./../sequences/ahb_default_chk_sequence.sv(11): (vopt-2239) Treating stand-alone use of presumed external function as an implicit VOID cast.
# ** Warning: ./../sequences/ahb_default_chk_sequence.sv(23): (vopt-2239) Treating stand-alone use of presumed external function as an implicit VOID cast.
# ** Warning: ./../sequences/ahb_default_chk_sequence.sv(35): (vopt-2239) Treating stand-alone use of presumed external function as an implicit VOID cast.
# //  Questa Sim-64
# //  Version 10.6d_1 linux_x86_64 Apr 11 2018
# //
# //  Copyright 1991-2018 Mentor Graphics Corporation
# //  All Rights Reserved.
# //
# //  QuestaSim and its associated documentation contain trade
# //  secrets and commercial or financial information that are the property of
# //  Mentor Graphics Corporation and are privileged, confidential,
# //  and exempt from disclosure under the Freedom of Information Act,
# //  5 U.S.C. Section 552. Furthermore, this information
# //  is prohibited from disclosure under the Trade Secrets Act,
# //  18 U.S.C. Section 1905.
# //
# Loading sv_std.std
# Loading work.ahb_if(fast)
# Loading work.uvm_pkg(fast)
# Loading work.ahb_pkg(fast)
# ** Note: (vsim-8785) UVM-aware debugging capabilities will be disabled since no compiled "questa_uvm_pkg" can be found.
# This also means that later if you turn on UVM-aware debugging your debug simulations may have
# different random seeds from your non-debug simulations.
# Loading work.seq_pkg(fast)
# Loading work.env_pkg(fast)
# Loading work.test_pkg(fast)
# Loading work.testbench(fast)
# Loading work.ahb_if(fast)
# Loading work.uart_top(fast)
# Loading work.cmsdk_ahb_to_apb(fast)
# Loading work.apb_decoder(fast)
# Compiling /tmp/khaminh_3008@ictc-eda-ldap.ipa.test_dpi_92162/linux_x86_64_gcc-5.3.0/exportwrapper.c
# Compiling /tmp/khaminh_3008@ictc-eda-ldap.ipa.test_dpi_92162/linux_x86_64_gcc-11/exportwrapper.c
# Loading /tmp/khaminh_3008@ictc-eda-ldap.ipa.test_dpi_92162/linux_x86_64_gcc-11/vsim_auto_compile.so
# ** Note: (vsim-8900) Creating design debug database vsim.dbg.
# log -r /*
# run -all
# UVM_INFO /ictc/other/tools/QuestaDVA/questasim/verilog_src/uvm-1.2/src/base/uvm_root.svh(392) @ 0: reporter [UVM/RELNOTES] 
# ----------------------------------------------------------------
# UVM-1.2
# (C) 2007-2014 Mentor Graphics Corporation
# (C) 2007-2014 Cadence Design Systems, Inc.
# (C) 2006-2014 Synopsys, Inc.
# (C) 2011-2013 Cypress Semiconductor Corp.
# (C) 2013-2014 NVIDIA Corporation
# ----------------------------------------------------------------
# 
#   ***********       IMPORTANT RELEASE NOTES         ************
# 
#   You are using a version of the UVM library that has been compiled
#   with `UVM_NO_DEPRECATED undefined.
#   See http://www.eda.org/svdb/view.php?id=3313 for more details.
# 
#   You are using a version of the UVM library that has been compiled
#   with `UVM_OBJECT_DO_NOT_NEED_CONSTRUCTOR undefined.
#   See http://www.eda.org/svdb/view.php?id=3770 for more details.
# 
#       (Specify +UVM_NO_RELNOTES to turn off this notice)
# 
# UVM_INFO /ictc/other/tools/QuestaDVA/questasim/verilog_src/uvm-1.2/src/base/uvm_root.svh(453) @ 0: reporter [NO_DPI_TSTNAME] UVM_NO_DPI defined--getting UVM_TESTNAME directly, without DPI
# UVM_INFO @ 0: reporter [RNTST] Running test ahb_read_write_register_chk...
# UVM_INFO ./../tb/ahb_environment.sv(14) @ 0: uvm_test_top.ahb_env [build_phase] Entered...
# UVM_INFO ./../tb/ahb_environment.sv(24) @ 0: uvm_test_top.ahb_env [build_phase] Exiting...
# UVM_INFO ./../ahb_vip/ahb_agent.sv(20) @ 0: uvm_test_top.ahb_env.ahb_agt [ahb_agent] Active agent is configued
# UVM_INFO /ictc/other/tools/QuestaDVA/questasim/verilog_src/uvm-1.2/src/base/uvm_traversal.svh(279) @ 0: reporter [UVM/COMP/NAMECHECK] This implementation of the component name checks requires DPI to be enabled
# UVM_INFO ./../testcases/ahb_base_test.sv(24) @ 0: uvm_test_top [start_of_simulation_phase] Entered...
# UVM_INFO /ictc/other/tools/QuestaDVA/questasim/verilog_src/uvm-1.2/src/base/uvm_root.svh(579) @ 0: reporter [UVMTOP] UVM testbench topology:
# -------------------------------------------------------------------
# Name                       Type                         Size  Value
# -------------------------------------------------------------------
# uvm_test_top               ahb_read_write_register_chk  -     @341 
#   ahb_env                  ahb_environment              -     @355 
#     ahb_agt                ahb_agent                    -     @369 
#       driver               ahb_driver                   -     @395 
#         rsp_port           uvm_analysis_port            -     @414 
#         seq_item_port      uvm_seq_item_pull_port       -     @404 
#       monitor              ahb_monitor                  -     @561 
#         a_port             uvm_analysis_port            -     @570 
#       sequencer            ahb_sequencer                -     @424 
#         rsp_export         uvm_analysis_export          -     @433 
#         seq_item_export    uvm_seq_item_pull_imp        -     @551 
#         arbitration_queue  array                        0     -    
#         lock_queue         array                        0     -    
#         num_last_reqs      integral                     32    'd1  
#         num_last_rsps      integral                     32    'd1  
#     ahb_sb                 ahb_scoreboard               -     @378 
#       a_export             uvm_analysis_imp             -     @590 
# -------------------------------------------------------------------
# 
# UVM_INFO ./../testcases/ahb_base_test.sv(26) @ 0: uvm_test_top [start_of_simulation_phase] Exiting...
# UVM_INFO ./../ahb_vip/ahb_monitor.sv(43) @ 170000: uvm_test_top.ahb_env.ahb_agt.monitor [ahb_monitor] Data read from DUT is -----------------------------------------------
# Name          Type             Size  Value     
# -----------------------------------------------
# ahb_trans     ahb_transaction  -     @658      
#   xact_type   xact_type_enum   1     WRITE     
#   xfer_size   xfer_size_enum   3     SIZE_32BIT
#   burst_type  burst_type_enum  3     SINGLE    
#   addr        integral         10    'h0       
#   data        integral         32    'h28e43e30
#   prot        integral         4     'h1       
#   lock        integral         1     'h0       
# -----------------------------------------------
# 
# UVM_INFO ./../tb/ahb_scoreboard.sv(21) @ 170000: uvm_test_top.ahb_env.ahb_sb [ahb_scoreboard] Get packet from ahb: -----------------------------------------------
# Name          Type             Size  Value     
# -----------------------------------------------
# ahb_trans     ahb_transaction  -     @658      
#   xact_type   xact_type_enum   1     WRITE     
#   xfer_size   xfer_size_enum   3     SIZE_32BIT
#   burst_type  burst_type_enum  3     SINGLE    
#   addr        integral         10    'h0       
#   data        integral         32    'h28e43e30
#   prot        integral         4     'h1       
#   lock        integral         1     'h0       
# -----------------------------------------------
# 
# UVM_INFO ./../ahb_vip/ahb_monitor.sv(43) @ 250000: uvm_test_top.ahb_env.ahb_agt.monitor [ahb_monitor] Data read from DUT is -----------------------------------------------
# Name          Type             Size  Value     
# -----------------------------------------------
# ahb_trans     ahb_transaction  -     @674      
#   xact_type   xact_type_enum   1     WRITE     
#   xfer_size   xfer_size_enum   3     SIZE_32BIT
#   burst_type  burst_type_enum  3     SINGLE    
#   addr        integral         10    'h4       
#   data        integral         32    'h4420f1f2
#   prot        integral         4     'hb       
#   lock        integral         1     'h0       
# -----------------------------------------------
# 
# UVM_INFO ./../tb/ahb_scoreboard.sv(21) @ 250000: uvm_test_top.ahb_env.ahb_sb [ahb_scoreboard] Get packet from ahb: -----------------------------------------------
# Name          Type             Size  Value     
# -----------------------------------------------
# ahb_trans     ahb_transaction  -     @674      
#   xact_type   xact_type_enum   1     WRITE     
#   xfer_size   xfer_size_enum   3     SIZE_32BIT
#   burst_type  burst_type_enum  3     SINGLE    
#   addr        integral         10    'h4       
#   data        integral         32    'h4420f1f2
#   prot        integral         4     'hb       
#   lock        integral         1     'h0       
# -----------------------------------------------
# 
# UVM_INFO ./../ahb_vip/ahb_monitor.sv(43) @ 330000: uvm_test_top.ahb_env.ahb_agt.monitor [ahb_monitor] Data read from DUT is -----------------------------------------------
# Name          Type             Size  Value     
# -----------------------------------------------
# ahb_trans     ahb_transaction  -     @690      
#   xact_type   xact_type_enum   1     WRITE     
#   xfer_size   xfer_size_enum   3     SIZE_32BIT
#   burst_type  burst_type_enum  3     SINGLE    
#   addr        integral         10    'h8       
#   data        integral         32    'h1503268b
#   prot        integral         4     'h6       
#   lock        integral         1     'h0       
# -----------------------------------------------
# 
# UVM_INFO ./../tb/ahb_scoreboard.sv(21) @ 330000: uvm_test_top.ahb_env.ahb_sb [ahb_scoreboard] Get packet from ahb: -----------------------------------------------
# Name          Type             Size  Value     
# -----------------------------------------------
# ahb_trans     ahb_transaction  -     @690      
#   xact_type   xact_type_enum   1     WRITE     
#   xfer_size   xfer_size_enum   3     SIZE_32BIT
#   burst_type  burst_type_enum  3     SINGLE    
#   addr        integral         10    'h8       
#   data        integral         32    'h1503268b
#   prot        integral         4     'h6       
#   lock        integral         1     'h0       
# -----------------------------------------------
# 
# UVM_INFO ./../ahb_vip/ahb_monitor.sv(43) @ 1450000: uvm_test_top.ahb_env.ahb_agt.monitor [ahb_monitor] Data read from DUT is -----------------------------------------------
# Name          Type             Size  Value     
# -----------------------------------------------
# ahb_trans     ahb_transaction  -     @716      
#   xact_type   xact_type_enum   1     READ      
#   xfer_size   xfer_size_enum   3     SIZE_32BIT
#   burst_type  burst_type_enum  3     SINGLE    
#   addr        integral         10    'h0       
#   data        integral         32    'h0       
#   prot        integral         4     'h1       
#   lock        integral         1     'h0       
# -----------------------------------------------
# 
# UVM_INFO ./../tb/ahb_scoreboard.sv(21) @ 1450000: uvm_test_top.ahb_env.ahb_sb [ahb_scoreboard] Get packet from ahb: -----------------------------------------------
# Name          Type             Size  Value     
# -----------------------------------------------
# ahb_trans     ahb_transaction  -     @716      
#   xact_type   xact_type_enum   1     READ      
#   xfer_size   xfer_size_enum   3     SIZE_32BIT
#   burst_type  burst_type_enum  3     SINGLE    
#   addr        integral         10    'h0       
#   data        integral         32    'h0       
#   prot        integral         4     'h1       
#   lock        integral         1     'h0       
# -----------------------------------------------
# 
# UVM_INFO ./../ahb_vip/ahb_monitor.sv(43) @ 1550000: uvm_test_top.ahb_env.ahb_agt.monitor [ahb_monitor] Data read from DUT is -----------------------------------------------
# Name          Type             Size  Value     
# -----------------------------------------------
# ahb_trans     ahb_transaction  -     @732      
#   xact_type   xact_type_enum   1     READ      
#   xfer_size   xfer_size_enum   3     SIZE_32BIT
#   burst_type  burst_type_enum  3     SINGLE    
#   addr        integral         10    'h4       
#   data        integral         32    'hf2      
#   prot        integral         4     'hf       
#   lock        integral         1     'h0       
# -----------------------------------------------
# 
# UVM_INFO ./../tb/ahb_scoreboard.sv(21) @ 1550000: uvm_test_top.ahb_env.ahb_sb [ahb_scoreboard] Get packet from ahb: -----------------------------------------------
# Name          Type             Size  Value     
# -----------------------------------------------
# ahb_trans     ahb_transaction  -     @732      
#   xact_type   xact_type_enum   1     READ      
#   xfer_size   xfer_size_enum   3     SIZE_32BIT
#   burst_type  burst_type_enum  3     SINGLE    
#   addr        integral         10    'h4       
#   data        integral         32    'hf2      
#   prot        integral         4     'hf       
#   lock        integral         1     'h0       
# -----------------------------------------------
# 
# UVM_INFO ./../ahb_vip/ahb_monitor.sv(43) @ 1650000: uvm_test_top.ahb_env.ahb_agt.monitor [ahb_monitor] Data read from DUT is -----------------------------------------------
# Name          Type             Size  Value     
# -----------------------------------------------
# ahb_trans     ahb_transaction  -     @748      
#   xact_type   xact_type_enum   1     READ      
#   xfer_size   xfer_size_enum   3     SIZE_32BIT
#   burst_type  burst_type_enum  3     SINGLE    
#   addr        integral         10    'h8       
#   data        integral         32    'h8b      
#   prot        integral         4     'h5       
#   lock        integral         1     'h0       
# -----------------------------------------------
# 
# UVM_INFO ./../tb/ahb_scoreboard.sv(21) @ 1650000: uvm_test_top.ahb_env.ahb_sb [ahb_scoreboard] Get packet from ahb: -----------------------------------------------
# Name          Type             Size  Value     
# -----------------------------------------------
# ahb_trans     ahb_transaction  -     @748      
#   xact_type   xact_type_enum   1     READ      
#   xfer_size   xfer_size_enum   3     SIZE_32BIT
#   burst_type  burst_type_enum  3     SINGLE    
#   addr        integral         10    'h8       
#   data        integral         32    'h8b      
#   prot        integral         4     'h5       
#   lock        integral         1     'h0       
# -----------------------------------------------
# 
# UVM_INFO /ictc/other/tools/QuestaDVA/questasim/verilog_src/uvm-1.2/src/base/uvm_objection.svh(1271) @ 2640000: reporter [TEST_DONE] 'run' phase is ready to proceed to the 'extract' phase
# UVM_INFO /ictc/other/tools/QuestaDVA/questasim/verilog_src/uvm-1.2/src/base/uvm_report_server.svh(847) @ 2640000: reporter [UVM/REPORT/SERVER] 
# --- UVM Report Summary ---
# 
# ** Report counts by severity
# UVM_INFO :   23
# UVM_WARNING :    0
# UVM_ERROR :    0
# UVM_FATAL :    0
# ** Report counts by id
# [NO_DPI_TSTNAME]     1
# [RNTST]     1
# [TEST_DONE]     1
# [UVM/COMP/NAMECHECK]     1
# [UVM/RELNOTES]     1
# [UVMTOP]     1
# [ahb_agent]     1
# [ahb_monitor]     6
# [ahb_scoreboard]     6
# [build_phase]     2
# [start_of_simulation_phase]     2
# 
# ** Note: $finish    : /ictc/other/tools/QuestaDVA/questasim/verilog_src/uvm-1.2/src/base/uvm_root.svh(517)
#    Time: 2640 ns  Iteration: 73  Instance: /testbench
# End time: 09:30:54 on May 27,2026, Elapsed time: 0:00:04
# Errors: 0, Warnings: 5
