  CREATE_STREAM @0 {NAME:rx_empty T:Transactions SCOPE:uvm_test_top.env.ahb_agt.sequencer STREAM:1023}
  CREATE_STREAM @1000 {NAME:uart_write T:Transactions SCOPE:uvm_test_top.env.uart_agt.sequencer STREAM:1135}
  CREATE_STREAM @5832000 {NAME:read_empty T:Transactions SCOPE:uvm_test_top.env.ahb_agt.sequencer STREAM:1165}
  CREATE_STREAM @0 {NAME:rx_empty T:Transactions SCOPE:uvm_test_top.env.ahb_agt.sequencer STREAM:1023}
  CREATE_STREAM @1000 {NAME:uart_write T:Transactions SCOPE:uvm_test_top.env.uart_agt.sequencer STREAM:1135}
  CREATE_STREAM @5832000 {NAME:read_empty T:Transactions SCOPE:uvm_test_top.env.ahb_agt.sequencer STREAM:1165}
  CREATE_STREAM @0 {NAME:rx_empty T:Transactions SCOPE:uvm_test_top.env.ahb_agt.sequencer STREAM:1023}
  CREATE_STREAM @11000 {NAME:uart_write T:Transactions SCOPE:uvm_test_top.env.uart_agt.sequencer STREAM:1161}
  CREATE_STREAM @5842000 {NAME:read_empty T:Transactions SCOPE:uvm_test_top.env.ahb_agt.sequencer STREAM:1191}
  CREATE_STREAM @0 {NAME:rx_empty T:Transactions SCOPE:uvm_test_top.env.ahb_agt.sequencer STREAM:1023}
  CREATE_STREAM @1000 {NAME:uart_write T:Transactions SCOPE:uvm_test_top.env.uart_agt.sequencer STREAM:1135}
  CREATE_STREAM @5832000 {NAME:read_empty T:Transactions SCOPE:uvm_test_top.env.ahb_agt.sequencer STREAM:1167}
  CREATE_STREAM @0 {NAME:rx_empty T:Transactions SCOPE:uvm_test_top.env.ahb_agt.sequencer STREAM:1023}
  CREATE_STREAM @1000 {NAME:uart_write T:Transactions SCOPE:uvm_test_top.env.uart_agt.sequencer STREAM:1135}
  CREATE_STREAM @5832000 {NAME:read_empty T:Transactions SCOPE:uvm_test_top.env.ahb_agt.sequencer STREAM:1167}
  CREATE_STREAM @0 {NAME:rx_empty T:Transactions SCOPE:uvm_test_top.env.ahb_agt.sequencer STREAM:1023}
  CREATE_STREAM @1000 {NAME:uart_write T:Transactions SCOPE:uvm_test_top.env.uart_agt.sequencer STREAM:1135}
  CREATE_STREAM @5832000 {NAME:read_empty T:Transactions SCOPE:uvm_test_top.env.ahb_agt.sequencer STREAM:1167}
  CREATE_STREAM @0 {NAME:rx_empty T:Transactions SCOPE:uvm_test_top.env.ahb_agt.sequencer STREAM:1023}
  CREATE_STREAM @1000 {NAME:uart_write T:Transactions SCOPE:uvm_test_top.env.uart_agt.sequencer STREAM:1135}
  CREATE_STREAM @5832000 {NAME:read_empty T:Transactions SCOPE:uvm_test_top.env.ahb_agt.sequencer STREAM:1167}
  CREATE_STREAM @0 {NAME:rx_empty T:Transactions SCOPE:uvm_test_top.env.ahb_agt.sequencer STREAM:1023}
  CREATE_STREAM @1000 {NAME:uart_write T:Transactions SCOPE:uvm_test_top.env.uart_agt.sequencer STREAM:1135}
  CREATE_STREAM @5832000 {NAME:read_empty T:Transactions SCOPE:uvm_test_top.env.ahb_agt.sequencer STREAM:1167}
  CREATE_STREAM @0 {NAME:tx_empty T:Transactions SCOPE:uvm_test_top.env.ahb_agt.sequencer STREAM:1023}
  CREATE_STREAM @1000 {NAME:uart_write T:Transactions SCOPE:uvm_test_top.env.uart_agt.sequencer STREAM:1169}
  CREATE_STREAM @5832000 {NAME:read_empty T:Transactions SCOPE:uvm_test_top.env.ahb_agt.sequencer STREAM:1221}
  CREATE_STREAM @0 {NAME:tx_empty T:Transactions SCOPE:uvm_test_top.env.ahb_agt.sequencer STREAM:1023}
  CREATE_STREAM @1000 {NAME:read_empty T:Transactions SCOPE:uvm_test_top.env.ahb_agt.sequencer STREAM:1169}
  CREATE_STREAM @0 {NAME:parity_seq T:Transactions SCOPE:uvm_test_top.env.ahb_agt.sequencer STREAM:1021}
  CREATE_STREAM @0 {NAME:rx_empty T:Transactions SCOPE:uvm_test_top.env.ahb_agt.sequencer STREAM:1023}
  CREATE_STREAM @1000 {NAME:uart_write T:Transactions SCOPE:uvm_test_top.env.uart_agt.sequencer STREAM:1135}
  CREATE_STREAM @5832000 {NAME:read_empty T:Transactions SCOPE:uvm_test_top.env.ahb_agt.sequencer STREAM:1167}
  CREATE_STREAM @0 {NAME:rx_empty T:Transactions SCOPE:uvm_test_top.env.ahb_agt.sequencer STREAM:1023}
  CREATE_STREAM @1000 {NAME:uart_write T:Transactions SCOPE:uvm_test_top.env.uart_agt.sequencer STREAM:1135}
  CREATE_STREAM @5832000 {NAME:read_empty T:Transactions SCOPE:uvm_test_top.env.ahb_agt.sequencer STREAM:1167}
  CREATE_STREAM @0 {NAME:tx_empty T:Transactions SCOPE:uvm_test_top.env.ahb_agt.sequencer STREAM:1023}
  CREATE_STREAM @1000 {NAME:read_empty T:Transactions SCOPE:uvm_test_top.env.ahb_agt.sequencer STREAM:1309}
  CREATE_STREAM @1000000 {NAME:tx_empty T:Transactions SCOPE:uvm_test_top.env.ahb_agt.sequencer STREAM:1023}
  CREATE_STREAM @1001000 {NAME:read_empty T:Transactions SCOPE:uvm_test_top.env.ahb_agt.sequencer STREAM:1309}
  CREATE_STREAM @1000000 {NAME:tx_empty T:Transactions SCOPE:uvm_test_top.env.ahb_agt.sequencer STREAM:1023}
  CREATE_STREAM @1001000 {NAME:read_empty T:Transactions SCOPE:uvm_test_top.env.ahb_agt.sequencer STREAM:1169}
  CREATE_STREAM @0 {NAME:rx_full T:Transactions SCOPE:uvm_test_top.env.ahb_agt.sequencer STREAM:1023}
  CREATE_STREAM @7000 {NAME:uart_write T:Transactions SCOPE:uvm_test_top.env.uart_agt.sequencer STREAM:2635}
  CREATE_STREAM @5838000 {NAME:read_full T:Transactions SCOPE:uvm_test_top.env.ahb_agt.sequencer STREAM:2659}
  CREATE_STREAM @0 {NAME:rx_full T:Transactions SCOPE:uvm_test_top.env.ahb_agt.sequencer STREAM:1023}
  CREATE_STREAM @1000 {NAME:uart_write T:Transactions SCOPE:uvm_test_top.env.uart_agt.sequencer STREAM:1135}
  CREATE_STREAM @93297000 {NAME:read_full T:Transactions SCOPE:uvm_test_top.env.ahb_agt.sequencer STREAM:1459}
