# vsim -sv_seed 1 -voptargs="+acc" -assertdebug -c testbench -do " log -r /*;run -all;" -l uart_txd_x16_random_1.log "+UVM_TESTNAME=uart_txd_x16_random" "+UVM_VERBOSITY=UVM_HIGH" 
# Start time: 17:57:26 on Aug 03,2026
# Loading /tmp/khaminh_3008@ictc-eda-ldap.ipa.test_dpi_43134/linux_x86_64_gcc-11/export_tramp.so
# ** Note: (vsim-3813) Design is being optimized due to module recompilation...
# ** Warning: ./../testcases/uart_txd_x16_parity.sv(20): (vopt-2240) Treating stand-alone use of function 'randomize' as an implicit VOID cast.
# ** Warning: ./../testcases/uart_txd_x16_data_frame.sv(20): (vopt-2240) Treating stand-alone use of function 'randomize' as an implicit VOID cast.
# ** Warning: ./../testcases/uart_txd_x16_stop_bit.sv(20): (vopt-2240) Treating stand-alone use of function 'randomize' as an implicit VOID cast.
# ** Warning: ./../testcases/uart_txd_x16_baud_rate.sv(22): (vopt-2240) Treating stand-alone use of function 'randomize' as an implicit VOID cast.
# ** Warning: ./../testcases/uart_txd_x16_random.sv(26): (vopt-2240) Treating stand-alone use of function 'randomize' as an implicit VOID cast.
# //  Questa Sim-64
# //  Version 10.6d_1 linux_x86_64 Apr 11 2018
# //
# //  Copyright 1991-2018 Mentor Graphics Corporation
# //  All Rights Reserved.
# //
# //  QuestaSim and its associated documentation contain trade
# //  secrets and commercial or financial information that are the property of
# //  Mentor Graphics Corporation and are privileged, confidential,
# //  and exempt from disclosure under the Freedom of Information Act,
# //  5 U.S.C. Section 552. Furthermore, this information
# //  is prohibited from disclosure under the Trade Secrets Act,
# //  18 U.S.C. Section 1905.
# //
# Loading sv_std.std
# Loading work.uart_if(fast)
# Loading work.ahb_if(fast)
# Loading work.uvm_pkg(fast)
# Loading work.uart_register_pkg(fast)
# ** Note: (vsim-8785) UVM-aware debugging capabilities will be disabled since no compiled "questa_uvm_pkg" can be found.
# This also means that later if you turn on UVM-aware debugging your debug simulations may have
# different random seeds from your non-debug simulations.
# Loading work.ahb_pkg(fast)
# Loading work.uart_regmodel_pkg(fast)
# Loading work.uart_pkg(fast)
# Loading work.seq_pkg(fast)
# Loading work.env_pkg(fast)
# Loading work.test_pkg(fast)
# Loading work.testbench(fast)
# Loading work.ahb_if(fast)
# Loading work.uart_if(fast)
# Loading work.uart_top(fast)
# Loading work.cmsdk_ahb_to_apb(fast)
# Loading work.apb_decoder(fast)
# Loading work.uart_fifo(fast)
# Loading work.uart_transmitter(fast)
# Loading work.uart_receiver(fast)
# Loading work.uart_interrupt(fast)
# Loading work.baud_generator(fast)
# Compiling /tmp/khaminh_3008@ictc-eda-ldap.ipa.test_dpi_43134/linux_x86_64_gcc-5.3.0/exportwrapper.c
# Compiling /tmp/khaminh_3008@ictc-eda-ldap.ipa.test_dpi_43134/linux_x86_64_gcc-11/exportwrapper.c
# Loading /tmp/khaminh_3008@ictc-eda-ldap.ipa.test_dpi_43134/linux_x86_64_gcc-11/vsim_auto_compile.so
#  log -r /*
# run -all
# UVM_INFO /ictc/other/tools/QuestaDVA/questasim/verilog_src/uvm-1.2/src/base/uvm_root.svh(392) @ 0: reporter [UVM/RELNOTES] 
# ----------------------------------------------------------------
# UVM-1.2
# (C) 2007-2014 Mentor Graphics Corporation
# (C) 2007-2014 Cadence Design Systems, Inc.
# (C) 2006-2014 Synopsys, Inc.
# (C) 2011-2013 Cypress Semiconductor Corp.
# (C) 2013-2014 NVIDIA Corporation
# ----------------------------------------------------------------
# 
#   ***********       IMPORTANT RELEASE NOTES         ************
# 
#   You are using a version of the UVM library that has been compiled
#   with `UVM_NO_DEPRECATED undefined.
#   See http://www.eda.org/svdb/view.php?id=3313 for more details.
# 
#   You are using a version of the UVM library that has been compiled
#   with `UVM_OBJECT_DO_NOT_NEED_CONSTRUCTOR undefined.
#   See http://www.eda.org/svdb/view.php?id=3770 for more details.
# 
#       (Specify +UVM_NO_RELNOTES to turn off this notice)
# 
# UVM_INFO /ictc/other/tools/QuestaDVA/questasim/verilog_src/uvm-1.2/src/base/uvm_root.svh(453) @ 0: reporter [NO_DPI_TSTNAME] UVM_NO_DPI defined--getting UVM_TESTNAME directly, without DPI
# UVM_INFO @ 0: reporter [RNTST] Running test uart_txd_x16_random...
# UVM_INFO ./../vip/ahb_vip/ahb_agent.sv(20) @ 0: uvm_test_top.env.ahb_agt [ahb_agent] Active agent is configued
# UVM_INFO ./../vip/uart_vip/uart_agent.sv(25) @ 0: uvm_test_top.env.uart_agt [uart_agent] Active agent is configured
# UVM_INFO /ictc/other/tools/QuestaDVA/questasim/verilog_src/uvm-1.2/src/base/uvm_root.svh(579) @ 0: reporter [UVMTOP] UVM testbench topology:
# ----------------------------------------------------------------------------
# Name                       Type                                  Size  Value
# ----------------------------------------------------------------------------
# uvm_test_top               uart_txd_x16_random                   -     @347 
#   env                      dut_environment                       -     @371 
#     ahb_agt                ahb_agent                             -     @392 
#       driver               ahb_driver                            -     @499 
#         rsp_port           uvm_analysis_port                     -     @518 
#         seq_item_port      uvm_seq_item_pull_port                -     @508 
#       monitor              ahb_monitor                           -     @665 
#         a_port             uvm_analysis_port                     -     @674 
#       sequencer            ahb_sequencer                         -     @528 
#         rsp_export         uvm_analysis_export                   -     @537 
#         seq_item_export    uvm_seq_item_pull_imp                 -     @655 
#         arbitration_queue  array                                 0     -    
#         lock_queue         array                                 0     -    
#         num_last_reqs      integral                              32    'd1  
#         num_last_rsps      integral                              32    'd1  
#     ahb_predictor          uvm_reg_predictor #(ahb_transaction)  -     @410 
#       bus_in               uvm_analysis_imp                      -     @419 
#       reg_ap               uvm_analysis_port                     -     @429 
#     dut_sb                 dut_scoreboard                        -     @383 
#       ahb_a_export         uvm_analysis_imp_ahb                  -     @694 
#       uart_a_export        uvm_analysis_imp_uart                 -     @704 
#     uart_agt               uart_agent                            -     @401 
#       driver               uart_driver                           -     @720 
#         rsp_port           uvm_analysis_port                     -     @739 
#         seq_item_port      uvm_seq_item_pull_port                -     @729 
#         uart_a_port        uvm_analysis_port                     -     @749 
#       monitor              uart_monitor                          -     @759 
#         uart_a_port        uvm_analysis_port                     -     @768 
#       sequencer            uart_sequencer                        -     @778 
#         rsp_export         uvm_analysis_export                   -     @787 
#         seq_item_export    uvm_seq_item_pull_imp                 -     @905 
#         arbitration_queue  array                                 0     -    
#         lock_queue         array                                 0     -    
#         num_last_reqs      integral                              32    'd1  
#         num_last_rsps      integral                              32    'd1  
# ----------------------------------------------------------------------------
# 
# UVM_INFO /ictc/other/tools/QuestaDVA/questasim/verilog_src/uvm-1.2/src/base/uvm_traversal.svh(279) @ 0: reporter [UVM/COMP/NAMECHECK] This implementation of the component name checks requires DPI to be enabled
# UVM_INFO ./../testcases/uart_txd_x16_random.sv(35) @ 0: uvm_test_top [uart_txd_x16_random] --------------------------------------------------------------
# Name                Type                Size  Value           
# --------------------------------------------------------------
# cfg                 uart_configuration  -     @360            
#   parity_mode       parity_mode_e       32    UART_PARITY_NONE
#   sampling          sampling_mode_e     32    MODE_X16        
#   data_width        integral            32    'h5             
#   num_of_stop_bit   integral            32    'h1             
#   baud_rate         integral            32    'h960           
#   baud_rate_enable  integral            1     'h1             
#   parity_enable     integral            1     'h0             
# --------------------------------------------------------------
# 
# UVM_INFO ./../regmodel/uart_reg2ahb_adapter.sv(42) @ 0: reporter [uart_reg2ahb_adapter] bus2reg: address = 0x0 data = 0x0 kind = UVM_WRITE status = UVM_IS_OK
# UVM_INFO /ictc/other/tools/QuestaDVA/questasim/verilog_src/uvm-1.2/src/reg/uvm_reg_predictor.svh(221) @ 0: uvm_test_top.env.ahb_predictor [REG_PREDICT] Observed WRITE transaction to register regmodel.MDR: value='h0 : updated value = 'h0
# UVM_INFO ./../regmodel/uart_reg2ahb_adapter.sv(42) @ 0: reporter [uart_reg2ahb_adapter] bus2reg: address = 0x4 data = 0x2c kind = UVM_WRITE status = UVM_IS_OK
# UVM_INFO /ictc/other/tools/QuestaDVA/questasim/verilog_src/uvm-1.2/src/reg/uvm_reg_predictor.svh(221) @ 0: uvm_test_top.env.ahb_predictor [REG_PREDICT] Observed WRITE transaction to register regmodel.DLL: value='h2c : updated value = 'h2c
# UVM_INFO ./../regmodel/uart_reg2ahb_adapter.sv(42) @ 0: reporter [uart_reg2ahb_adapter] bus2reg: address = 0x8 data = 0xa kind = UVM_WRITE status = UVM_IS_OK
# UVM_INFO /ictc/other/tools/QuestaDVA/questasim/verilog_src/uvm-1.2/src/reg/uvm_reg_predictor.svh(221) @ 0: uvm_test_top.env.ahb_predictor [REG_PREDICT] Observed WRITE transaction to register regmodel.DLH: value='ha : updated value = 'ha
# UVM_INFO ./../regmodel/uart_reg2ahb_adapter.sv(42) @ 0: reporter [uart_reg2ahb_adapter] bus2reg: address = 0xc data = 0x20 kind = UVM_WRITE status = UVM_IS_OK
# UVM_INFO /ictc/other/tools/QuestaDVA/questasim/verilog_src/uvm-1.2/src/reg/uvm_reg_predictor.svh(221) @ 0: uvm_test_top.env.ahb_predictor [REG_PREDICT] Observed WRITE transaction to register regmodel.LCR: value='h20 : updated value = 'h20
# UVM_INFO ./../regmodel/uart_reg2ahb_adapter.sv(42) @ 1000: reporter [uart_reg2ahb_adapter] bus2reg: address = 0x18 data = 0x33f9e439 kind = UVM_WRITE status = UVM_IS_OK
# UVM_INFO /ictc/other/tools/QuestaDVA/questasim/verilog_src/uvm-1.2/src/reg/uvm_reg_predictor.svh(221) @ 1000: uvm_test_top.env.ahb_predictor [REG_PREDICT] Observed WRITE transaction to register regmodel.TBR: value='h33f9e439 : updated value = 'h39
# UVM_INFO ./../tb/dut_scoreboard.sv(50) @ 1000: uvm_test_top.env.dut_sb [SCOREBOARD] 
# ===== Captured data from AHB: 0x33f9e439
# UVM_INFO ./../vip/uart_vip/uart_monitor.sv(95) @ 886000: uvm_test_top.env.uart_agt.monitor [uart_monitor] 
# ===== Baud rate actual is       2401, Baud rate expected is       2400 =====
# UVM_INFO ./../vip/uart_vip/uart_monitor.sv(181) @ 5467000: uvm_test_top.env.uart_agt.monitor [uart_monitor] Data read from DUT is ------------------------------------------
# Name         Type              Size  Value
# ------------------------------------------
# trans        uart_transaction  -     @952 
#   direction  direction_e       32    RX   
#   data       integral          9     'h19 
#   parity     integral          1     'h0  
#   stop_bit   integral          2     'h1  
#   baud_rate  integral          32    'h0  
# ------------------------------------------
# 
# UVM_INFO ./../tb/dut_scoreboard.sv(58) @ 5467000: uvm_test_top.env.dut_sb [SCOREBOARD] 
# ===== Captured data from UART: 0x19
# UVM_INFO ./../tb/dut_scoreboard.sv(71) @ 5467000: uvm_test_top.env.dut_sb [dut_scoreboard] 
# 
# =====[UART TXD] Data comparison =====
# 
# UVM_INFO ./../tb/dut_scoreboard.sv(79) @ 5467000: uvm_test_top.env.dut_sb [dut_scoreboard] 
# =====[DATA FRAME: 5] PASSED SUCCESSFULLY!!! =====
# UVM_INFO ./../tb/dut_scoreboard.sv(82) @ 5467000: uvm_test_top.env.dut_sb [dut_scoreboard] 
# 
# =====[UART TXD] Parity comparison =====
# 
# UVM_INFO ./../tb/dut_scoreboard.sv(88) @ 5467000: uvm_test_top.env.dut_sb [dut_scoreboard] 
# =====[PARITY MODE: 0] PASSED SUCCESSFULLY!!! =====
# UVM_INFO ./../testcases/uart_txd_x16_random.sv(35) @ 10001000: uvm_test_top [uart_txd_x16_random] --------------------------------------------------------------
# Name                Type                Size  Value           
# --------------------------------------------------------------
# cfg                 uart_configuration  -     @360            
#   parity_mode       parity_mode_e       32    UART_PARITY_NONE
#   sampling          sampling_mode_e     32    MODE_X16        
#   data_width        integral            32    'h5             
#   num_of_stop_bit   integral            32    'h1             
#   baud_rate         integral            32    'h12c0          
#   baud_rate_enable  integral            1     'h1             
#   parity_enable     integral            1     'h0             
# --------------------------------------------------------------
# 
# UVM_INFO ./../regmodel/uart_reg2ahb_adapter.sv(42) @ 10001000: reporter [uart_reg2ahb_adapter] bus2reg: address = 0x0 data = 0x0 kind = UVM_WRITE status = UVM_IS_OK
# UVM_INFO /ictc/other/tools/QuestaDVA/questasim/verilog_src/uvm-1.2/src/reg/uvm_reg_predictor.svh(221) @ 10001000: uvm_test_top.env.ahb_predictor [REG_PREDICT] Observed WRITE transaction to register regmodel.MDR: value='h0 : updated value = 'h0
# UVM_INFO ./../regmodel/uart_reg2ahb_adapter.sv(42) @ 10001000: reporter [uart_reg2ahb_adapter] bus2reg: address = 0x4 data = 0x16 kind = UVM_WRITE status = UVM_IS_OK
# UVM_INFO /ictc/other/tools/QuestaDVA/questasim/verilog_src/uvm-1.2/src/reg/uvm_reg_predictor.svh(221) @ 10001000: uvm_test_top.env.ahb_predictor [REG_PREDICT] Observed WRITE transaction to register regmodel.DLL: value='h16 : updated value = 'h16
# UVM_INFO ./../regmodel/uart_reg2ahb_adapter.sv(42) @ 10001000: reporter [uart_reg2ahb_adapter] bus2reg: address = 0x8 data = 0x5 kind = UVM_WRITE status = UVM_IS_OK
# UVM_INFO /ictc/other/tools/QuestaDVA/questasim/verilog_src/uvm-1.2/src/reg/uvm_reg_predictor.svh(221) @ 10001000: uvm_test_top.env.ahb_predictor [REG_PREDICT] Observed WRITE transaction to register regmodel.DLH: value='h5 : updated value = 'h5
# UVM_INFO ./../regmodel/uart_reg2ahb_adapter.sv(42) @ 10001000: reporter [uart_reg2ahb_adapter] bus2reg: address = 0xc data = 0x20 kind = UVM_WRITE status = UVM_IS_OK
# UVM_INFO /ictc/other/tools/QuestaDVA/questasim/verilog_src/uvm-1.2/src/reg/uvm_reg_predictor.svh(221) @ 10001000: uvm_test_top.env.ahb_predictor [REG_PREDICT] Observed WRITE transaction to register regmodel.LCR: value='h20 : updated value = 'h20
# UVM_INFO ./../regmodel/uart_reg2ahb_adapter.sv(42) @ 10001000: reporter [uart_reg2ahb_adapter] bus2reg: address = 0x18 data = 0xf9625ca kind = UVM_WRITE status = UVM_IS_OK
# UVM_INFO /ictc/other/tools/QuestaDVA/questasim/verilog_src/uvm-1.2/src/reg/uvm_reg_predictor.svh(221) @ 10001000: uvm_test_top.env.ahb_predictor [REG_PREDICT] Observed WRITE transaction to register regmodel.TBR: value='hf9625ca : updated value = 'hca
# UVM_INFO ./../tb/dut_scoreboard.sv(50) @ 10001000: uvm_test_top.env.dut_sb [SCOREBOARD] 
# ===== Captured data from AHB: 0xf9625ca
# UVM_INFO ./../vip/uart_vip/uart_monitor.sv(95) @ 10859000: uvm_test_top.env.uart_agt.monitor [uart_monitor] 
# ===== Baud rate actual is       2401, Baud rate expected is       4800 =====
# UVM_INFO ./../vip/uart_vip/uart_monitor.sv(181) @ 12736000: uvm_test_top.env.uart_agt.monitor [uart_monitor] Data read from DUT is ------------------------------------------
# Name         Type              Size  Value
# ------------------------------------------
# trans        uart_transaction  -     @1129
#   direction  direction_e       32    RX   
#   data       integral          9     'ha  
#   parity     integral          1     'h0  
#   stop_bit   integral          2     'h1  
#   baud_rate  integral          32    'h0  
# ------------------------------------------
# 
# UVM_INFO ./../tb/dut_scoreboard.sv(58) @ 12736000: uvm_test_top.env.dut_sb [SCOREBOARD] 
# ===== Captured data from UART: 0xa
# UVM_INFO ./../tb/dut_scoreboard.sv(71) @ 12736000: uvm_test_top.env.dut_sb [dut_scoreboard] 
# 
# =====[UART TXD] Data comparison =====
# 
# UVM_INFO ./../tb/dut_scoreboard.sv(79) @ 12736000: uvm_test_top.env.dut_sb [dut_scoreboard] 
# =====[DATA FRAME: 5] PASSED SUCCESSFULLY!!! =====
# UVM_INFO ./../tb/dut_scoreboard.sv(82) @ 12736000: uvm_test_top.env.dut_sb [dut_scoreboard] 
# 
# =====[UART TXD] Parity comparison =====
# 
# UVM_INFO ./../tb/dut_scoreboard.sv(88) @ 12736000: uvm_test_top.env.dut_sb [dut_scoreboard] 
# =====[PARITY MODE: 0] PASSED SUCCESSFULLY!!! =====
# UVM_INFO ./../testcases/uart_txd_x16_random.sv(35) @ 20001000: uvm_test_top [uart_txd_x16_random] --------------------------------------------------------------
# Name                Type                Size  Value           
# --------------------------------------------------------------
# cfg                 uart_configuration  -     @360            
#   parity_mode       parity_mode_e       32    UART_PARITY_NONE
#   sampling          sampling_mode_e     32    MODE_X16        
#   data_width        integral            32    'h5             
#   num_of_stop_bit   integral            32    'h1             
#   baud_rate         integral            32    'h2580          
#   baud_rate_enable  integral            1     'h1             
#   parity_enable     integral            1     'h0             
# --------------------------------------------------------------
# 
# UVM_INFO ./../regmodel/uart_reg2ahb_adapter.sv(42) @ 20001000: reporter [uart_reg2ahb_adapter] bus2reg: address = 0x0 data = 0x0 kind = UVM_WRITE status = UVM_IS_OK
# UVM_INFO /ictc/other/tools/QuestaDVA/questasim/verilog_src/uvm-1.2/src/reg/uvm_reg_predictor.svh(221) @ 20001000: uvm_test_top.env.ahb_predictor [REG_PREDICT] Observed WRITE transaction to register regmodel.MDR: value='h0 : updated value = 'h0
# UVM_INFO ./../regmodel/uart_reg2ahb_adapter.sv(42) @ 20001000: reporter [uart_reg2ahb_adapter] bus2reg: address = 0x4 data = 0x16 kind = UVM_WRITE status = UVM_IS_OK
# UVM_INFO /ictc/other/tools/QuestaDVA/questasim/verilog_src/uvm-1.2/src/reg/uvm_reg_predictor.svh(221) @ 20001000: uvm_test_top.env.ahb_predictor [REG_PREDICT] Observed WRITE transaction to register regmodel.DLL: value='h16 : updated value = 'h16
# UVM_INFO ./../regmodel/uart_reg2ahb_adapter.sv(42) @ 20001000: reporter [uart_reg2ahb_adapter] bus2reg: address = 0x8 data = 0x5 kind = UVM_WRITE status = UVM_IS_OK
# UVM_INFO /ictc/other/tools/QuestaDVA/questasim/verilog_src/uvm-1.2/src/reg/uvm_reg_predictor.svh(221) @ 20001000: uvm_test_top.env.ahb_predictor [REG_PREDICT] Observed WRITE transaction to register regmodel.DLH: value='h5 : updated value = 'h5
# UVM_INFO ./../regmodel/uart_reg2ahb_adapter.sv(42) @ 20001000: reporter [uart_reg2ahb_adapter] bus2reg: address = 0xc data = 0x20 kind = UVM_WRITE status = UVM_IS_OK
# UVM_INFO /ictc/other/tools/QuestaDVA/questasim/verilog_src/uvm-1.2/src/reg/uvm_reg_predictor.svh(221) @ 20001000: uvm_test_top.env.ahb_predictor [REG_PREDICT] Observed WRITE transaction to register regmodel.LCR: value='h20 : updated value = 'h20
# UVM_INFO ./../regmodel/uart_reg2ahb_adapter.sv(42) @ 20001000: reporter [uart_reg2ahb_adapter] bus2reg: address = 0x18 data = 0x7d0b6a55 kind = UVM_WRITE status = UVM_IS_OK
# UVM_INFO /ictc/other/tools/QuestaDVA/questasim/verilog_src/uvm-1.2/src/reg/uvm_reg_predictor.svh(221) @ 20001000: uvm_test_top.env.ahb_predictor [REG_PREDICT] Observed WRITE transaction to register regmodel.TBR: value='h7d0b6a55 : updated value = 'h55
# UVM_INFO ./../tb/dut_scoreboard.sv(50) @ 20001000: uvm_test_top.env.dut_sb [SCOREBOARD] 
# ===== Captured data from AHB: 0x7d0b6a55
# UVM_INFO ./../vip/uart_vip/uart_monitor.sv(95) @ 20442000: uvm_test_top.env.uart_agt.monitor [uart_monitor] 
# ===== Baud rate actual is       4796, Baud rate expected is       9600 =====
# UVM_INFO ./../vip/uart_vip/uart_monitor.sv(181) @ 21377000: uvm_test_top.env.uart_agt.monitor [uart_monitor] Data read from DUT is ------------------------------------------
# Name         Type              Size  Value
# ------------------------------------------
# trans        uart_transaction  -     @1263
#   direction  direction_e       32    RX   
#   data       integral          9     'h6  
#   parity     integral          1     'h0  
#   stop_bit   integral          2     'h1  
#   baud_rate  integral          32    'h0  
# ------------------------------------------
# 
# UVM_INFO ./../tb/dut_scoreboard.sv(58) @ 21377000: uvm_test_top.env.dut_sb [SCOREBOARD] 
# ===== Captured data from UART: 0x6
# UVM_INFO ./../tb/dut_scoreboard.sv(71) @ 21377000: uvm_test_top.env.dut_sb [dut_scoreboard] 
# 
# =====[UART TXD] Data comparison =====
# 
# UVM_ERROR ./../tb/dut_scoreboard.sv(76) @ 21377000: uvm_test_top.env.dut_sb [dut_scoreboard] 
# =====[DATA FRAME: 5] FAILED!!! Expected value is 0x15, Actual data is 0x6 =====
# UVM_INFO ./../tb/dut_scoreboard.sv(82) @ 21377000: uvm_test_top.env.dut_sb [dut_scoreboard] 
# 
# =====[UART TXD] Parity comparison =====
# 
# UVM_INFO ./../tb/dut_scoreboard.sv(88) @ 21377000: uvm_test_top.env.dut_sb [dut_scoreboard] 
# =====[PARITY MODE: 0] PASSED SUCCESSFULLY!!! =====
# UVM_INFO ./../vip/uart_vip/uart_monitor.sv(181) @ 23044000: uvm_test_top.env.uart_agt.monitor [uart_monitor] Data read from DUT is ------------------------------------------
# Name         Type              Size  Value
# ------------------------------------------
# trans        uart_transaction  -     @1397
#   direction  direction_e       32    RX   
#   data       integral          9     'h1e 
#   parity     integral          1     'h0  
#   stop_bit   integral          2     'h1  
#   baud_rate  integral          32    'h0  
# ------------------------------------------
# 
# UVM_INFO ./../tb/dut_scoreboard.sv(58) @ 23044000: uvm_test_top.env.dut_sb [SCOREBOARD] 
# ===== Captured data from UART: 0x1e
# UVM_INFO ./../testcases/uart_txd_x16_random.sv(35) @ 30001000: uvm_test_top [uart_txd_x16_random] --------------------------------------------------------------
# Name                Type                Size  Value           
# --------------------------------------------------------------
# cfg                 uart_configuration  -     @360            
#   parity_mode       parity_mode_e       32    UART_PARITY_NONE
#   sampling          sampling_mode_e     32    MODE_X16        
#   data_width        integral            32    'h5             
#   num_of_stop_bit   integral            32    'h1             
#   baud_rate         integral            32    'h4b00          
#   baud_rate_enable  integral            1     'h1             
#   parity_enable     integral            1     'h0             
# --------------------------------------------------------------
# 
# UVM_INFO ./../regmodel/uart_reg2ahb_adapter.sv(42) @ 30001000: reporter [uart_reg2ahb_adapter] bus2reg: address = 0x0 data = 0x0 kind = UVM_WRITE status = UVM_IS_OK
# UVM_INFO /ictc/other/tools/QuestaDVA/questasim/verilog_src/uvm-1.2/src/reg/uvm_reg_predictor.svh(221) @ 30001000: uvm_test_top.env.ahb_predictor [REG_PREDICT] Observed WRITE transaction to register regmodel.MDR: value='h0 : updated value = 'h0
# UVM_INFO ./../regmodel/uart_reg2ahb_adapter.sv(42) @ 30001000: reporter [uart_reg2ahb_adapter] bus2reg: address = 0x4 data = 0x45 kind = UVM_WRITE status = UVM_IS_OK
# UVM_INFO /ictc/other/tools/QuestaDVA/questasim/verilog_src/uvm-1.2/src/reg/uvm_reg_predictor.svh(221) @ 30001000: uvm_test_top.env.ahb_predictor [REG_PREDICT] Observed WRITE transaction to register regmodel.DLL: value='h45 : updated value = 'h45
# UVM_INFO ./../regmodel/uart_reg2ahb_adapter.sv(42) @ 30002000: reporter [uart_reg2ahb_adapter] bus2reg: address = 0x8 data = 0x1 kind = UVM_WRITE status = UVM_IS_OK
# UVM_INFO /ictc/other/tools/QuestaDVA/questasim/verilog_src/uvm-1.2/src/reg/uvm_reg_predictor.svh(221) @ 30002000: uvm_test_top.env.ahb_predictor [REG_PREDICT] Observed WRITE transaction to register regmodel.DLH: value='h1 : updated value = 'h1
# UVM_INFO ./../regmodel/uart_reg2ahb_adapter.sv(42) @ 30002000: reporter [uart_reg2ahb_adapter] bus2reg: address = 0xc data = 0x20 kind = UVM_WRITE status = UVM_IS_OK
# UVM_INFO /ictc/other/tools/QuestaDVA/questasim/verilog_src/uvm-1.2/src/reg/uvm_reg_predictor.svh(221) @ 30002000: uvm_test_top.env.ahb_predictor [REG_PREDICT] Observed WRITE transaction to register regmodel.LCR: value='h20 : updated value = 'h20
# UVM_INFO ./../regmodel/uart_reg2ahb_adapter.sv(42) @ 30002000: reporter [uart_reg2ahb_adapter] bus2reg: address = 0x18 data = 0xa8122517 kind = UVM_WRITE status = UVM_IS_OK
# UVM_INFO /ictc/other/tools/QuestaDVA/questasim/verilog_src/uvm-1.2/src/reg/uvm_reg_predictor.svh(221) @ 30002000: uvm_test_top.env.ahb_predictor [REG_PREDICT] Observed WRITE transaction to register regmodel.TBR: value='ha8122517 : updated value = 'h17
# UVM_INFO ./../tb/dut_scoreboard.sv(50) @ 30002000: uvm_test_top.env.dut_sb [SCOREBOARD] 
# ===== Captured data from AHB: 0xa8122517
# UVM_INFO ./../tb/dut_scoreboard.sv(71) @ 30002000: uvm_test_top.env.dut_sb [dut_scoreboard] 
# 
# =====[UART TXD] Data comparison =====
# 
# UVM_ERROR ./../tb/dut_scoreboard.sv(76) @ 30002000: uvm_test_top.env.dut_sb [dut_scoreboard] 
# =====[DATA FRAME: 5] FAILED!!! Expected value is 0x17, Actual data is 0x1e =====
# UVM_INFO ./../tb/dut_scoreboard.sv(82) @ 30002000: uvm_test_top.env.dut_sb [dut_scoreboard] 
# 
# =====[UART TXD] Parity comparison =====
# 
# UVM_INFO ./../tb/dut_scoreboard.sv(88) @ 30002000: uvm_test_top.env.dut_sb [dut_scoreboard] 
# =====[PARITY MODE: 0] PASSED SUCCESSFULLY!!! =====
# UVM_INFO ./../vip/uart_vip/uart_monitor.sv(95) @ 30109000: uvm_test_top.env.uart_agt.monitor [uart_monitor] 
# ===== Baud rate actual is      19231, Baud rate expected is      19200 =====
# UVM_INFO ./../vip/uart_vip/uart_monitor.sv(181) @ 30681000: uvm_test_top.env.uart_agt.monitor [uart_monitor] Data read from DUT is ------------------------------------------
# Name         Type              Size  Value
# ------------------------------------------
# trans        uart_transaction  -     @1405
#   direction  direction_e       32    RX   
#   data       integral          9     'h17 
#   parity     integral          1     'h0  
#   stop_bit   integral          2     'h1  
#   baud_rate  integral          32    'h0  
# ------------------------------------------
# 
# UVM_INFO ./../tb/dut_scoreboard.sv(58) @ 30681000: uvm_test_top.env.dut_sb [SCOREBOARD] 
# ===== Captured data from UART: 0x17
# UVM_INFO ./../testcases/uart_txd_x16_random.sv(35) @ 40002000: uvm_test_top [uart_txd_x16_random] --------------------------------------------------------------
# Name                Type                Size  Value           
# --------------------------------------------------------------
# cfg                 uart_configuration  -     @360            
#   parity_mode       parity_mode_e       32    UART_PARITY_NONE
#   sampling          sampling_mode_e     32    MODE_X16        
#   data_width        integral            32    'h5             
#   num_of_stop_bit   integral            32    'h1             
#   baud_rate         integral            32    'h9600          
#   baud_rate_enable  integral            1     'h1             
#   parity_enable     integral            1     'h0             
# --------------------------------------------------------------
# 
# UVM_INFO ./../regmodel/uart_reg2ahb_adapter.sv(42) @ 40002000: reporter [uart_reg2ahb_adapter] bus2reg: address = 0x0 data = 0x0 kind = UVM_WRITE status = UVM_IS_OK
# UVM_INFO /ictc/other/tools/QuestaDVA/questasim/verilog_src/uvm-1.2/src/reg/uvm_reg_predictor.svh(221) @ 40002000: uvm_test_top.env.ahb_predictor [REG_PREDICT] Observed WRITE transaction to register regmodel.MDR: value='h0 : updated value = 'h0
# UVM_INFO ./../regmodel/uart_reg2ahb_adapter.sv(42) @ 40002000: reporter [uart_reg2ahb_adapter] bus2reg: address = 0x4 data = 0xa4 kind = UVM_WRITE status = UVM_IS_OK
# UVM_INFO /ictc/other/tools/QuestaDVA/questasim/verilog_src/uvm-1.2/src/reg/uvm_reg_predictor.svh(221) @ 40002000: uvm_test_top.env.ahb_predictor [REG_PREDICT] Observed WRITE transaction to register regmodel.DLL: value='ha4 : updated value = 'ha4
# UVM_INFO ./../regmodel/uart_reg2ahb_adapter.sv(42) @ 40002000: reporter [uart_reg2ahb_adapter] bus2reg: address = 0x8 data = 0x0 kind = UVM_WRITE status = UVM_IS_OK
# UVM_INFO /ictc/other/tools/QuestaDVA/questasim/verilog_src/uvm-1.2/src/reg/uvm_reg_predictor.svh(221) @ 40002000: uvm_test_top.env.ahb_predictor [REG_PREDICT] Observed WRITE transaction to register regmodel.DLH: value='h0 : updated value = 'h0
# UVM_INFO ./../regmodel/uart_reg2ahb_adapter.sv(42) @ 40002000: reporter [uart_reg2ahb_adapter] bus2reg: address = 0xc data = 0x20 kind = UVM_WRITE status = UVM_IS_OK
# UVM_INFO /ictc/other/tools/QuestaDVA/questasim/verilog_src/uvm-1.2/src/reg/uvm_reg_predictor.svh(221) @ 40002000: uvm_test_top.env.ahb_predictor [REG_PREDICT] Observed WRITE transaction to register regmodel.LCR: value='h20 : updated value = 'h20
# UVM_INFO ./../regmodel/uart_reg2ahb_adapter.sv(42) @ 40002000: reporter [uart_reg2ahb_adapter] bus2reg: address = 0x18 data = 0x3505dc5a kind = UVM_WRITE status = UVM_IS_OK
# UVM_INFO /ictc/other/tools/QuestaDVA/questasim/verilog_src/uvm-1.2/src/reg/uvm_reg_predictor.svh(221) @ 40002000: uvm_test_top.env.ahb_predictor [REG_PREDICT] Observed WRITE transaction to register regmodel.TBR: value='h3505dc5a : updated value = 'h5a
# UVM_INFO ./../tb/dut_scoreboard.sv(50) @ 40002000: uvm_test_top.env.dut_sb [SCOREBOARD] 
# ===== Captured data from AHB: 0x3505dc5a
# UVM_INFO ./../tb/dut_scoreboard.sv(71) @ 40002000: uvm_test_top.env.dut_sb [dut_scoreboard] 
# 
# =====[UART TXD] Data comparison =====
# 
# UVM_ERROR ./../tb/dut_scoreboard.sv(76) @ 40002000: uvm_test_top.env.dut_sb [dut_scoreboard] 
# =====[DATA FRAME: 5] FAILED!!! Expected value is 0x1a, Actual data is 0x17 =====
# UVM_INFO ./../tb/dut_scoreboard.sv(82) @ 40002000: uvm_test_top.env.dut_sb [dut_scoreboard] 
# 
# =====[UART TXD] Parity comparison =====
# 
# UVM_INFO ./../tb/dut_scoreboard.sv(88) @ 40002000: uvm_test_top.env.dut_sb [dut_scoreboard] 
# =====[PARITY MODE: 0] PASSED SUCCESSFULLY!!! =====
# UVM_INFO ./../vip/uart_vip/uart_monitor.sv(95) @ 41415000: uvm_test_top.env.uart_agt.monitor [uart_monitor] 
# ===== Baud rate actual is      19048, Baud rate expected is      38400 =====
# UVM_INFO ./../vip/uart_vip/uart_monitor.sv(181) @ 41648000: uvm_test_top.env.uart_agt.monitor [uart_monitor] Data read from DUT is ------------------------------------------
# Name         Type              Size  Value
# ------------------------------------------
# trans        uart_transaction  -     @1539
#   direction  direction_e       32    RX   
#   data       integral          9     'h1a 
#   parity     integral          1     'h0  
#   stop_bit   integral          2     'h1  
#   baud_rate  integral          32    'h0  
# ------------------------------------------
# 
# UVM_INFO ./../tb/dut_scoreboard.sv(58) @ 41648000: uvm_test_top.env.dut_sb [SCOREBOARD] 
# ===== Captured data from UART: 0x1a
# UVM_INFO ./../testcases/uart_txd_x16_random.sv(35) @ 50002000: uvm_test_top [uart_txd_x16_random] --------------------------------------------------------------
# Name                Type                Size  Value           
# --------------------------------------------------------------
# cfg                 uart_configuration  -     @360            
#   parity_mode       parity_mode_e       32    UART_PARITY_NONE
#   sampling          sampling_mode_e     32    MODE_X16        
#   data_width        integral            32    'h5             
#   num_of_stop_bit   integral            32    'h1             
#   baud_rate         integral            32    'h12c00         
#   baud_rate_enable  integral            1     'h1             
#   parity_enable     integral            1     'h0             
# --------------------------------------------------------------
# 
# UVM_INFO ./../regmodel/uart_reg2ahb_adapter.sv(42) @ 50002000: reporter [uart_reg2ahb_adapter] bus2reg: address = 0x0 data = 0x0 kind = UVM_WRITE status = UVM_IS_OK
# UVM_INFO /ictc/other/tools/QuestaDVA/questasim/verilog_src/uvm-1.2/src/reg/uvm_reg_predictor.svh(221) @ 50002000: uvm_test_top.env.ahb_predictor [REG_PREDICT] Observed WRITE transaction to register regmodel.MDR: value='h0 : updated value = 'h0
# UVM_INFO ./../regmodel/uart_reg2ahb_adapter.sv(42) @ 50002000: reporter [uart_reg2ahb_adapter] bus2reg: address = 0x4 data = 0x51 kind = UVM_WRITE status = UVM_IS_OK
# UVM_INFO /ictc/other/tools/QuestaDVA/questasim/verilog_src/uvm-1.2/src/reg/uvm_reg_predictor.svh(221) @ 50002000: uvm_test_top.env.ahb_predictor [REG_PREDICT] Observed WRITE transaction to register regmodel.DLL: value='h51 : updated value = 'h51
# UVM_INFO ./../regmodel/uart_reg2ahb_adapter.sv(42) @ 50002000: reporter [uart_reg2ahb_adapter] bus2reg: address = 0x8 data = 0x0 kind = UVM_WRITE status = UVM_IS_OK
# UVM_INFO /ictc/other/tools/QuestaDVA/questasim/verilog_src/uvm-1.2/src/reg/uvm_reg_predictor.svh(221) @ 50002000: uvm_test_top.env.ahb_predictor [REG_PREDICT] Observed WRITE transaction to register regmodel.DLH: value='h0 : updated value = 'h0
# UVM_INFO ./../regmodel/uart_reg2ahb_adapter.sv(42) @ 50002000: reporter [uart_reg2ahb_adapter] bus2reg: address = 0xc data = 0x20 kind = UVM_WRITE status = UVM_IS_OK
# UVM_INFO /ictc/other/tools/QuestaDVA/questasim/verilog_src/uvm-1.2/src/reg/uvm_reg_predictor.svh(221) @ 50002000: uvm_test_top.env.ahb_predictor [REG_PREDICT] Observed WRITE transaction to register regmodel.LCR: value='h20 : updated value = 'h20
# UVM_INFO ./../regmodel/uart_reg2ahb_adapter.sv(42) @ 50003000: reporter [uart_reg2ahb_adapter] bus2reg: address = 0x18 data = 0xc7e49978 kind = UVM_WRITE status = UVM_IS_OK
# UVM_INFO /ictc/other/tools/QuestaDVA/questasim/verilog_src/uvm-1.2/src/reg/uvm_reg_predictor.svh(221) @ 50003000: uvm_test_top.env.ahb_predictor [REG_PREDICT] Observed WRITE transaction to register regmodel.TBR: value='hc7e49978 : updated value = 'h78
# UVM_INFO ./../tb/dut_scoreboard.sv(50) @ 50003000: uvm_test_top.env.dut_sb [SCOREBOARD] 
# ===== Captured data from AHB: 0xc7e49978
# UVM_INFO ./../tb/dut_scoreboard.sv(71) @ 50003000: uvm_test_top.env.dut_sb [dut_scoreboard] 
# 
# =====[UART TXD] Data comparison =====
# 
# UVM_ERROR ./../tb/dut_scoreboard.sv(76) @ 50003000: uvm_test_top.env.dut_sb [dut_scoreboard] 
# =====[DATA FRAME: 5] FAILED!!! Expected value is 0x18, Actual data is 0x1a =====
# UVM_INFO ./../tb/dut_scoreboard.sv(82) @ 50003000: uvm_test_top.env.dut_sb [dut_scoreboard] 
# 
# =====[UART TXD] Parity comparison =====
# 
# UVM_INFO ./../tb/dut_scoreboard.sv(88) @ 50003000: uvm_test_top.env.dut_sb [dut_scoreboard] 
# =====[PARITY MODE: 0] PASSED SUCCESSFULLY!!! =====
# UVM_INFO ./../vip/uart_vip/uart_monitor.sv(95) @ 50107000: uvm_test_top.env.uart_agt.monitor [uart_monitor] 
# ===== Baud rate actual is      19231, Baud rate expected is      76800 =====
# UVM_INFO ./../vip/uart_vip/uart_monitor.sv(181) @ 50172000: uvm_test_top.env.uart_agt.monitor [uart_monitor] Data read from DUT is ------------------------------------------
# Name         Type              Size  Value
# ------------------------------------------
# trans        uart_transaction  -     @1673
#   direction  direction_e       32    RX   
#   data       integral          9     'h18 
#   parity     integral          1     'h0  
#   stop_bit   integral          2     'h1  
#   baud_rate  integral          32    'h0  
# ------------------------------------------
# 
# UVM_INFO ./../tb/dut_scoreboard.sv(58) @ 50172000: uvm_test_top.env.dut_sb [SCOREBOARD] 
# ===== Captured data from UART: 0x18
# UVM_INFO ./../testcases/uart_txd_x16_random.sv(35) @ 60003000: uvm_test_top [uart_txd_x16_random] --------------------------------------------------------------
# Name                Type                Size  Value           
# --------------------------------------------------------------
# cfg                 uart_configuration  -     @360            
#   parity_mode       parity_mode_e       32    UART_PARITY_NONE
#   sampling          sampling_mode_e     32    MODE_X16        
#   data_width        integral            32    'h5             
#   num_of_stop_bit   integral            32    'h1             
#   baud_rate         integral            32    'h1c200         
#   baud_rate_enable  integral            1     'h1             
#   parity_enable     integral            1     'h0             
# --------------------------------------------------------------
# 
# UVM_INFO ./../regmodel/uart_reg2ahb_adapter.sv(42) @ 60003000: reporter [uart_reg2ahb_adapter] bus2reg: address = 0x0 data = 0x0 kind = UVM_WRITE status = UVM_IS_OK
# UVM_INFO /ictc/other/tools/QuestaDVA/questasim/verilog_src/uvm-1.2/src/reg/uvm_reg_predictor.svh(221) @ 60003000: uvm_test_top.env.ahb_predictor [REG_PREDICT] Observed WRITE transaction to register regmodel.MDR: value='h0 : updated value = 'h0
# UVM_INFO ./../regmodel/uart_reg2ahb_adapter.sv(42) @ 60003000: reporter [uart_reg2ahb_adapter] bus2reg: address = 0x4 data = 0x36 kind = UVM_WRITE status = UVM_IS_OK
# UVM_INFO /ictc/other/tools/QuestaDVA/questasim/verilog_src/uvm-1.2/src/reg/uvm_reg_predictor.svh(221) @ 60003000: uvm_test_top.env.ahb_predictor [REG_PREDICT] Observed WRITE transaction to register regmodel.DLL: value='h36 : updated value = 'h36
# UVM_INFO ./../regmodel/uart_reg2ahb_adapter.sv(42) @ 60003000: reporter [uart_reg2ahb_adapter] bus2reg: address = 0x8 data = 0x0 kind = UVM_WRITE status = UVM_IS_OK
# UVM_INFO /ictc/other/tools/QuestaDVA/questasim/verilog_src/uvm-1.2/src/reg/uvm_reg_predictor.svh(221) @ 60003000: uvm_test_top.env.ahb_predictor [REG_PREDICT] Observed WRITE transaction to register regmodel.DLH: value='h0 : updated value = 'h0
# UVM_INFO ./../regmodel/uart_reg2ahb_adapter.sv(42) @ 60003000: reporter [uart_reg2ahb_adapter] bus2reg: address = 0xc data = 0x20 kind = UVM_WRITE status = UVM_IS_OK
# UVM_INFO /ictc/other/tools/QuestaDVA/questasim/verilog_src/uvm-1.2/src/reg/uvm_reg_predictor.svh(221) @ 60003000: uvm_test_top.env.ahb_predictor [REG_PREDICT] Observed WRITE transaction to register regmodel.LCR: value='h20 : updated value = 'h20
# UVM_INFO ./../regmodel/uart_reg2ahb_adapter.sv(42) @ 60003000: reporter [uart_reg2ahb_adapter] bus2reg: address = 0x18 data = 0xe5c4a87 kind = UVM_WRITE status = UVM_IS_OK
# UVM_INFO /ictc/other/tools/QuestaDVA/questasim/verilog_src/uvm-1.2/src/reg/uvm_reg_predictor.svh(221) @ 60003000: uvm_test_top.env.ahb_predictor [REG_PREDICT] Observed WRITE transaction to register regmodel.TBR: value='he5c4a87 : updated value = 'h87
# UVM_INFO ./../tb/dut_scoreboard.sv(50) @ 60003000: uvm_test_top.env.dut_sb [SCOREBOARD] 
# ===== Captured data from AHB: 0xe5c4a87
# UVM_INFO ./../tb/dut_scoreboard.sv(71) @ 60003000: uvm_test_top.env.dut_sb [dut_scoreboard] 
# 
# =====[UART TXD] Data comparison =====
# 
# UVM_ERROR ./../tb/dut_scoreboard.sv(76) @ 60003000: uvm_test_top.env.dut_sb [dut_scoreboard] 
# =====[DATA FRAME: 5] FAILED!!! Expected value is 0x7, Actual data is 0x18 =====
# UVM_INFO ./../tb/dut_scoreboard.sv(82) @ 60003000: uvm_test_top.env.dut_sb [dut_scoreboard] 
# 
# =====[UART TXD] Parity comparison =====
# 
# UVM_INFO ./../tb/dut_scoreboard.sv(88) @ 60003000: uvm_test_top.env.dut_sb [dut_scoreboard] 
# =====[PARITY MODE: 0] PASSED SUCCESSFULLY!!! =====
# UVM_INFO ./../vip/uart_vip/uart_monitor.sv(95) @ 60021000: uvm_test_top.env.uart_agt.monitor [uart_monitor] 
# ===== Baud rate actual is     117647, Baud rate expected is     115200 =====
# UVM_INFO ./../vip/uart_vip/uart_monitor.sv(181) @ 60115000: uvm_test_top.env.uart_agt.monitor [uart_monitor] Data read from DUT is ------------------------------------------
# Name         Type              Size  Value
# ------------------------------------------
# trans        uart_transaction  -     @1807
#   direction  direction_e       32    RX   
#   data       integral          9     'h7  
#   parity     integral          1     'h0  
#   stop_bit   integral          2     'h1  
#   baud_rate  integral          32    'h0  
# ------------------------------------------
# 
# UVM_INFO ./../tb/dut_scoreboard.sv(58) @ 60115000: uvm_test_top.env.dut_sb [SCOREBOARD] 
# ===== Captured data from UART: 0x7
# ** Failure: (vsim-7067) ./../testcases/uart_txd_x16_random.sv(30): Index out of bounds (local::this.baud_rate_a[local::br]) for unpacked array of packed elements in constraint.
#    Time: 70002950 ns  Iteration: 0  Process: /uvm_pkg::uvm_task_phase::execute/#FORK#143(#ublk#215181159#143)_7feff04818c File: ./../testcases/uart_txd_x16_random.sv
# Break in Task test_pkg/uart_txd_x16_random::run_phase at ./../testcases/uart_txd_x16_random.sv line 26
# Stopped at ./../testcases/uart_txd_x16_random.sv line 26
# 
# Break key hit
