# vsim -sv_seed 793950 -coverage -coveranalysis -debugDB -l register_chk_793950.log -voptargs="+acc" -assertdebug -c testbench -do "coverage save -codeAll -cvg -onexit register_chk.ucdb; log -r /*;run -all;" "+register_chk" 
# Start time: 15:57:09 on May 07,2026
# ** Note: (vsim-8009) Loading existing optimized design _opt
# //  Questa Sim-64
# //  Version 10.6d_1 linux_x86_64 Apr 11 2018
# //
# //  Copyright 1991-2018 Mentor Graphics Corporation
# //  All Rights Reserved.
# //
# //  QuestaSim and its associated documentation contain trade
# //  secrets and commercial or financial information that are the property of
# //  Mentor Graphics Corporation and are privileged, confidential,
# //  and exempt from disclosure under the Freedom of Information Act,
# //  5 U.S.C. Section 552. Furthermore, this information
# //  is prohibited from disclosure under the Trade Secrets Act,
# //  18 U.S.C. Section 1905.
# //
# Loading sv_std.std
# Loading work.dut_if(fast)
# Loading work.timer_pkg(fast)
# Loading work.test_pkg(fast)
# Loading work.testbench(fast)
# Loading work.dut_if(fast)
# Loading work.timer_top(fast)
# Loading work.timer_register(fast)
# Loading work.timer_clock_divisor(fast)
# Loading work.timer_counter(fast)
# Loading work.timer_interrupt(fast)
# Break key hit
# ** Note: (vsim-8716) Reusing existing debug database vsim.dbg.
# coverage save -codeAll -cvg -onexit register_chk.ucdb
#  log -r /*
# run -all
# Simulation stop requested.
# Stopped at ../rtl/timer_top.v line 68
# 
