###########################################################
####               ICTC Regression Report              ####
###########################################################
Total testcase run: 2583
Passed            : 2583
Failed            : 0
Unknown           : 0
Used time         : 28s
-----------------------------------------------------------
Run log detail:
log/clk_div_646374.log: => Passed
log/clk_div_646374.log: => Passed
log/clk_div_646374.log: => Passed
log/clk_div_646374.log: => Passed
log/clk_div_646374.log: => Passed
log/clk_div_646374.log: => Passed
log/clk_div_646374.log: => Passed
log/clk_div_646374.log: => Passed
log/clk_div_646374.log: => Passed
log/clk_div_646374.log: => Passed
log/clk_div_646374.log: => Passed
log/clk_div_646374.log: => Passed
log/clk_div_646374.log: => Passed
log/clk_div_646374.log: => Passed
log/clk_div_646374.log: => Passed
log/clk_div_646374.log: => Passed
log/clk_div_646374.log: => Passed
log/clk_div_646374.log: => Passed
log/clk_div_646374.log: => Passed
log/clk_div_646374.log: => Passed
log/clk_div_646374.log: => Passed
log/clk_div_646374.log: => Passed
log/clk_div_646374.log: => Passed
log/clk_div_646374.log: => Passed
log/clk_div_646374.log: => Passed
log/clk_div_646374.log: => Passed
log/clk_div_646374.log: => Passed
log/clk_div_646374.log: => Passed
log/clk_div_646374.log: => Passed
log/clk_div_646374.log: => Passed
log/clk_div_646374.log: => Passed
log/clk_div_646374.log: => Passed
log/clk_div_646374.log: => Passed
log/clk_div_646374.log: => Passed
log/clk_div_646374.log: => Passed
log/clk_div_646374.log: => Passed
log/clk_div_646374.log: => Passed
log/clk_div_646374.log: => Passed
log/clk_div_646374.log: => Passed
log/clk_div_646374.log: => Passed
log/clk_div_646374.log: => Passed
log/clk_div_646374.log: => Passed
log/clk_div_646374.log: => Passed
log/clk_div_646374.log: => Passed
log/clk_div_646374.log: => Passed
log/clk_div_646374.log: => Passed
log/clk_div_646374.log: => Passed
log/clk_div_646374.log: => Passed
log/clk_div_646374.log: => Passed
log/clk_div_646374.log: => Passed
log/clk_div_646374.log: => Passed
log/clk_div_646374.log: => Passed
log/clk_div_646374.log: => Passed
log/clk_div_646374.log: => Passed
log/clk_div_646374.log: => Passed
log/clk_div_646374.log: => Passed
log/clk_div_646374.log: => Passed
log/clk_div_646374.log: => Passed
log/clk_div_646374.log: => Passed
log/clk_div_646374.log: => Passed
log/clk_div_646374.log: => Passed
log/clk_div_646374.log: => Passed
log/clk_div_646374.log: => Passed
log/clk_div_646374.log: => Passed
log/clk_div_646374.log: => Passed
log/clk_div_646374.log: => Passed
log/clk_div_646374.log: => Passed
log/clk_div_646374.log: => Passed
log/clk_div_646374.log: => Passed
log/clk_div_646374.log: => Passed
log/clk_div_646374.log: => Passed
log/clk_div_646374.log: => Passed
log/clk_div_646374.log: => Passed
log/clk_div_646374.log: => Passed
log/clk_div_646374.log: => Passed
log/clk_div_646374.log: => Passed
log/clk_div_646374.log: => Passed
log/clk_div_646374.log: => Passed
log/clk_div_646374.log: => Passed
log/clk_div_646374.log: => Passed
log/clk_div_646374.log: => Passed
log/clk_div_646374.log: => Passed
log/clk_div_646374.log: => Passed
log/clk_div_646374.log: => Passed
log/clk_div_646374.log: => Passed
log/clk_div_646374.log: => Passed
log/clk_div_646374.log: => Passed
log/clk_div_646374.log: => Passed
log/clk_div_646374.log: => Passed
log/clk_div_646374.log: => Passed
log/clk_div_646374.log: => Passed
log/clk_div_646374.log: => Passed
log/clk_div_646374.log: => Passed
log/clk_div_646374.log: => Passed
log/clk_div_646374.log: => Passed
log/clk_div_646374.log: => Passed
log/clk_div_646374.log: => Passed
log/clk_div_646374.log: => Passed
log/clk_div_646374.log: => Passed
log/clk_div_646374.log: => Passed
log/clk_div_646374.log: => Passed
log/clk_div_646374.log: => Passed
log/clk_div_646374.log: => Passed
log/clk_div_646374.log: => Passed
log/clk_div_646374.log: => Passed
log/clk_div_646374.log: => Passed
log/clk_div_646374.log: => Passed
log/clk_div_646374.log: => Passed
log/clk_div_646374.log: => Passed
log/clk_div_646374.log: => Passed
log/clk_div_646374.log: => Passed
log/clk_div_646374.log: => Passed
log/clk_div_646374.log: => Passed
log/clk_div_646374.log: => Passed
log/clk_div_646374.log: => Passed
log/clk_div_646374.log: => Passed
log/clk_div_646374.log: => Passed
log/clk_div_646374.log: => Passed
log/clk_div_646374.log: => Passed
log/clk_div_646374.log: => Passed
log/clk_div_646374.log: => Passed
log/clk_div_646374.log: => Passed
log/clk_div_646374.log: => Passed
log/clk_div_646374.log: => Passed
log/clk_div_646374.log: => Passed
log/clk_div_646374.log: => Passed
log/clk_div_646374.log: => Passed
log/clk_div_646374.log: => Passed
log/clk_div_646374.log: => Passed
log/clk_div_646374.log: => Passed
log/clk_div_646374.log: => Passed
log/clk_div_646374.log: => Passed
log/clk_div_646374.log: => Passed
log/clk_div_646374.log: => Passed
log/clk_div_646374.log: => Passed
log/clk_div_646374.log: => Passed
log/clk_div_646374.log: => Passed
log/clk_div_646374.log: => Passed
log/clk_div_646374.log: => Passed
log/clk_div_646374.log: => Passed
log/clk_div_646374.log: => Passed
log/clk_div_646374.log: => Passed
log/clk_div_646374.log: => Passed
log/clk_div_646374.log: => Passed
log/clk_div_646374.log: => Passed
log/clk_div_646374.log: => Passed
log/clk_div_646374.log: => Passed
log/clk_div_646374.log: => Passed
log/clk_div_646374.log: => Passed
log/clk_div_646374.log: => Passed
log/clk_div_646374.log: => Passed
log/clk_div_646374.log: => Passed
log/clk_div_646374.log: => Passed
log/clk_div_646374.log: => Passed
log/clk_div_646374.log: => Passed
log/clk_div_646374.log: => Passed
log/clk_div_646374.log: => Passed
log/clk_div_646374.log: => Passed
log/clk_div_646374.log: => Passed
log/clk_div_646374.log: => Passed
log/clk_div_646374.log: => Passed
log/clk_div_646374.log: => Passed
log/clk_div_646374.log: => Passed
log/clk_div_646374.log: => Passed
log/clk_div_646374.log: => Passed
log/clk_div_646374.log: => Passed
log/clk_div_646374.log: => Passed
log/clk_div_646374.log: => Passed
log/clk_div_646374.log: => Passed
log/clk_div_646374.log: => Passed
log/clk_div_646374.log: => Passed
log/clk_div_646374.log: => Passed
log/clk_div_646374.log: => Passed
log/clk_div_646374.log: => Passed
log/clk_div_646374.log: => Passed
log/clk_div_646374.log: => Passed
log/clk_div_646374.log: => Passed
log/clk_div_646374.log: => Passed
log/clk_div_646374.log: => Passed
log/clk_div_646374.log: => Passed
log/clk_div_646374.log: => Passed
log/clk_div_646374.log: => Passed
log/clk_div_646374.log: => Passed
log/clk_div_646374.log: => Passed
log/clk_div_646374.log: => Passed
log/clk_div_646374.log: => Passed
log/clk_div_646374.log: => Passed
log/clk_div_646374.log: => Passed
log/clk_div_646374.log: => Passed
log/clk_div_646374.log: => Passed
log/clk_div_646374.log: => Passed
log/clk_div_646374.log: => Passed
log/clk_div_646374.log: => Passed
log/clk_div_646374.log: => Passed
log/clk_div_646374.log: => Passed
log/clk_div_646374.log: => Passed
log/clk_div_646374.log: => Passed
log/clk_div_646374.log: => Passed
log/clk_div_646374.log: => Passed
log/clk_div_646374.log: => Passed
log/clk_div_646374.log: => Passed
log/clk_div_646374.log: => Passed
log/clk_div_646374.log: => Passed
log/clk_div_646374.log: => Passed
log/clk_div_646374.log: => Passed
log/clk_div_646374.log: => Passed
log/clk_div_646374.log: => Passed
log/clk_div_646374.log: => Passed
log/clk_div_646374.log: => Passed
log/clk_div_646374.log: => Passed
log/clk_div_646374.log: => Passed
log/clk_div_646374.log: => Passed
log/clk_div_646374.log: => Passed
log/clk_div_646374.log: => Passed
log/clk_div_646374.log: => Passed
log/clk_div_646374.log: => Passed
log/clk_div_646374.log: => Passed
log/clk_div_646374.log: => Passed
log/clk_div_646374.log: => Passed
log/clk_div_646374.log: => Passed
log/clk_div_646374.log: => Passed
log/clk_div_646374.log: => Passed
log/clk_div_646374.log: => Passed
log/clk_div_646374.log: => Passed
log/clk_div_646374.log: => Passed
log/clk_div_646374.log: => Passed
log/clk_div_646374.log: => Passed
log/clk_div_646374.log: => Passed
log/clk_div_646374.log: => Passed
log/clk_div_646374.log: => Passed
log/clk_div_646374.log: => Passed
log/clk_div_646374.log: => Passed
log/clk_div_646374.log: => Passed
log/clk_div_646374.log: => Passed
log/clk_div_646374.log: => Passed
log/clk_div_646374.log: => Passed
log/clk_div_646374.log: => Passed
log/clk_div_646374.log: => Passed
log/clk_div_646374.log: => Passed
log/clk_div_646374.log: => Passed
log/clk_div_646374.log: => Passed
log/clk_div_646374.log: => Passed
log/clk_div_646374.log: => Passed
log/clk_div_646374.log: => Passed
log/clk_div_646374.log: => Passed
log/clk_div_646374.log: => Passed
log/clk_div_646374.log: => Passed
log/clk_div_646374.log: => Passed
log/clk_div_646374.log: => Passed
log/clk_div_646374.log: => Passed
log/clk_div_646374.log: => Passed
log/clk_div_646374.log: => Passed
log/clk_div_646374.log: => Passed
log/clk_div_646374.log: => Passed
log/clk_div_646374.log: => Passed
log/clk_div_646374.log: => Passed
log/clk_div_646374.log: => Passed
log/clk_div_646374.log: => Passed
log/clk_div_646374.log: => Passed
log/clk_div_646374.log: => Passed
log/clk_div_646374.log: => Passed
log/clk_div_646374.log: => Passed
log/clk_div_646374.log: => Passed
log/clk_div_646374.log: => Passed
log/clk_div_646374.log: => Passed
log/clk_div_646374.log: => Passed
log/clk_div_646374.log: => Passed
log/clk_div_646374.log: => Passed
log/clk_div_646374.log: => Passed
log/clk_div_646374.log: => Passed
log/clk_div_646374.log: => Passed
log/clk_div_646374.log: => Passed
log/clk_div_646374.log: => Passed
log/clk_div_646374.log: => Passed
log/clk_div_646374.log: => Passed
log/clk_div_646374.log: => Passed
log/clk_div_646374.log: => Passed
log/clk_div_646374.log: => Passed
log/clk_div_646374.log: => Passed
log/clk_div_646374.log: => Passed
log/clk_div_646374.log: => Passed
log/clk_div_646374.log: => Passed
log/clk_div_646374.log: => Passed
log/clk_div_646374.log: => Passed
log/clk_div_646374.log: => Passed
log/clk_div_646374.log: => Passed
log/clk_div_646374.log: => Passed
log/clk_div_646374.log: => Passed
log/clk_div_646374.log: => Passed
log/clk_div_646374.log: => Passed
log/clk_div_646374.log: => Passed
log/clk_div_646374.log: => Passed
log/clk_div_646374.log: => Passed
log/clk_div_646374.log: => Passed
log/clk_div_646374.log: => Passed
log/clk_div_646374.log: => Passed
log/clk_div_646374.log: => Passed
log/clk_div_646374.log: => Passed
log/clk_div_646374.log: => Passed
log/clk_div_646374.log: => Passed
log/clk_div_646374.log: => Passed
log/clk_div_646374.log: => Passed
log/clk_div_646374.log: => Passed
log/clk_div_646374.log: => Passed
log/clk_div_646374.log: => Passed
log/clk_div_646374.log: => Passed
log/clk_div_646374.log: => Passed
log/clk_div_646374.log: => Passed
log/clk_div_646374.log: => Passed
log/clk_div_646374.log: => Passed
log/clk_div_646374.log: => Passed
log/clk_div_646374.log: => Passed
log/clk_div_646374.log: => Passed
log/clk_div_646374.log: => Passed
log/clk_div_646374.log: => Passed
log/clk_div_646374.log: => Passed
log/clk_div_646374.log: => Passed
log/clk_div_646374.log: => Passed
log/clk_div_646374.log: => Passed
log/clk_div_646374.log: => Passed
log/clk_div_646374.log: => Passed
log/clk_div_646374.log: => Passed
log/clk_div_646374.log: => Passed
log/clk_div_646374.log: => Passed
log/clk_div_646374.log: => Passed
log/clk_div_646374.log: => Passed
log/clk_div_646374.log: => Passed
log/clk_div_646374.log: => Passed
log/clk_div_646374.log: => Passed
log/clk_div_646374.log: => Passed
log/clk_div_646374.log: => Passed
log/clk_div_646374.log: => Passed
log/clk_div_646374.log: => Passed
log/clk_div_646374.log: => Passed
log/clk_div_646374.log: => Passed
log/clk_div_646374.log: => Passed
log/clk_div_646374.log: => Passed
log/clk_div_646374.log: => Passed
log/clk_div_646374.log: => Passed
log/clk_div_646374.log: => Passed
log/clk_div_646374.log: => Passed
log/clk_div_646374.log: => Passed
log/clk_div_646374.log: => Passed
log/clk_div_646374.log: => Passed
log/clk_div_646374.log: => Passed
log/clk_div_646374.log: => Passed
log/clk_div_646374.log: => Passed
log/clk_div_646374.log: => Passed
log/clk_div_646374.log: => Passed
log/clk_div_646374.log: => Passed
log/clk_div_646374.log: => Passed
log/clk_div_646374.log: => Passed
log/clk_div_646374.log: => Passed
log/clk_div_646374.log: => Passed
log/clk_div_646374.log: => Passed
log/clk_div_646374.log: => Passed
log/clk_div_646374.log: => Passed
log/clk_div_646374.log: => Passed
log/clk_div_646374.log: => Passed
log/clk_div_646374.log: => Passed
log/clk_div_646374.log: => Passed
log/clk_div_646374.log: => Passed
log/clk_div_646374.log: => Passed
log/clk_div_646374.log: => Passed
log/clk_div_646374.log: => Passed
log/clk_div_646374.log: => Passed
log/clk_div_646374.log: => Passed
log/clk_div_646374.log: => Passed
log/clk_div_646374.log: => Passed
log/clk_div_646374.log: => Passed
log/clk_div_646374.log: => Passed
log/clk_div_646374.log: => Passed
log/clk_div_646374.log: => Passed
log/clk_div_646374.log: => Passed
log/clk_div_646374.log: => Passed
log/clk_div_646374.log: => Passed
log/clk_div_646374.log: => Passed
log/clk_div_646374.log: => Passed
log/clk_div_646374.log: => Passed
log/clk_div_646374.log: => Passed
log/clk_div_646374.log: => Passed
log/clk_div_646374.log: => Passed
log/clk_div_646374.log: => Passed
log/clk_div_646374.log: => Passed
log/clk_div_646374.log: => Passed
log/clk_div_646374.log: => Passed
log/clk_div_646374.log: => Passed
log/clk_div_646374.log: => Passed
log/clk_div_646374.log: => Passed
log/clk_div_646374.log: => Passed
log/clk_div_646374.log: => Passed
log/clk_div_646374.log: => Passed
log/clk_div_646374.log: => Passed
log/clk_div_646374.log: => Passed
log/clk_div_646374.log: => Passed
log/clk_div_646374.log: => Passed
log/clk_div_646374.log: => Passed
log/clk_div_646374.log: => Passed
log/clk_div_646374.log: => Passed
log/clk_div_646374.log: => Passed
log/clk_div_646374.log: => Passed
log/clk_div_646374.log: => Passed
log/clk_div_646374.log: => Passed
log/clk_div_646374.log: => Passed
log/clk_div_646374.log: => Passed
log/clk_div_646374.log: => Passed
log/clk_div_646374.log: => Passed
log/clk_div_646374.log: => Passed
log/clk_div_646374.log: => Passed
log/clk_div_646374.log: => Passed
log/clk_div_646374.log: => Passed
log/clk_div_646374.log: => Passed
log/clk_div_646374.log: => Passed
log/clk_div_646374.log: => Passed
log/clk_div_646374.log: => Passed
log/clk_div_646374.log: => Passed
log/clk_div_646374.log: => Passed
log/clk_div_646374.log: => Passed
log/clk_div_646374.log: => Passed
log/clk_div_646374.log: => Passed
log/clk_div_646374.log: => Passed
log/clk_div_646374.log: => Passed
log/clk_div_646374.log: => Passed
log/clk_div_646374.log: => Passed
log/clk_div_646374.log: => Passed
log/clk_div_646374.log: => Passed
log/clk_div_646374.log: => Passed
log/clk_div_646374.log: => Passed
log/clk_div_646374.log: => Passed
log/clk_div_646374.log: => Passed
log/clk_div_646374.log: => Passed
log/clk_div_646374.log: => Passed
log/clk_div_646374.log: => Passed
log/clk_div_646374.log: => Passed
log/clk_div_646374.log: => Passed
log/clk_div_646374.log: => Passed
log/clk_div_646374.log: => Passed
log/clk_div_646374.log: => Passed
log/clk_div_646374.log: => Passed
log/clk_div_646374.log: => Passed
log/clk_div_646374.log: => Passed
log/clk_div_646374.log: => Passed
log/clk_div_646374.log: => Passed
log/clk_div_646374.log: => Passed
log/clk_div_646374.log: => Passed
log/clk_div_646374.log: => Passed
log/clk_div_646374.log: => Passed
log/clk_div_646374.log: => Passed
log/clk_div_646374.log: => Passed
log/clk_div_646374.log: => Passed
log/clk_div_646374.log: => Passed
log/clk_div_646374.log: => Passed
log/clk_div_646374.log: => Passed
log/clk_div_646374.log: => Passed
log/clk_div_646374.log: => Passed
log/clk_div_646374.log: => Passed
log/clk_div_646374.log: => Passed
log/clk_div_646374.log: => Passed
log/clk_div_646374.log: => Passed
log/clk_div_646374.log: => Passed
log/clk_div_646374.log: => Passed
log/clk_div_646374.log: => Passed
log/clk_div_646374.log: => Passed
log/clk_div_646374.log: => Passed
log/clk_div_646374.log: => Passed
log/clk_div_646374.log: => Passed
log/clk_div_646374.log: => Passed
log/clk_div_646374.log: => Passed
log/clk_div_646374.log: => Passed
log/clk_div_646374.log: => Passed
log/clk_div_646374.log: => Passed
log/clk_div_646374.log: => Passed
log/clk_div_646374.log: => Passed
log/clk_div_646374.log: => Passed
log/clk_div_646374.log: => Passed
log/clk_div_646374.log: => Passed
log/clk_div_646374.log: => Passed
log/clk_div_646374.log: => Passed
log/clk_div_646374.log: => Passed
log/clk_div_646374.log: => Passed
log/clk_div_646374.log: => Passed
log/clk_div_646374.log: => Passed
log/clk_div_646374.log: => Passed
log/clk_div_646374.log: => Passed
log/clk_div_646374.log: => Passed
log/clk_div_646374.log: => Passed
log/clk_div_646374.log: => Passed
log/clk_div_646374.log: => Passed
log/clk_div_646374.log: => Passed
log/clk_div_646374.log: => Passed
log/clk_div_646374.log: => Passed
log/clk_div_646374.log: => Passed
log/clk_div_646374.log: => Passed
log/clk_div_646374.log: => Passed
log/clk_div_646374.log: => Passed
log/clk_div_646374.log: => Passed
log/clk_div_646374.log: => Passed
log/clk_div_646374.log: => Passed
log/clk_div_646374.log: => Passed
log/clk_div_646374.log: => Passed
log/clk_div_646374.log: => Passed
log/clk_div_646374.log: => Passed
log/clk_div_646374.log: => Passed
log/clk_div_646374.log: => Passed
log/clk_div_646374.log: => Passed
log/clk_div_646374.log: => Passed
log/clk_div_646374.log: => Passed
log/clk_div_646374.log: => Passed
log/clk_div_646374.log: => Passed
log/clk_div_646374.log: => Passed
log/clk_div_646374.log: => Passed
log/clk_div_646374.log: => Passed
log/clk_div_646374.log: => Passed
log/clk_div_646374.log: => Passed
log/clk_div_646374.log: => Passed
log/clk_div_646374.log: => Passed
log/clk_div_646374.log: => Passed
log/clk_div_646374.log: => Passed
log/clk_div_646374.log: => Passed
log/clk_div_646374.log: => Passed
log/clk_div_646374.log: => Passed
log/clk_div_646374.log: => Passed
log/clk_div_646374.log: => Passed
log/clk_div_646374.log: => Passed
log/clk_div_646374.log: => Passed
log/clk_div_646374.log: => Passed
log/clk_div_646374.log: => Passed
log/clk_div_646374.log: => Passed
log/clk_div_646374.log: => Passed
log/clk_div_646374.log: => Passed
log/clk_div_646374.log: => Passed
log/clk_div_646374.log: => Passed
log/clk_div_646374.log: => Passed
log/clk_div_646374.log: => Passed
log/clk_div_646374.log: => Passed
log/clk_div_646374.log: => Passed
log/clk_div_646374.log: => Passed
log/clk_div_646374.log: => Passed
log/clk_div_646374.log: => Passed
log/clk_div_646374.log: => Passed
log/clk_div_646374.log: => Passed
log/clk_div_646374.log: => Passed
log/clk_div_646374.log: => Passed
log/clk_div_646374.log: => Passed
log/clk_div_646374.log: => Passed
log/clk_div_646374.log: => Passed
log/clk_div_646374.log: => Passed
log/clk_div_646374.log: => Passed
log/clk_div_646374.log: => Passed
log/clk_div_646374.log: => Passed
log/clk_div_646374.log: => Passed
log/clk_div_646374.log: => Passed
log/clk_div_646374.log: => Passed
log/clk_div_646374.log: => Passed
log/clk_div_646374.log: => Passed
log/clk_div_646374.log: => Passed
log/clk_div_646374.log: => Passed
log/clk_div_646374.log: => Passed
log/clk_div_646374.log: => Passed
log/clk_div_646374.log: => Passed
log/clk_div_646374.log: => Passed
log/clk_div_646374.log: => Passed
log/clk_div_646374.log: => Passed
log/clk_div_646374.log: => Passed
log/clk_div_646374.log: => Passed
log/clk_div_646374.log: => Passed
log/clk_div_646374.log: => Passed
log/clk_div_646374.log: => Passed
log/clk_div_646374.log: => Passed
log/clk_div_646374.log: => Passed
log/clk_div_646374.log: => Passed
log/clk_div_646374.log: => Passed
log/clk_div_646374.log: => Passed
log/clk_div_646374.log: => Passed
log/clk_div_646374.log: => Passed
log/clk_div_646374.log: => Passed
log/clk_div_646374.log: => Passed
log/clk_div_646374.log: => Passed
log/clk_div_646374.log: => Passed
log/clk_div_646374.log: => Passed
log/clk_div_646374.log: => Passed
log/clk_div_646374.log: => Passed
log/clk_div_646374.log: => Passed
log/clk_div_646374.log: => Passed
log/clk_div_646374.log: => Passed
log/clk_div_646374.log: => Passed
log/clk_div_646374.log: => Passed
log/clk_div_646374.log: => Passed
log/clk_div_646374.log: => Passed
log/clk_div_646374.log: => Passed
log/clk_div_646374.log: => Passed
log/clk_div_646374.log: => Passed
log/clk_div_646374.log: => Passed
log/clk_div_646374.log: => Passed
log/clk_div_646374.log: => Passed
log/clk_div_646374.log: => Passed
log/clk_div_646374.log: => Passed
log/clk_div_646374.log: => Passed
log/clk_div_646374.log: => Passed
log/clk_div_646374.log: => Passed
log/clk_div_646374.log: => Passed
log/clk_div_646374.log: => Passed
log/clk_div_646374.log: => Passed
log/clk_div_646374.log: => Passed
log/clk_div_646374.log: => Passed
log/clk_div_646374.log: => Passed
log/clk_div_646374.log: => Passed
log/clk_div_646374.log: => Passed
log/clk_div_646374.log: => Passed
log/clk_div_646374.log: => Passed
log/clk_div_646374.log: => Passed
log/clk_div_646374.log: => Passed
log/clk_div_646374.log: => Passed
log/clk_div_646374.log: => Passed
log/clk_div_646374.log: => Passed
log/clk_div_646374.log: => Passed
log/clk_div_646374.log: => Passed
log/clk_div_646374.log: => Passed
log/clk_div_646374.log: => Passed
log/clk_div_646374.log: => Passed
log/clk_div_646374.log: => Passed
log/clk_div_646374.log: => Passed
log/clk_div_646374.log: => Passed
log/clk_div_646374.log: => Passed
log/clk_div_646374.log: => Passed
log/clk_div_646374.log: => Passed
log/clk_div_646374.log: => Passed
log/clk_div_646374.log: => Passed
log/clk_div_646374.log: => Passed
log/clk_div_646374.log: => Passed
log/clk_div_646374.log: => Passed
log/clk_div_646374.log: => Passed
log/clk_div_646374.log: => Passed
log/clk_div_646374.log: => Passed
log/clk_div_646374.log: => Passed
log/clk_div_646374.log: => Passed
log/clk_div_646374.log: => Passed
log/clk_div_646374.log: => Passed
log/clk_div_646374.log: => Passed
log/clk_div_646374.log: => Passed
log/clk_div_646374.log: => Passed
log/clk_div_646374.log: => Passed
log/clk_div_646374.log: => Passed
log/clk_div_646374.log: => Passed
log/clk_div_646374.log: => Passed
log/clk_div_646374.log: => Passed
log/clk_div_646374.log: => Passed
log/clk_div_646374.log: => Passed
log/clk_div_646374.log: => Passed
log/clk_div_646374.log: => Passed
log/clk_div_646374.log: => Passed
log/clk_div_646374.log: => Passed
log/clk_div_646374.log: => Passed
log/clk_div_646374.log: => Passed
log/clk_div_646374.log: => Passed
log/clk_div_646374.log: => Passed
log/clk_div_646374.log: => Passed
log/clk_div_646374.log: => Passed
log/clk_div_646374.log: => Passed
log/clk_div_646374.log: => Passed
log/clk_div_646374.log: => Passed
log/clk_div_646374.log: => Passed
log/clk_div_646374.log: => Passed
log/clk_div_646374.log: => Passed
log/clk_div_646374.log: => Passed
log/clk_div_646374.log: => Passed
log/clk_div_646374.log: => Passed
log/clk_div_646374.log: => Passed
log/clk_div_646374.log: => Passed
log/clk_div_646374.log: => Passed
log/clk_div_646374.log: => Passed
log/clk_div_646374.log: => Passed
log/clk_div_646374.log: => Passed
log/clk_div_646374.log: => Passed
log/clk_div_646374.log: => Passed
log/clk_div_646374.log: => Passed
log/clk_div_646374.log: => Passed
log/clk_div_646374.log: => Passed
log/clk_div_646374.log: => Passed
log/clk_div_646374.log: => Passed
log/clk_div_646374.log: => Passed
log/clk_div_646374.log: => Passed
log/clk_div_646374.log: => Passed
log/clk_div_646374.log: => Passed
log/clk_div_646374.log: => Passed
log/clk_div_646374.log: => Passed
log/clk_div_646374.log: => Passed
log/clk_div_646374.log: => Passed
log/clk_div_646374.log: => Passed
log/clk_div_646374.log: => Passed
log/clk_div_646374.log: => Passed
log/clk_div_646374.log: => Passed
log/clk_div_646374.log: => Passed
log/clk_div_646374.log: => Passed
log/clk_div_646374.log: => Passed
log/clk_div_646374.log: => Passed
log/clk_div_646374.log: => Passed
log/clk_div_646374.log: => Passed
log/clk_div_646374.log: => Passed
log/clk_div_646374.log: => Passed
log/clk_div_646374.log: => Passed
log/clk_div_646374.log: => Passed
log/clk_div_646374.log: => Passed
log/clk_div_646374.log: => Passed
log/clk_div_646374.log: => Passed
log/clk_div_646374.log: => Passed
log/clk_div_646374.log: => Passed
log/clk_div_646374.log: => Passed
log/clk_div_646374.log: => Passed
log/clk_div_646374.log: => Passed
log/clk_div_646374.log: => Passed
log/clk_div_646374.log: => Passed
log/clk_div_646374.log: => Passed
log/clk_div_646374.log: => Passed
log/clk_div_646374.log: => Passed
log/clk_div_646374.log: => Passed
log/clk_div_646374.log: => Passed
log/clk_div_646374.log: => Passed
log/clk_div_646374.log: => Passed
log/clk_div_646374.log: => Passed
log/clk_div_646374.log: => Passed
log/clk_div_646374.log: => Passed
log/clk_div_646374.log: => Passed
log/clk_div_646374.log: => Passed
log/clk_div_646374.log: => Passed
log/clk_div_646374.log: => Passed
log/clk_div_646374.log: => Passed
log/clk_div_646374.log: => Passed
log/clk_div_646374.log: => Passed
log/clk_div_646374.log: => Passed
log/clk_div_646374.log: => Passed
log/clk_div_646374.log: => Passed
log/clk_div_646374.log: => Passed
log/clk_div_646374.log: => Passed
log/clk_div_646374.log: => Passed
log/clk_div_646374.log: => Passed
log/clk_div_646374.log: => Passed
log/clk_div_646374.log: => Passed
log/clk_div_646374.log: => Passed
log/clk_div_646374.log: => Passed
log/clk_div_646374.log: => Passed
log/clk_div_646374.log: => Passed
log/clk_div_646374.log: => Passed
log/clk_div_646374.log: => Passed
log/clk_div_646374.log: => Passed
log/clk_div_646374.log: => Passed
log/clk_div_646374.log: => Passed
log/clk_div_646374.log: => Passed
log/clk_div_646374.log: => Passed
log/clk_div_646374.log: => Passed
log/clk_div_646374.log: => Passed
log/clk_div_646374.log: => Passed
log/clk_div_646374.log: => Passed
log/clk_div_646374.log: => Passed
log/clk_div_646374.log: => Passed
log/clk_div_646374.log: => Passed
log/clk_div_646374.log: => Passed
log/clk_div_646374.log: => Passed
log/clk_div_646374.log: => Passed
log/clk_div_646374.log: => Passed
log/clk_div_646374.log: => Passed
log/clk_div_646374.log: => Passed
log/clk_div_646374.log: => Passed
log/clk_div_646374.log: => Passed
log/clk_div_646374.log: => Passed
log/clk_div_646374.log: => Passed
log/clk_div_646374.log: => Passed
log/clk_div_646374.log: => Passed
log/clk_div_646374.log: => Passed
log/clk_div_646374.log: => Passed
log/clk_div_646374.log: => Passed
log/clk_div_646374.log: => Passed
log/clk_div_646374.log: => Passed
log/clk_div_646374.log: => Passed
log/clk_div_646374.log: => Passed
log/clk_div_646374.log: => Passed
log/clk_div_646374.log: => Passed
log/clk_div_646374.log: => Passed
log/clk_div_646374.log: => Passed
log/clk_div_646374.log: => Passed
log/clk_div_646374.log: => Passed
log/clk_div_646374.log: => Passed
log/clk_div_646374.log: => Passed
log/clk_div_646374.log: => Passed
log/clk_div_646374.log: => Passed
log/clk_div_646374.log: => Passed
log/clk_div_646374.log: => Passed
log/clk_div_646374.log: => Passed
log/clk_div_646374.log: => Passed
log/clk_div_646374.log: => Passed
log/clk_div_646374.log: => Passed
log/clk_div_646374.log: => Passed
log/clk_div_646374.log: => Passed
log/clk_div_646374.log: => Passed
log/clk_div_646374.log: => Passed
log/clk_div_646374.log: => Passed
log/clk_div_646374.log: => Passed
log/clk_div_646374.log: => Passed
log/clk_div_646374.log: => Passed
log/clk_div_646374.log: => Passed
log/clk_div_646374.log: => Passed
log/clk_div_646374.log: => Passed
log/clk_div_646374.log: => Passed
log/clk_div_646374.log: => Passed
log/clk_div_646374.log: => Passed
log/clk_div_646374.log: => Passed
log/clk_div_646374.log: => Passed
log/clk_div_646374.log: => Passed
log/clk_div_646374.log: => Passed
log/clk_div_646374.log: => Passed
log/clk_div_646374.log: => Passed
log/clk_div_646374.log: => Passed
log/clk_div_646374.log: => Passed
log/clk_div_646374.log: => Passed
log/clk_div_646374.log: => Passed
log/clk_div_646374.log: => Passed
log/clk_div_646374.log: => Passed
log/clk_div_646374.log: => Passed
log/clk_div_646374.log: => Passed
log/clk_div_646374.log: => Passed
log/clk_div_646374.log: => Passed
log/clk_div_646374.log: => Passed
log/clk_div_646374.log: => Passed
log/clk_div_646374.log: => Passed
log/clk_div_646374.log: => Passed
log/clk_div_646374.log: => Passed
log/clk_div_646374.log: => Passed
log/clk_div_646374.log: => Passed
log/clk_div_646374.log: => Passed
log/clk_div_646374.log: => Passed
log/clk_div_646374.log: => Passed
log/clk_div_646374.log: => Passed
log/clk_div_646374.log: => Passed
log/clk_div_646374.log: => Passed
log/clk_div_646374.log: => Passed
log/clk_div_646374.log: => Passed
log/clk_div_646374.log: => Passed
log/clk_div_646374.log: => Passed
log/clk_div_646374.log: => Passed
log/clk_div_646374.log: => Passed
log/clk_div_646374.log: => Passed
log/clk_div_646374.log: => Passed
log/clk_div_646374.log: => Passed
log/clk_div_646374.log: => Passed
log/clk_div_646374.log: => Passed
log/clk_div_646374.log: => Passed
log/clk_div_646374.log: => Passed
log/clk_div_646374.log: => Passed
log/clk_div_646374.log: => Passed
log/clk_div_646374.log: => Passed
log/clk_div_646374.log: => Passed
log/clk_div_646374.log: => Passed
log/clk_div_646374.log: => Passed
log/clk_div_646374.log: => Passed
log/clk_div_646374.log: => Passed
log/clk_div_646374.log: => Passed
log/clk_div_646374.log: => Passed
log/clk_div_646374.log: => Passed
log/clk_div_646374.log: => Passed
log/clk_div_646374.log: => Passed
log/clk_div_646374.log: => Passed
log/clk_div_646374.log: => Passed
log/clk_div_646374.log: => Passed
log/clk_div_646374.log: => Passed
log/clk_div_646374.log: => Passed
log/clk_div_646374.log: => Passed
log/clk_div_646374.log: => Passed
log/clk_div_646374.log: => Passed
log/clk_div_646374.log: => Passed
log/clk_div_646374.log: => Passed
log/clk_div_646374.log: => Passed
log/clk_div_646374.log: => Passed
log/clk_div_646374.log: => Passed
log/clk_div_646374.log: => Passed
log/clk_div_646374.log: => Passed
log/clk_div_646374.log: => Passed
log/clk_div_646374.log: => Passed
log/clk_div_646374.log: => Passed
log/clk_div_646374.log: => Passed
log/clk_div_646374.log: => Passed
log/clk_div_646374.log: => Passed
log/clk_div_646374.log: => Passed
log/clk_div_646374.log: => Passed
log/clk_div_646374.log: => Passed
log/clk_div_646374.log: => Passed
log/clk_div_646374.log: => Passed
log/clk_div_646374.log: => Passed
log/clk_div_646374.log: => Passed
log/clk_div_646374.log: => Passed
log/clk_div_646374.log: => Passed
log/clk_div_646374.log: => Passed
log/clk_div_646374.log: => Passed
log/clk_div_646374.log: => Passed
log/clk_div_646374.log: => Passed
log/clk_div_646374.log: => Passed
log/clk_div_646374.log: => Passed
log/clk_div_646374.log: => Passed
log/clk_div_646374.log: => Passed
log/clk_div_646374.log: => Passed
log/clk_div_646374.log: => Passed
log/clk_div_646374.log: => Passed
log/clk_div_646374.log: => Passed
log/clk_div_646374.log: => Passed
log/clk_div_646374.log: => Passed
log/clk_div_646374.log: => Passed
log/clk_div_646374.log: => Passed
log/clk_div_646374.log: => Passed
log/clk_div_646374.log: => Passed
log/clk_div_646374.log: => Passed
log/clk_div_646374.log: => Passed
log/clk_div_646374.log: => Passed
log/clk_div_646374.log: => Passed
log/clk_div_646374.log: => Passed
log/clk_div_646374.log: => Passed
log/clk_div_646374.log: => Passed
log/clk_div_646374.log: => Passed
log/clk_div_646374.log: => Passed
log/clk_div_646374.log: => Passed
log/clk_div_646374.log: => Passed
log/clk_div_646374.log: => Passed
log/clk_div_646374.log: => Passed
log/clk_div_646374.log: => Passed
log/clk_div_646374.log: => Passed
log/clk_div_646374.log: => Passed
log/clk_div_646374.log: => Passed
log/clk_div_646374.log: => Passed
log/clk_div_646374.log: => Passed
log/clk_div_646374.log: => Passed
log/clk_div_646374.log: => Passed
log/clk_div_646374.log: => Passed
log/clk_div_646374.log: => Passed
log/clk_div_646374.log: => Passed
log/clk_div_646374.log: => Passed
log/clk_div_646374.log: => Passed
log/clk_div_646374.log: => Passed
log/clk_div_646374.log: => Passed
log/clk_div_646374.log: => Passed
log/clk_div_646374.log: => Passed
log/clk_div_646374.log: => Passed
log/clk_div_646374.log: => Passed
log/clk_div_646374.log: => Passed
log/clk_div_646374.log: => Passed
log/clk_div_646374.log: => Passed
log/clk_div_646374.log: => Passed
log/clk_div_646374.log: => Passed
log/clk_div_646374.log: => Passed
log/clk_div_646374.log: => Passed
log/clk_div_646374.log: => Passed
log/clk_div_646374.log: => Passed
log/clk_div_646374.log: => Passed
log/clk_div_646374.log: => Passed
log/clk_div_646374.log: => Passed
log/clk_div_646374.log: => Passed
log/clk_div_646374.log: => Passed
log/clk_div_646374.log: => Passed
log/clk_div_646374.log: => Passed
log/clk_div_646374.log: => Passed
log/clk_div_646374.log: => Passed
log/clk_div_646374.log: => Passed
log/clk_div_646374.log: => Passed
log/clk_div_646374.log: => Passed
log/clk_div_646374.log: => Passed
log/clk_div_646374.log: => Passed
log/clk_div_646374.log: => Passed
log/clk_div_646374.log: => Passed
log/clk_div_646374.log: => Passed
log/clk_div_646374.log: => Passed
log/clk_div_646374.log: => Passed
log/clk_div_646374.log: => Passed
log/clk_div_646374.log: => Passed
log/clk_div_646374.log: => Passed
log/clk_div_646374.log: => Passed
log/clk_div_646374.log: => Passed
log/clk_div_646374.log: => Passed
log/clk_div_646374.log: => Passed
log/clk_div_646374.log: => Passed
log/clk_div_646374.log: => Passed
log/clk_div_646374.log: => Passed
log/clk_div_646374.log: => Passed
log/clk_div_646374.log: => Passed
log/clk_div_646374.log: => Passed
log/clk_div_646374.log: => Passed
log/clk_div_646374.log: => Passed
log/clk_div_646374.log: => Passed
log/clk_div_646374.log: => Passed
log/clk_div_646374.log: => Passed
log/clk_div_646374.log: => Passed
log/clk_div_646374.log: => Passed
log/clk_div_646374.log: => Passed
log/clk_div_646374.log: => Passed
log/clk_div_646374.log: => Passed
log/clk_div_646374.log: => Passed
log/clk_div_646374.log: => Passed
log/clk_div_646374.log: => Passed
log/clk_div_646374.log: => Passed
log/clk_div_646374.log: => Passed
log/clk_div_646374.log: => Passed
log/clk_div_646374.log: => Passed
log/clk_div_646374.log: => Passed
log/clk_div_646374.log: => Passed
log/clk_div_646374.log: => Passed
log/clk_div_646374.log: => Passed
log/clk_div_646374.log: => Passed
log/clk_div_646374.log: => Passed
log/clk_div_646374.log: => Passed
log/clk_div_646374.log: => Passed
log/clk_div_646374.log: => Passed
log/clk_div_646374.log: => Passed
log/clk_div_646374.log: => Passed
log/clk_div_646374.log: => Passed
log/clk_div_646374.log: => Passed
log/clk_div_646374.log: => Passed
log/clk_div_646374.log: => Passed
log/clk_div_646374.log: => Passed
log/clk_div_646374.log: => Passed
log/clk_div_646374.log: => Passed
log/clk_div_646374.log: => Passed
log/clk_div_646374.log: => Passed
log/clk_div_646374.log: => Passed
log/clk_div_646374.log: => Passed
log/clk_div_646374.log: => Passed
log/clk_div_646374.log: => Passed
log/clk_div_646374.log: => Passed
log/clk_div_646374.log: => Passed
log/clk_div_646374.log: => Passed
log/clk_div_646374.log: => Passed
log/clk_div_646374.log: => Passed
log/clk_div_646374.log: => Passed
log/clk_div_646374.log: => Passed
log/clk_div_646374.log: => Passed
log/clk_div_646374.log: => Passed
log/clk_div_646374.log: => Passed
log/clk_div_646374.log: => Passed
log/clk_div_646374.log: => Passed
log/clk_div_646374.log: => Passed
log/clk_div_646374.log: => Passed
log/clk_div_646374.log: => Passed
log/clk_div_646374.log: => Passed
log/clk_div_646374.log: => Passed
log/clk_div_646374.log: => Passed
log/clk_div_646374.log: => Passed
log/clk_div_646374.log: => Passed
log/clk_div_646374.log: => Passed
log/clk_div_646374.log: => Passed
log/clk_div_646374.log: => Passed
log/clk_div_646374.log: => Passed
log/clk_div_646374.log: => Passed
log/clk_div_646374.log: => Passed
log/clk_div_646374.log: => Passed
log/clk_div_646374.log: => Passed
log/clk_div_646374.log: => Passed
log/clk_div_646374.log: => Passed
log/clk_div_646374.log: => Passed
log/clk_div_646374.log: => Passed
log/clk_div_646374.log: => Passed
log/clk_div_646374.log: => Passed
log/clk_div_646374.log: => Passed
log/clk_div_646374.log: => Passed
log/clk_div_646374.log: => Passed
log/clk_div_646374.log: => Passed
log/clk_div_646374.log: => Passed
log/clk_div_646374.log: => Passed
log/clk_div_646374.log: => Passed
log/clk_div_646374.log: => Passed
log/clk_div_646374.log: => Passed
log/clk_div_646374.log: => Passed
log/clk_div_646374.log: => Passed
log/clk_div_646374.log: => Passed
log/clk_div_646374.log: => Passed
log/clk_div_646374.log: => Passed
log/clk_div_646374.log: => Passed
log/clk_div_646374.log: => Passed
log/clk_div_646374.log: => Passed
log/clk_div_646374.log: => Passed
log/clk_div_646374.log: => Passed
log/clk_div_646374.log: => Passed
log/clk_div_646374.log: => Passed
log/clk_div_646374.log: => Passed
log/clk_div_646374.log: => Passed
log/clk_div_646374.log: => Passed
log/clk_div_646374.log: => Passed
log/clk_div_646374.log: => Passed
log/clk_div_646374.log: => Passed
log/clk_div_646374.log: => Passed
log/clk_div_646374.log: => Passed
log/clk_div_646374.log: => Passed
log/clk_div_646374.log: => Passed
log/clk_div_646374.log: => Passed
log/clk_div_646374.log: => Passed
log/clk_div_646374.log: => Passed
log/clk_div_646374.log: => Passed
log/clk_div_646374.log: => Passed
log/clk_div_646374.log: => Passed
log/clk_div_646374.log: => Passed
log/clk_div_646374.log: => Passed
log/clk_div_646374.log: => Passed
log/clk_div_646374.log: => Passed
log/clk_div_646374.log: => Passed
log/clk_div_646374.log: => Passed
log/clk_div_646374.log: => Passed
log/clk_div_646374.log: => Passed
log/clk_div_646374.log: => Passed
log/clk_div_646374.log: => Passed
log/clk_div_646374.log: => Passed
log/clk_div_646374.log: => Passed
log/clk_div_646374.log: => Passed
log/clk_div_646374.log: => Passed
log/clk_div_646374.log: => Passed
log/clk_div_646374.log: => Passed
log/clk_div_646374.log: => Passed
log/clk_div_646374.log: => Passed
log/clk_div_646374.log: => Passed
log/clk_div_646374.log: => Passed
log/clk_div_646374.log: => Passed
log/clk_div_646374.log: => Passed
log/clk_div_646374.log: => Passed
log/clk_div_646374.log: => Passed
log/clk_div_646374.log: => Passed
log/clk_div_646374.log: => Passed
log/clk_div_646374.log: => Passed
log/clk_div_646374.log: => Passed
log/clk_div_646374.log: => Passed
log/clk_div_646374.log: => Passed
log/clk_div_646374.log: => Passed
log/clk_div_646374.log: => Passed
log/clk_div_646374.log: => Passed
log/clk_div_646374.log: => Passed
log/clk_div_646374.log: => Passed
log/clk_div_646374.log: => Passed
log/clk_div_646374.log: => Passed
log/clk_div_646374.log: => Passed
log/clk_div_646374.log: => Passed
log/clk_div_646374.log: => Passed
log/clk_div_646374.log: => Passed
log/clk_div_646374.log: => Passed
log/clk_div_646374.log: => Passed
log/clk_div_646374.log: => Passed
log/clk_div_646374.log: => Passed
log/clk_div_646374.log: => Passed
log/clk_div_646374.log: => Passed
log/clk_div_646374.log: => Passed
log/clk_div_646374.log: => Passed
log/clk_div_646374.log: => Passed
log/clk_div_646374.log: => Passed
log/clk_div_646374.log: => Passed
log/clk_div_646374.log: => Passed
log/clk_div_646374.log: => Passed
log/clk_div_646374.log: => Passed
log/clk_div_646374.log: => Passed
log/clk_div_646374.log: => Passed
log/clk_div_646374.log: => Passed
log/clk_div_646374.log: => Passed
log/clk_div_646374.log: => Passed
log/clk_div_646374.log: => Passed
log/clk_div_646374.log: => Passed
log/clk_div_646374.log: => Passed
log/clk_div_646374.log: => Passed
log/clk_div_646374.log: => Passed
log/clk_div_646374.log: => Passed
log/clk_div_646374.log: => Passed
log/clk_div_646374.log: => Passed
log/clk_div_646374.log: => Passed
log/clk_div_646374.log: => Passed
log/clk_div_646374.log: => Passed
log/clk_div_646374.log: => Passed
log/clk_div_646374.log: => Passed
log/clk_div_646374.log: => Passed
log/clk_div_646374.log: => Passed
log/clk_div_646374.log: => Passed
log/clk_div_646374.log: => Passed
log/clk_div_646374.log: => Passed
log/clk_div_646374.log: => Passed
log/clk_div_646374.log: => Passed
log/clk_div_646374.log: => Passed
log/clk_div_646374.log: => Passed
log/clk_div_646374.log: => Passed
log/clk_div_646374.log: => Passed
log/clk_div_646374.log: => Passed
log/clk_div_646374.log: => Passed
log/clk_div_646374.log: => Passed
log/clk_div_646374.log: => Passed
log/clk_div_646374.log: => Passed
log/clk_div_646374.log: => Passed
log/clk_div_646374.log: => Passed
log/clk_div_646374.log: => Passed
log/clk_div_646374.log: => Passed
log/clk_div_646374.log: => Passed
log/clk_div_646374.log: => Passed
log/clk_div_646374.log: => Passed
log/clk_div_646374.log: => Passed
log/clk_div_646374.log: => Passed
log/clk_div_646374.log: => Passed
log/clk_div_646374.log: => Passed
log/clk_div_646374.log: => Passed
log/clk_div_646374.log: => Passed
log/clk_div_646374.log: => Passed
log/clk_div_646374.log: => Passed
log/clk_div_646374.log: => Passed
log/clk_div_646374.log: => Passed
log/clk_div_646374.log: => Passed
log/clk_div_646374.log: => Passed
log/clk_div_646374.log: => Passed
log/clk_div_646374.log: => Passed
log/clk_div_646374.log: => Passed
log/clk_div_646374.log: => Passed
log/clk_div_646374.log: => Passed
log/clk_div_646374.log: => Passed
log/clk_div_646374.log: => Passed
log/clk_div_646374.log: => Passed
log/clk_div_646374.log: => Passed
log/clk_div_646374.log: => Passed
log/clk_div_646374.log: => Passed
log/clk_div_646374.log: => Passed
log/clk_div_646374.log: => Passed
log/clk_div_646374.log: => Passed
log/clk_div_646374.log: => Passed
log/clk_div_646374.log: => Passed
log/clk_div_646374.log: => Passed
log/clk_div_646374.log: => Passed
log/clk_div_646374.log: => Passed
log/clk_div_646374.log: => Passed
log/clk_div_646374.log: => Passed
log/clk_div_646374.log: => Passed
log/clk_div_646374.log: => Passed
log/clk_div_646374.log: => Passed
log/clk_div_646374.log: => Passed
log/clk_div_646374.log: => Passed
log/clk_div_646374.log: => Passed
log/clk_div_646374.log: => Passed
log/clk_div_646374.log: => Passed
log/clk_div_646374.log: => Passed
log/clk_div_646374.log: => Passed
log/clk_div_646374.log: => Passed
log/clk_div_646374.log: => Passed
log/clk_div_646374.log: => Passed
log/clk_div_646374.log: => Passed
log/clk_div_646374.log: => Passed
log/clk_div_646374.log: => Passed
log/clk_div_646374.log: => Passed
log/clk_div_646374.log: => Passed
log/clk_div_646374.log: => Passed
log/clk_div_646374.log: => Passed
log/clk_div_646374.log: => Passed
log/clk_div_646374.log: => Passed
log/clk_div_646374.log: => Passed
log/clk_div_646374.log: => Passed
log/clk_div_646374.log: => Passed
log/clk_div_646374.log: => Passed
log/clk_div_646374.log: => Passed
log/clk_div_646374.log: => Passed
log/clk_div_646374.log: => Passed
log/clk_div_646374.log: => Passed
log/clk_div_646374.log: => Passed
log/clk_div_646374.log: => Passed
log/clk_div_646374.log: => Passed
log/clk_div_646374.log: => Passed
log/clk_div_646374.log: => Passed
log/clk_div_646374.log: => Passed
log/clk_div_646374.log: => Passed
log/clk_div_646374.log: => Passed
log/clk_div_646374.log: => Passed
log/clk_div_646374.log: => Passed
log/clk_div_646374.log: => Passed
log/clk_div_646374.log: => Passed
log/clk_div_646374.log: => Passed
log/clk_div_646374.log: => Passed
log/clk_div_646374.log: => Passed
log/clk_div_646374.log: => Passed
log/clk_div_646374.log: => Passed
log/clk_div_646374.log: => Passed
log/clk_div_646374.log: => Passed
log/clk_div_646374.log: => Passed
log/clk_div_646374.log: => Passed
log/clk_div_646374.log: => Passed
log/clk_div_646374.log: => Passed
log/clk_div_646374.log: => Passed
log/clk_div_646374.log: => Passed
log/clk_div_646374.log: => Passed
log/clk_div_646374.log: => Passed
log/clk_div_646374.log: => Passed
log/clk_div_646374.log: => Passed
log/clk_div_646374.log: => Passed
log/clk_div_646374.log: => Passed
log/clk_div_646374.log: => Passed
log/clk_div_646374.log: => Passed
log/clk_div_646374.log: => Passed
log/clk_div_646374.log: => Passed
log/clk_div_646374.log: => Passed
log/clk_div_646374.log: => Passed
log/clk_div_646374.log: => Passed
log/clk_div_646374.log: => Passed
log/clk_div_646374.log: => Passed
log/clk_div_646374.log: => Passed
log/clk_div_646374.log: => Passed
log/clk_div_646374.log: => Passed
log/clk_div_646374.log: => Passed
log/clk_div_646374.log: => Passed
log/clk_div_646374.log: => Passed
log/clk_div_646374.log: => Passed
log/clk_div_646374.log: => Passed
log/clk_div_646374.log: => Passed
log/clk_div_646374.log: => Passed
log/clk_div_646374.log: => Passed
log/clk_div_646374.log: => Passed
log/clk_div_646374.log: => Passed
log/clk_div_646374.log: => Passed
log/clk_div_646374.log: => Passed
log/clk_div_646374.log: => Passed
log/clk_div_646374.log: => Passed
log/clk_div_646374.log: => Passed
log/clk_div_646374.log: => Passed
log/clk_div_646374.log: => Passed
log/clk_div_646374.log: => Passed
log/clk_div_646374.log: => Passed
log/clk_div_646374.log: => Passed
log/clk_div_646374.log: => Passed
log/clk_div_646374.log: => Passed
log/clk_div_646374.log: => Passed
log/clk_div_646374.log: => Passed
log/clk_div_646374.log: => Passed
log/clk_div_646374.log: => Passed
log/clk_div_646374.log: => Passed
log/clk_div_646374.log: => Passed
log/clk_div_646374.log: => Passed
log/clk_div_646374.log: => Passed
log/clk_div_646374.log: => Passed
log/clk_div_646374.log: => Passed
log/clk_div_646374.log: => Passed
log/clk_div_646374.log: => Passed
log/clk_div_646374.log: => Passed
log/clk_div_646374.log: => Passed
log/clk_div_646374.log: => Passed
log/clk_div_646374.log: => Passed
log/clk_div_646374.log: => Passed
log/clk_div_646374.log: => Passed
log/clk_div_646374.log: => Passed
log/clk_div_646374.log: => Passed
log/clk_div_646374.log: => Passed
log/clk_div_646374.log: => Passed
log/clk_div_646374.log: => Passed
log/clk_div_646374.log: => Passed
log/clk_div_646374.log: => Passed
log/clk_div_646374.log: => Passed
log/clk_div_646374.log: => Passed
log/clk_div_646374.log: => Passed
log/clk_div_646374.log: => Passed
log/clk_div_646374.log: => Passed
log/clk_div_646374.log: => Passed
log/clk_div_646374.log: => Passed
log/clk_div_646374.log: => Passed
log/clk_div_646374.log: => Passed
log/clk_div_646374.log: => Passed
log/clk_div_646374.log: => Passed
log/clk_div_646374.log: => Passed
log/clk_div_646374.log: => Passed
log/clk_div_646374.log: => Passed
log/clk_div_646374.log: => Passed
log/clk_div_646374.log: => Passed
log/clk_div_646374.log: => Passed
log/clk_div_646374.log: => Passed
log/clk_div_646374.log: => Passed
log/clk_div_646374.log: => Passed
log/clk_div_646374.log: => Passed
log/clk_div_646374.log: => Passed
log/clk_div_646374.log: => Passed
log/clk_div_646374.log: => Passed
log/clk_div_646374.log: => Passed
log/clk_div_646374.log: => Passed
log/clk_div_646374.log: => Passed
log/clk_div_646374.log: => Passed
log/clk_div_646374.log: => Passed
log/clk_div_646374.log: => Passed
log/clk_div_646374.log: => Passed
log/clk_div_646374.log: => Passed
log/clk_div_646374.log: => Passed
log/clk_div_646374.log: => Passed
log/clk_div_646374.log: => Passed
log/clk_div_646374.log: => Passed
log/clk_div_646374.log: => Passed
log/clk_div_646374.log: => Passed
log/clk_div_646374.log: => Passed
log/clk_div_646374.log: => Passed
log/clk_div_646374.log: => Passed
log/clk_div_646374.log: => Passed
log/clk_div_646374.log: => Passed
log/clk_div_646374.log: => Passed
log/clk_div_646374.log: => Passed
log/clk_div_646374.log: => Passed
log/clk_div_646374.log: => Passed
log/clk_div_646374.log: => Passed
log/clk_div_646374.log: => Passed
log/clk_div_646374.log: => Passed
log/clk_div_646374.log: => Passed
log/clk_div_646374.log: => Passed
log/clk_div_646374.log: => Passed
log/clk_div_646374.log: => Passed
log/clk_div_646374.log: => Passed
log/clk_div_646374.log: => Passed
log/clk_div_646374.log: => Passed
log/clk_div_646374.log: => Passed
log/clk_div_646374.log: => Passed
log/clk_div_646374.log: => Passed
log/clk_div_646374.log: => Passed
log/clk_div_646374.log: => Passed
log/clk_div_646374.log: => Passed
log/clk_div_646374.log: => Passed
log/clk_div_646374.log: => Passed
log/clk_div_646374.log: => Passed
log/clk_div_646374.log: => Passed
log/clk_div_646374.log: => Passed
log/clk_div_646374.log: => Passed
log/clk_div_646374.log: => Passed
log/clk_div_646374.log: => Passed
log/clk_div_646374.log: => Passed
log/clk_div_646374.log: => Passed
log/clk_div_646374.log: => Passed
log/clk_div_646374.log: => Passed
log/clk_div_646374.log: => Passed
log/clk_div_646374.log: => Passed
log/clk_div_646374.log: => Passed
log/clk_div_646374.log: => Passed
log/clk_div_646374.log: => Passed
log/clk_div_646374.log: => Passed
log/clk_div_646374.log: => Passed
log/clk_div_646374.log: => Passed
log/clk_div_646374.log: => Passed
log/clk_div_646374.log: => Passed
log/clk_div_646374.log: => Passed
log/clk_div_646374.log: => Passed
log/clk_div_646374.log: => Passed
log/clk_div_646374.log: => Passed
log/clk_div_646374.log: => Passed
log/clk_div_646374.log: => Passed
log/clk_div_646374.log: => Passed
log/clk_div_646374.log: => Passed
log/clk_div_646374.log: => Passed
log/clk_div_646374.log: => Passed
log/clk_div_646374.log: => Passed
log/clk_div_646374.log: => Passed
log/clk_div_646374.log: => Passed
log/clk_div_646374.log: => Passed
log/clk_div_646374.log: => Passed
log/clk_div_646374.log: => Passed
log/clk_div_646374.log: => Passed
log/clk_div_646374.log: => Passed
log/clk_div_646374.log: => Passed
log/clk_div_646374.log: => Passed
log/clk_div_646374.log: => Passed
log/clk_div_646374.log: => Passed
log/clk_div_646374.log: => Passed
log/clk_div_646374.log: => Passed
log/clk_div_646374.log: => Passed
log/clk_div_646374.log: => Passed
log/clk_div_646374.log: => Passed
log/clk_div_646374.log: => Passed
log/clk_div_646374.log: => Passed
log/clk_div_646374.log: => Passed
log/clk_div_646374.log: => Passed
log/clk_div_646374.log: => Passed
log/clk_div_646374.log: => Passed
log/clk_div_646374.log: => Passed
log/clk_div_646374.log: => Passed
log/clk_div_646374.log: => Passed
log/clk_div_646374.log: => Passed
log/clk_div_646374.log: => Passed
log/clk_div_646374.log: => Passed
log/clk_div_646374.log: => Passed
log/clk_div_646374.log: => Passed
log/clk_div_646374.log: => Passed
log/clk_div_646374.log: => Passed
log/clk_div_646374.log: => Passed
log/clk_div_646374.log: => Passed
log/clk_div_646374.log: => Passed
log/clk_div_646374.log: => Passed
log/clk_div_646374.log: => Passed
log/clk_div_646374.log: => Passed
log/clk_div_646374.log: => Passed
log/clk_div_646374.log: => Passed
log/clk_div_646374.log: => Passed
log/clk_div_646374.log: => Passed
log/clk_div_646374.log: => Passed
log/clk_div_646374.log: => Passed
log/clk_div_646374.log: => Passed
log/clk_div_646374.log: => Passed
log/clk_div_646374.log: => Passed
log/clk_div_646374.log: => Passed
log/clk_div_646374.log: => Passed
log/clk_div_646374.log: => Passed
log/clk_div_646374.log: => Passed
log/clk_div_646374.log: => Passed
log/clk_div_646374.log: => Passed
log/clk_div_646374.log: => Passed
log/clk_div_646374.log: => Passed
log/clk_div_646374.log: => Passed
log/clk_div_646374.log: => Passed
log/clk_div_646374.log: => Passed
log/clk_div_646374.log: => Passed
log/clk_div_646374.log: => Passed
log/clk_div_646374.log: => Passed
log/clk_div_646374.log: => Passed
log/clk_div_646374.log: => Passed
log/clk_div_646374.log: => Passed
log/clk_div_646374.log: => Passed
log/clk_div_646374.log: => Passed
log/clk_div_646374.log: => Passed
log/clk_div_646374.log: => Passed
log/clk_div_646374.log: => Passed
log/clk_div_646374.log: => Passed
log/clk_div_646374.log: => Passed
log/clk_div_646374.log: => Passed
log/clk_div_646374.log: => Passed
log/clk_div_646374.log: => Passed
log/clk_div_646374.log: => Passed
log/clk_div_646374.log: => Passed
log/clk_div_646374.log: => Passed
log/clk_div_646374.log: => Passed
log/clk_div_646374.log: => Passed
log/clk_div_646374.log: => Passed
log/clk_div_646374.log: => Passed
log/clk_div_646374.log: => Passed
log/clk_div_646374.log: => Passed
log/clk_div_646374.log: => Passed
log/clk_div_646374.log: => Passed
log/clk_div_646374.log: => Passed
log/clk_div_646374.log: => Passed
log/clk_div_646374.log: => Passed
log/clk_div_646374.log: => Passed
log/clk_div_646374.log: => Passed
log/clk_div_646374.log: => Passed
log/clk_div_646374.log: => Passed
log/clk_div_646374.log: => Passed
log/clk_div_646374.log: => Passed
log/clk_div_646374.log: => Passed
log/clk_div_646374.log: => Passed
log/clk_div_646374.log: => Passed
log/clk_div_646374.log: => Passed
log/clk_div_646374.log: => Passed
log/clk_div_646374.log: => Passed
log/clk_div_646374.log: => Passed
log/clk_div_646374.log: => Passed
log/clk_div_646374.log: => Passed
log/clk_div_646374.log: => Passed
log/clk_div_646374.log: => Passed
log/clk_div_646374.log: => Passed
log/clk_div_646374.log: => Passed
log/clk_div_646374.log: => Passed
log/clk_div_646374.log: => Passed
log/clk_div_646374.log: => Passed
log/clk_div_646374.log: => Passed
log/clk_div_646374.log: => Passed
log/clk_div_646374.log: => Passed
log/clk_div_646374.log: => Passed
log/clk_div_646374.log: => Passed
log/clk_div_646374.log: => Passed
log/clk_div_646374.log: => Passed
log/clk_div_646374.log: => Passed
log/clk_div_646374.log: => Passed
log/clk_div_646374.log: => Passed
log/clk_div_646374.log: => Passed
log/clk_div_646374.log: => Passed
log/clk_div_646374.log: => Passed
log/clk_div_646374.log: => Passed
log/clk_div_646374.log: => Passed
log/clk_div_646374.log: => Passed
log/clk_div_646374.log: => Passed
log/clk_div_646374.log: => Passed
log/clk_div_646374.log: => Passed
log/clk_div_646374.log: => Passed
log/clk_div_646374.log: => Passed
log/clk_div_646374.log: => Passed
log/clk_div_646374.log: => Passed
log/clk_div_646374.log: => Passed
log/clk_div_646374.log: => Passed
log/clk_div_646374.log: => Passed
log/clk_div_646374.log: => Passed
log/clk_div_646374.log: => Passed
log/clk_div_646374.log: => Passed
log/clk_div_646374.log: => Passed
log/clk_div_646374.log: => Passed
log/clk_div_646374.log: => Passed
log/clk_div_646374.log: => Passed
log/clk_div_646374.log: => Passed
log/clk_div_646374.log: => Passed
log/clk_div_646374.log: => Passed
log/clk_div_646374.log: => Passed
log/clk_div_646374.log: => Passed
log/clk_div_646374.log: => Passed
log/clk_div_646374.log: => Passed
log/clk_div_646374.log: => Passed
log/clk_div_646374.log: => Passed
log/clk_div_646374.log: => Passed
log/clk_div_646374.log: => Passed
log/clk_div_646374.log: => Passed
log/clk_div_646374.log: => Passed
log/clk_div_646374.log: => Passed
log/clk_div_646374.log: => Passed
log/clk_div_646374.log: => Passed
log/clk_div_646374.log: => Passed
log/clk_div_646374.log: => Passed
log/clk_div_646374.log: => Passed
log/clk_div_646374.log: => Passed
log/clk_div_646374.log: => Passed
log/clk_div_646374.log: => Passed
log/clk_div_646374.log: => Passed
log/clk_div_646374.log: => Passed
log/clk_div_646374.log: => Passed
log/clk_div_646374.log: => Passed
log/clk_div_646374.log: => Passed
log/clk_div_646374.log: => Passed
log/clk_div_646374.log: => Passed
log/clk_div_646374.log: => Passed
log/clk_div_646374.log: => Passed
log/clk_div_646374.log: => Passed
log/clk_div_646374.log: => Passed
log/clk_div_646374.log: => Passed
log/clk_div_646374.log: => Passed
log/clk_div_646374.log: => Passed
log/clk_div_646374.log: => Passed
log/clk_div_646374.log: => Passed
log/clk_div_646374.log: => Passed
log/clk_div_646374.log: => Passed
log/clk_div_646374.log: => Passed
log/clk_div_646374.log: => Passed
log/clk_div_646374.log: => Passed
log/clk_div_646374.log: => Passed
log/clk_div_646374.log: => Passed
log/clk_div_646374.log: => Passed
log/clk_div_646374.log: => Passed
log/clk_div_646374.log: => Passed
log/clk_div_646374.log: => Passed
log/clk_div_646374.log: => Passed
log/clk_div_646374.log: => Passed
log/clk_div_646374.log: => Passed
log/clk_div_646374.log: => Passed
log/clk_div_646374.log: => Passed
log/clk_div_646374.log: => Passed
log/clk_div_646374.log: => Passed
log/clk_div_646374.log: => Passed
log/clk_div_646374.log: => Passed
log/clk_div_646374.log: => Passed
log/clk_div_646374.log: => Passed
log/clk_div_646374.log: => Passed
log/clk_div_646374.log: => Passed
log/clk_div_646374.log: => Passed
log/clk_div_646374.log: => Passed
log/clk_div_646374.log: => Passed
log/clk_div_646374.log: => Passed
log/clk_div_646374.log: => Passed
log/clk_div_646374.log: => Passed
log/clk_div_646374.log: => Passed
log/clk_div_646374.log: => Passed
log/clk_div_646374.log: => Passed
log/clk_div_646374.log: => Passed
log/clk_div_646374.log: => Passed
log/clk_div_646374.log: => Passed
log/clk_div_646374.log: => Passed
log/clk_div_646374.log: => Passed
log/clk_div_646374.log: => Passed
log/clk_div_646374.log: => Passed
log/clk_div_646374.log: => Passed
log/clk_div_646374.log: => Passed
log/clk_div_646374.log: => Passed
log/clk_div_646374.log: => Passed
log/clk_div_646374.log: => Passed
log/clk_div_646374.log: => Passed
log/clk_div_646374.log: => Passed
log/clk_div_646374.log: => Passed
log/clk_div_646374.log: => Passed
log/clk_div_646374.log: => Passed
log/clk_div_646374.log: => Passed
log/clk_div_646374.log: => Passed
log/clk_div_646374.log: => Passed
log/clk_div_646374.log: => Passed
log/clk_div_646374.log: => Passed
log/clk_div_646374.log: => Passed
log/clk_div_646374.log: => Passed
log/clk_div_646374.log: => Passed
log/clk_div_646374.log: => Passed
log/clk_div_646374.log: => Passed
log/clk_div_646374.log: => Passed
log/clk_div_646374.log: => Passed
log/clk_div_646374.log: => Passed
log/clk_div_646374.log: => Passed
log/clk_div_646374.log: => Passed
log/clk_div_646374.log: => Passed
log/clk_div_646374.log: => Passed
log/clk_div_646374.log: => Passed
log/clk_div_646374.log: => Passed
log/clk_div_646374.log: => Passed
log/clk_div_646374.log: => Passed
log/clk_div_646374.log: => Passed
log/clk_div_646374.log: => Passed
log/clk_div_646374.log: => Passed
log/clk_div_646374.log: => Passed
log/clk_div_646374.log: => Passed
log/clk_div_646374.log: => Passed
log/clk_div_646374.log: => Passed
log/clk_div_646374.log: => Passed
log/clk_div_646374.log: => Passed
log/clk_div_646374.log: => Passed
log/clk_div_646374.log: => Passed
log/clk_div_646374.log: => Passed
log/clk_div_646374.log: => Passed
log/clk_div_646374.log: => Passed
log/clk_div_646374.log: => Passed
log/clk_div_646374.log: => Passed
log/clk_div_646374.log: => Passed
log/clk_div_646374.log: => Passed
log/clk_div_646374.log: => Passed
log/clk_div_646374.log: => Passed
log/clk_div_646374.log: => Passed
log/clk_div_646374.log: => Passed
log/clk_div_646374.log: => Passed
log/clk_div_646374.log: => Passed
log/clk_div_646374.log: => Passed
log/clk_div_646374.log: => Passed
log/clk_div_646374.log: => Passed
log/clk_div_646374.log: => Passed
log/clk_div_646374.log: => Passed
log/clk_div_646374.log: => Passed
log/clk_div_646374.log: => Passed
log/clk_div_646374.log: => Passed
log/clk_div_646374.log: => Passed
log/clk_div_646374.log: => Passed
log/clk_div_646374.log: => Passed
log/clk_div_646374.log: => Passed
log/clk_div_646374.log: => Passed
log/clk_div_646374.log: => Passed
log/clk_div_646374.log: => Passed
log/clk_div_646374.log: => Passed
log/clk_div_646374.log: => Passed
log/clk_div_646374.log: => Passed
log/clk_div_646374.log: => Passed
log/clk_div_646374.log: => Passed
log/clk_div_646374.log: => Passed
log/clk_div_646374.log: => Passed
log/clk_div_646374.log: => Passed
log/clk_div_646374.log: => Passed
log/clk_div_646374.log: => Passed
log/clk_div_646374.log: => Passed
log/clk_div_646374.log: => Passed
log/clk_div_646374.log: => Passed
log/clk_div_646374.log: => Passed
log/clk_div_646374.log: => Passed
log/clk_div_646374.log: => Passed
log/clk_div_646374.log: => Passed
log/clk_div_646374.log: => Passed
log/clk_div_646374.log: => Passed
log/clk_div_646374.log: => Passed
log/clk_div_646374.log: => Passed
log/clk_div_646374.log: => Passed
log/clk_div_646374.log: => Passed
log/clk_div_646374.log: => Passed
log/clk_div_646374.log: => Passed
log/clk_div_646374.log: => Passed
log/clk_div_646374.log: => Passed
log/clk_div_646374.log: => Passed
log/clk_div_646374.log: => Passed
log/clk_div_646374.log: => Passed
log/clk_div_646374.log: => Passed
log/clk_div_646374.log: => Passed
log/clk_div_646374.log: => Passed
log/clk_div_646374.log: => Passed
log/clk_div_646374.log: => Passed
log/clk_div_646374.log: => Passed
log/clk_div_646374.log: => Passed
log/clk_div_646374.log: => Passed
log/clk_div_646374.log: => Passed
log/clk_div_646374.log: => Passed
log/clk_div_646374.log: => Passed
log/clk_div_646374.log: => Passed
log/clk_div_646374.log: => Passed
log/clk_div_646374.log: => Passed
log/clk_div_646374.log: => Passed
log/clk_div_646374.log: => Passed
log/clk_div_646374.log: => Passed
log/clk_div_646374.log: => Passed
log/clk_div_646374.log: => Passed
log/clk_div_646374.log: => Passed
log/clk_div_646374.log: => Passed
log/clk_div_646374.log: => Passed
log/clk_div_646374.log: => Passed
log/clk_div_646374.log: => Passed
log/clk_div_646374.log: => Passed
log/clk_div_646374.log: => Passed
log/clk_div_646374.log: => Passed
log/clk_div_646374.log: => Passed
log/clk_div_646374.log: => Passed
log/clk_div_646374.log: => Passed
log/clk_div_646374.log: => Passed
log/clk_div_646374.log: => Passed
log/clk_div_646374.log: => Passed
log/clk_div_646374.log: => Passed
log/clk_div_646374.log: => Passed
log/clk_div_646374.log: => Passed
log/clk_div_646374.log: => Passed
log/clk_div_646374.log: => Passed
log/clk_div_646374.log: => Passed
log/clk_div_646374.log: => Passed
log/clk_div_646374.log: => Passed
log/clk_div_646374.log: => Passed
log/clk_div_646374.log: => Passed
log/clk_div_646374.log: => Passed
log/clk_div_646374.log: => Passed
log/clk_div_646374.log: => Passed
log/clk_div_646374.log: => Passed
log/clk_div_646374.log: => Passed
log/clk_div_646374.log: => Passed
log/clk_div_646374.log: => Passed
log/clk_div_646374.log: => Passed
log/clk_div_646374.log: => Passed
log/clk_div_646374.log: => Passed
log/clk_div_646374.log: => Passed
log/clk_div_646374.log: => Passed
log/clk_div_646374.log: => Passed
log/clk_div_646374.log: => Passed
log/clk_div_646374.log: => Passed
log/clk_div_646374.log: => Passed
log/clk_div_646374.log: => Passed
log/clk_div_646374.log: => Passed
log/clk_div_646374.log: => Passed
log/clk_div_646374.log: => Passed
log/clk_div_646374.log: => Passed
log/clk_div_646374.log: => Passed
log/clk_div_646374.log: => Passed
log/clk_div_646374.log: => Passed
log/clk_div_646374.log: => Passed
log/clk_div_646374.log: => Passed
log/clk_div_646374.log: => Passed
log/clk_div_646374.log: => Passed
log/clk_div_646374.log: => Passed
log/clk_div_646374.log: => Passed
log/clk_div_646374.log: => Passed
log/clk_div_646374.log: => Passed
log/clk_div_646374.log: => Passed
log/clk_div_646374.log: => Passed
log/clk_div_646374.log: => Passed
log/clk_div_646374.log: => Passed
log/clk_div_646374.log: => Passed
log/clk_div_646374.log: => Passed
log/clk_div_646374.log: => Passed
log/clk_div_646374.log: => Passed
log/clk_div_646374.log: => Passed
log/clk_div_646374.log: => Passed
log/clk_div_646374.log: => Passed
log/clk_div_646374.log: => Passed
log/clk_div_646374.log: => Passed
log/clk_div_646374.log: => Passed
log/clk_div_646374.log: => Passed
log/clk_div_646374.log: => Passed
log/clk_div_646374.log: => Passed
log/clk_div_646374.log: => Passed
log/clk_div_646374.log: => Passed
log/clk_div_646374.log: => Passed
log/clk_div_646374.log: => Passed
log/clk_div_646374.log: => Passed
log/clk_div_646374.log: => Passed
log/clk_div_646374.log: => Passed
log/clk_div_646374.log: => Passed
log/clk_div_646374.log: => Passed
log/clk_div_646374.log: => Passed
log/clk_div_646374.log: => Passed
log/clk_div_646374.log: => Passed
log/clk_div_646374.log: => Passed
log/clk_div_646374.log: => Passed
log/clk_div_646374.log: => Passed
log/clk_div_646374.log: => Passed
log/clk_div_646374.log: => Passed
log/clk_div_646374.log: => Passed
log/clk_div_646374.log: => Passed
log/clk_div_646374.log: => Passed
log/clk_div_646374.log: => Passed
log/clk_div_646374.log: => Passed
log/clk_div_646374.log: => Passed
log/clk_div_646374.log: => Passed
log/clk_div_646374.log: => Passed
log/clk_div_646374.log: => Passed
log/clk_div_646374.log: => Passed
log/clk_div_646374.log: => Passed
log/clk_div_646374.log: => Passed
log/clk_div_646374.log: => Passed
log/clk_div_646374.log: => Passed
log/clk_div_646374.log: => Passed
log/clk_div_646374.log: => Passed
log/clk_div_646374.log: => Passed
log/clk_div_646374.log: => Passed
log/clk_div_646374.log: => Passed
log/clk_div_646374.log: => Passed
log/clk_div_646374.log: => Passed
log/clk_div_646374.log: => Passed
log/clk_div_646374.log: => Passed
log/clk_div_646374.log: => Passed
log/clk_div_646374.log: => Passed
log/clk_div_646374.log: => Passed
log/clk_div_646374.log: => Passed
log/clk_div_646374.log: => Passed
log/clk_div_646374.log: => Passed
log/clk_div_646374.log: => Passed
log/clk_div_646374.log: => Passed
log/clk_div_646374.log: => Passed
log/clk_div_646374.log: => Passed
log/clk_div_646374.log: => Passed
log/clk_div_646374.log: => Passed
log/clk_div_646374.log: => Passed
log/clk_div_646374.log: => Passed
log/clk_div_646374.log: => Passed
log/clk_div_646374.log: => Passed
log/clk_div_646374.log: => Passed
log/clk_div_646374.log: => Passed
log/clk_div_646374.log: => Passed
log/clk_div_646374.log: => Passed
log/clk_div_646374.log: => Passed
log/clk_div_646374.log: => Passed
log/clk_div_646374.log: => Passed
log/clk_div_646374.log: => Passed
log/clk_div_646374.log: => Passed
log/clk_div_646374.log: => Passed
log/clk_div_646374.log: => Passed
log/clk_div_646374.log: => Passed
log/clk_div_646374.log: => Passed
log/clk_div_646374.log: => Passed
log/clk_div_646374.log: => Passed
log/clk_div_646374.log: => Passed
log/clk_div_646374.log: => Passed
log/clk_div_646374.log: => Passed
log/clk_div_646374.log: => Passed
log/clk_div_646374.log: => Passed
log/clk_div_646374.log: => Passed
log/clk_div_646374.log: => Passed
log/clk_div_646374.log: => Passed
log/clk_div_646374.log: => Passed
log/clk_div_646374.log: => Passed
log/clk_div_646374.log: => Passed
log/clk_div_646374.log: => Passed
log/clk_div_646374.log: => Passed
log/clk_div_646374.log: => Passed
log/clk_div_646374.log: => Passed
log/clk_div_646374.log: => Passed
log/clk_div_646374.log: => Passed
log/clk_div_646374.log: => Passed
log/clk_div_646374.log: => Passed
log/clk_div_646374.log: => Passed
log/clk_div_646374.log: => Passed
log/clk_div_646374.log: => Passed
log/clk_div_646374.log: => Passed
log/clk_div_646374.log: => Passed
log/clk_div_646374.log: => Passed
log/clk_div_646374.log: => Passed
log/clk_div_646374.log: => Passed
log/clk_div_646374.log: => Passed
log/clk_div_646374.log: => Passed
log/clk_div_646374.log: => Passed
log/clk_div_646374.log: => Passed
log/clk_div_646374.log: => Passed
log/clk_div_646374.log: => Passed
log/clk_div_646374.log: => Passed
log/clk_div_646374.log: => Passed
log/clk_div_646374.log: => Passed
log/clk_div_646374.log: => Passed
log/clk_div_646374.log: => Passed
log/clk_div_646374.log: => Passed
log/clk_div_646374.log: => Passed
log/clk_div_646374.log: => Passed
log/clk_div_646374.log: => Passed
log/clk_div_646374.log: => Passed
log/clk_div_646374.log: => Passed
log/clk_div_646374.log: => Passed
log/clk_div_646374.log: => Passed
log/clk_div_646374.log: => Passed
log/clk_div_646374.log: => Passed
log/clk_div_646374.log: => Passed
log/clk_div_646374.log: => Passed
log/clk_div_646374.log: => Passed
log/clk_div_646374.log: => Passed
log/clk_div_646374.log: => Passed
log/clk_div_646374.log: => Passed
log/clk_div_646374.log: => Passed
log/clk_div_646374.log: => Passed
log/clk_div_646374.log: => Passed
log/clk_div_646374.log: => Passed
log/clk_div_646374.log: => Passed
log/clk_div_646374.log: => Passed
log/clk_div_646374.log: => Passed
log/clk_div_646374.log: => Passed
log/clk_div_646374.log: => Passed
log/clk_div_646374.log: => Passed
log/clk_div_646374.log: => Passed
log/clk_div_646374.log: => Passed
log/clk_div_646374.log: => Passed
log/clk_div_646374.log: => Passed
log/clk_div_646374.log: => Passed
log/clk_div_646374.log: => Passed
log/clk_div_646374.log: => Passed
log/clk_div_646374.log: => Passed
log/clk_div_646374.log: => Passed
log/clk_div_646374.log: => Passed
log/clk_div_646374.log: => Passed
log/clk_div_646374.log: => Passed
log/clk_div_646374.log: => Passed
log/clk_div_646374.log: => Passed
log/clk_div_646374.log: => Passed
log/clk_div_646374.log: => Passed
log/clk_div_646374.log: => Passed
log/clk_div_646374.log: => Passed
log/clk_div_646374.log: => Passed
log/clk_div_646374.log: => Passed
log/clk_div_646374.log: => Passed
log/clk_div_646374.log: => Passed
log/clk_div_646374.log: => Passed
log/clk_div_646374.log: => Passed
log/clk_div_646374.log: => Passed
log/clk_div_646374.log: => Passed
log/clk_div_646374.log: => Passed
log/clk_div_646374.log: => Passed
log/clk_div_646374.log: => Passed
log/clk_div_646374.log: => Passed
log/clk_div_646374.log: => Passed
log/clk_div_646374.log: => Passed
log/clk_div_646374.log: => Passed
log/clk_div_646374.log: => Passed
log/clk_div_646374.log: => Passed
log/clk_div_646374.log: => Passed
log/clk_div_646374.log: => Passed
log/clk_div_646374.log: => Passed
log/clk_div_646374.log: => Passed
log/clk_div_646374.log: => Passed
log/clk_div_646374.log: => Passed
log/clk_div_646374.log: => Passed
log/clk_div_646374.log: => Passed
log/clk_div_646374.log: => Passed
log/clk_div_646374.log: => Passed
log/clk_div_646374.log: => Passed
log/clk_div_646374.log: => Passed
log/clk_div_646374.log: => Passed
log/clk_div_646374.log: => Passed
log/clk_div_646374.log: => Passed
log/clk_div_646374.log: => Passed
log/clk_div_646374.log: => Passed
log/clk_div_646374.log: => Passed
log/clk_div_646374.log: => Passed
log/counter_chk_472643.log: => Passed
log/counter_chk_472643.log: => Passed
log/counter_chk_472643.log: => Passed
log/counter_chk_472643.log: => Passed
log/counter_chk_472643.log: => Passed
log/counter_chk_472643.log: => Passed
log/counter_chk_472643.log: => Passed
log/counter_chk_472643.log: => Passed
log/counter_chk_472643.log: => Passed
log/counter_chk_472643.log: => Passed
log/counter_chk_472643.log: => Passed
log/counter_chk_472643.log: => Passed
log/counter_chk_472643.log: => Passed
log/counter_chk_472643.log: => Passed
log/counter_chk_472643.log: => Passed
log/counter_chk_472643.log: => Passed
log/counter_chk_472643.log: => Passed
log/counter_chk_472643.log: => Passed
log/counter_chk_472643.log: => Passed
log/counter_chk_472643.log: => Passed
log/counter_chk_472643.log: => Passed
log/counter_chk_472643.log: => Passed
log/counter_chk_472643.log: => Passed
log/counter_chk_472643.log: => Passed
log/counter_chk_472643.log: => Passed
log/counter_chk_472643.log: => Passed
log/counter_chk_472643.log: => Passed
log/counter_chk_472643.log: => Passed
log/counter_chk_472643.log: => Passed
log/counter_chk_472643.log: => Passed
log/counter_chk_472643.log: => Passed
log/counter_chk_472643.log: => Passed
log/counter_chk_472643.log: => Passed
log/counter_chk_472643.log: => Passed
log/counter_chk_472643.log: => Passed
log/counter_chk_472643.log: => Passed
log/counter_chk_472643.log: => Passed
log/counter_chk_472643.log: => Passed
log/counter_chk_472643.log: => Passed
log/counter_chk_472643.log: => Passed
log/counter_chk_472643.log: => Passed
log/counter_chk_472643.log: => Passed
log/counter_chk_472643.log: => Passed
log/counter_chk_472643.log: => Passed
log/counter_chk_472643.log: => Passed
log/counter_chk_472643.log: => Passed
log/counter_chk_472643.log: => Passed
log/counter_chk_472643.log: => Passed
log/counter_chk_472643.log: => Passed
log/counter_chk_472643.log: => Passed
log/counter_chk_472643.log: => Passed
log/counter_chk_472643.log: => Passed
log/counter_chk_472643.log: => Passed
log/counter_chk_472643.log: => Passed
log/counter_chk_472643.log: => Passed
log/counter_chk_472643.log: => Passed
log/counter_chk_472643.log: => Passed
log/counter_chk_472643.log: => Passed
log/counter_chk_472643.log: => Passed
log/counter_chk_472643.log: => Passed
log/counter_chk_472643.log: => Passed
log/counter_chk_472643.log: => Passed
log/counter_chk_472643.log: => Passed
log/counter_chk_472643.log: => Passed
log/counter_chk_472643.log: => Passed
log/counter_chk_472643.log: => Passed
log/counter_chk_472643.log: => Passed
log/counter_chk_472643.log: => Passed
log/counter_chk_472643.log: => Passed
log/counter_chk_472643.log: => Passed
log/counter_chk_472643.log: => Passed
log/counter_chk_472643.log: => Passed
log/counter_chk_472643.log: => Passed
log/counter_chk_472643.log: => Passed
log/counter_chk_472643.log: => Passed
log/counter_chk_472643.log: => Passed
log/counter_chk_472643.log: => Passed
log/counter_chk_472643.log: => Passed
log/counter_chk_472643.log: => Passed
log/counter_chk_472643.log: => Passed
log/counter_chk_472643.log: => Passed
log/counter_chk_472643.log: => Passed
log/counter_chk_472643.log: => Passed
log/counter_chk_472643.log: => Passed
log/counter_chk_472643.log: => Passed
log/counter_chk_472643.log: => Passed
log/counter_chk_472643.log: => Passed
log/counter_chk_472643.log: => Passed
log/counter_chk_472643.log: => Passed
log/counter_chk_472643.log: => Passed
log/counter_chk_472643.log: => Passed
log/counter_chk_472643.log: => Passed
log/counter_chk_472643.log: => Passed
log/counter_chk_472643.log: => Passed
log/counter_chk_472643.log: => Passed
log/counter_chk_472643.log: => Passed
log/counter_chk_472643.log: => Passed
log/counter_chk_472643.log: => Passed
log/counter_chk_472643.log: => Passed
log/counter_chk_472643.log: => Passed
log/counter_chk_472643.log: => Passed
log/counter_chk_472643.log: => Passed
log/counter_chk_472643.log: => Passed
log/counter_chk_472643.log: => Passed
log/counter_chk_472643.log: => Passed
log/counter_chk_472643.log: => Passed
log/counter_chk_472643.log: => Passed
log/counter_chk_472643.log: => Passed
log/counter_chk_472643.log: => Passed
log/counter_chk_472643.log: => Passed
log/counter_chk_472643.log: => Passed
log/counter_chk_472643.log: => Passed
log/counter_chk_472643.log: => Passed
log/counter_chk_472643.log: => Passed
log/counter_chk_472643.log: => Passed
log/counter_chk_472643.log: => Passed
log/counter_chk_472643.log: => Passed
log/counter_chk_472643.log: => Passed
log/counter_chk_472643.log: => Passed
log/counter_chk_472643.log: => Passed
log/counter_chk_472643.log: => Passed
log/counter_chk_472643.log: => Passed
log/counter_chk_472643.log: => Passed
log/counter_chk_472643.log: => Passed
log/counter_chk_472643.log: => Passed
log/counter_chk_472643.log: => Passed
log/counter_chk_472643.log: => Passed
log/counter_chk_472643.log: => Passed
log/counter_chk_472643.log: => Passed
log/counter_chk_472643.log: => Passed
log/counter_chk_472643.log: => Passed
log/counter_chk_472643.log: => Passed
log/counter_chk_472643.log: => Passed
log/counter_chk_472643.log: => Passed
log/counter_chk_472643.log: => Passed
log/counter_chk_472643.log: => Passed
log/counter_chk_472643.log: => Passed
log/counter_chk_472643.log: => Passed
log/counter_chk_472643.log: => Passed
log/counter_chk_472643.log: => Passed
log/counter_chk_472643.log: => Passed
log/counter_chk_472643.log: => Passed
log/counter_chk_472643.log: => Passed
log/counter_chk_472643.log: => Passed
log/counter_chk_472643.log: => Passed
log/counter_chk_472643.log: => Passed
log/counter_chk_472643.log: => Passed
log/counter_chk_472643.log: => Passed
log/counter_chk_472643.log: => Passed
log/counter_chk_472643.log: => Passed
log/counter_chk_472643.log: => Passed
log/counter_chk_472643.log: => Passed
log/counter_chk_472643.log: => Passed
log/counter_chk_472643.log: => Passed
log/counter_chk_472643.log: => Passed
log/counter_chk_472643.log: => Passed
log/counter_chk_472643.log: => Passed
log/counter_chk_472643.log: => Passed
log/counter_chk_472643.log: => Passed
log/counter_chk_472643.log: => Passed
log/counter_chk_472643.log: => Passed
log/counter_chk_472643.log: => Passed
log/counter_chk_472643.log: => Passed
log/counter_chk_472643.log: => Passed
log/counter_chk_472643.log: => Passed
log/counter_chk_472643.log: => Passed
log/counter_chk_472643.log: => Passed
log/counter_chk_472643.log: => Passed
log/counter_chk_472643.log: => Passed
log/counter_chk_472643.log: => Passed
log/counter_chk_472643.log: => Passed
log/counter_chk_472643.log: => Passed
log/counter_chk_472643.log: => Passed
log/counter_chk_472643.log: => Passed
log/counter_chk_472643.log: => Passed
log/counter_chk_472643.log: => Passed
log/counter_chk_472643.log: => Passed
log/counter_chk_472643.log: => Passed
log/counter_chk_472643.log: => Passed
log/counter_chk_472643.log: => Passed
log/counter_chk_472643.log: => Passed
log/counter_chk_472643.log: => Passed
log/counter_chk_472643.log: => Passed
log/counter_chk_472643.log: => Passed
log/counter_chk_472643.log: => Passed
log/counter_chk_472643.log: => Passed
log/counter_chk_472643.log: => Passed
log/counter_chk_472643.log: => Passed
log/counter_chk_472643.log: => Passed
log/counter_chk_472643.log: => Passed
log/counter_chk_472643.log: => Passed
log/counter_chk_472643.log: => Passed
log/counter_chk_472643.log: => Passed
log/counter_chk_472643.log: => Passed
log/counter_chk_472643.log: => Passed
log/counter_chk_472643.log: => Passed
log/counter_chk_472643.log: => Passed
log/counter_chk_472643.log: => Passed
log/counter_chk_472643.log: => Passed
log/counter_chk_472643.log: => Passed
log/counter_chk_472643.log: => Passed
log/counter_chk_472643.log: => Passed
log/counter_chk_472643.log: => Passed
log/counter_chk_472643.log: => Passed
log/counter_chk_472643.log: => Passed
log/counter_chk_472643.log: => Passed
log/counter_chk_472643.log: => Passed
log/counter_chk_472643.log: => Passed
log/counter_chk_472643.log: => Passed
log/counter_chk_472643.log: => Passed
log/counter_chk_472643.log: => Passed
log/counter_chk_472643.log: => Passed
log/counter_chk_472643.log: => Passed
log/counter_chk_472643.log: => Passed
log/counter_chk_472643.log: => Passed
log/counter_chk_472643.log: => Passed
log/counter_chk_472643.log: => Passed
log/counter_chk_472643.log: => Passed
log/counter_chk_472643.log: => Passed
log/counter_chk_472643.log: => Passed
log/counter_chk_472643.log: => Passed
log/counter_chk_472643.log: => Passed
log/counter_chk_472643.log: => Passed
log/counter_chk_472643.log: => Passed
log/counter_chk_472643.log: => Passed
log/counter_chk_472643.log: => Passed
log/counter_chk_472643.log: => Passed
log/counter_chk_472643.log: => Passed
log/counter_chk_472643.log: => Passed
log/counter_chk_472643.log: => Passed
log/counter_chk_472643.log: => Passed
log/counter_chk_472643.log: => Passed
log/counter_chk_472643.log: => Passed
log/counter_chk_472643.log: => Passed
log/counter_chk_472643.log: => Passed
log/counter_chk_472643.log: => Passed
log/counter_chk_472643.log: => Passed
log/counter_chk_472643.log: => Passed
log/counter_chk_472643.log: => Passed
log/counter_chk_472643.log: => Passed
log/counter_chk_472643.log: => Passed
log/counter_chk_472643.log: => Passed
log/counter_chk_472643.log: => Passed
log/counter_chk_472643.log: => Passed
log/counter_chk_472643.log: => Passed
log/counter_chk_472643.log: => Passed
log/counter_chk_472643.log: => Passed
log/counter_chk_472643.log: => Passed
log/counter_chk_472643.log: => Passed
log/counter_chk_472643.log: => Passed
log/counter_chk_472643.log: => Passed
log/counter_chk_472643.log: => Passed
log/counter_chk_472643.log: => Passed
log/counter_chk_472643.log: => Passed
log/counter_chk_472643.log: => Passed
log/counter_chk_472643.log: => Passed
log/counter_chk_472643.log: => Passed
log/counter_chk_472643.log: => Passed
log/counter_chk_472643.log: => Passed
log/counter_chk_472643.log: => Passed
log/counter_chk_472643.log: => Passed
log/counter_chk_472643.log: => Passed
log/counter_chk_472643.log: => Passed
log/counter_chk_472643.log: => Passed
log/counter_chk_472643.log: => Passed
log/counter_chk_472643.log: => Passed
log/counter_chk_472643.log: => Passed
log/counter_chk_472643.log: => Passed
log/counter_chk_472643.log: => Passed
log/counter_chk_472643.log: => Passed
log/counter_chk_472643.log: => Passed
log/counter_chk_472643.log: => Passed
log/counter_chk_472643.log: => Passed
log/counter_chk_472643.log: => Passed
log/counter_chk_472643.log: => Passed
log/counter_chk_472643.log: => Passed
log/counter_chk_472643.log: => Passed
log/counter_chk_472643.log: => Passed
log/counter_chk_472643.log: => Passed
log/counter_chk_472643.log: => Passed
log/counter_chk_472643.log: => Passed
log/counter_chk_472643.log: => Passed
log/counter_chk_472643.log: => Passed
log/counter_chk_472643.log: => Passed
log/counter_chk_472643.log: => Passed
log/counter_chk_472643.log: => Passed
log/counter_chk_472643.log: => Passed
log/counter_chk_472643.log: => Passed
log/counter_chk_472643.log: => Passed
log/counter_chk_472643.log: => Passed
log/counter_chk_472643.log: => Passed
log/counter_chk_472643.log: => Passed
log/counter_chk_472643.log: => Passed
log/counter_chk_472643.log: => Passed
log/counter_chk_472643.log: => Passed
log/counter_chk_472643.log: => Passed
log/counter_chk_472643.log: => Passed
log/counter_chk_472643.log: => Passed
log/counter_chk_472643.log: => Passed
log/counter_chk_472643.log: => Passed
log/counter_chk_472643.log: => Passed
log/counter_chk_472643.log: => Passed
log/counter_chk_472643.log: => Passed
log/counter_chk_472643.log: => Passed
log/counter_chk_472643.log: => Passed
log/counter_chk_472643.log: => Passed
log/counter_chk_472643.log: => Passed
log/counter_chk_472643.log: => Passed
log/counter_chk_472643.log: => Passed
log/counter_chk_472643.log: => Passed
log/counter_chk_472643.log: => Passed
log/counter_chk_472643.log: => Passed
log/counter_chk_472643.log: => Passed
log/counter_chk_472643.log: => Passed
log/counter_chk_472643.log: => Passed
log/counter_chk_472643.log: => Passed
log/counter_chk_472643.log: => Passed
log/counter_chk_472643.log: => Passed
log/counter_chk_472643.log: => Passed
log/counter_chk_472643.log: => Passed
log/counter_chk_472643.log: => Passed
log/counter_chk_472643.log: => Passed
log/counter_chk_472643.log: => Passed
log/counter_chk_472643.log: => Passed
log/counter_chk_472643.log: => Passed
log/counter_chk_472643.log: => Passed
log/counter_chk_472643.log: => Passed
log/counter_chk_472643.log: => Passed
log/counter_chk_472643.log: => Passed
log/counter_chk_472643.log: => Passed
log/counter_chk_472643.log: => Passed
log/counter_chk_472643.log: => Passed
log/counter_chk_472643.log: => Passed
log/counter_chk_472643.log: => Passed
log/counter_chk_472643.log: => Passed
log/counter_chk_472643.log: => Passed
log/counter_chk_472643.log: => Passed
log/counter_chk_472643.log: => Passed
log/counter_chk_472643.log: => Passed
log/counter_chk_472643.log: => Passed
log/counter_chk_472643.log: => Passed
log/counter_chk_472643.log: => Passed
log/counter_chk_472643.log: => Passed
log/counter_chk_472643.log: => Passed
log/counter_chk_472643.log: => Passed
log/counter_chk_472643.log: => Passed
log/counter_chk_472643.log: => Passed
log/counter_chk_472643.log: => Passed
log/counter_chk_472643.log: => Passed
log/counter_chk_472643.log: => Passed
log/counter_chk_472643.log: => Passed
log/counter_chk_472643.log: => Passed
log/counter_chk_472643.log: => Passed
log/counter_chk_472643.log: => Passed
log/counter_chk_472643.log: => Passed
log/counter_chk_472643.log: => Passed
log/counter_chk_472643.log: => Passed
log/counter_chk_472643.log: => Passed
log/counter_chk_472643.log: => Passed
log/counter_chk_472643.log: => Passed
log/counter_chk_472643.log: => Passed
log/counter_chk_472643.log: => Passed
log/counter_chk_472643.log: => Passed
log/counter_chk_472643.log: => Passed
log/counter_chk_472643.log: => Passed
log/counter_chk_472643.log: => Passed
log/counter_chk_472643.log: => Passed
log/counter_chk_472643.log: => Passed
log/counter_chk_472643.log: => Passed
log/counter_chk_472643.log: => Passed
log/counter_chk_472643.log: => Passed
log/counter_chk_472643.log: => Passed
log/counter_chk_472643.log: => Passed
log/counter_chk_472643.log: => Passed
log/counter_chk_472643.log: => Passed
log/counter_chk_472643.log: => Passed
log/counter_chk_472643.log: => Passed
log/counter_chk_472643.log: => Passed
log/counter_chk_472643.log: => Passed
log/counter_chk_472643.log: => Passed
log/counter_chk_472643.log: => Passed
log/counter_chk_472643.log: => Passed
log/counter_chk_472643.log: => Passed
log/counter_chk_472643.log: => Passed
log/counter_chk_472643.log: => Passed
log/counter_chk_472643.log: => Passed
log/counter_chk_472643.log: => Passed
log/counter_chk_472643.log: => Passed
log/counter_chk_472643.log: => Passed
log/counter_chk_472643.log: => Passed
log/counter_chk_472643.log: => Passed
log/counter_chk_472643.log: => Passed
log/counter_chk_472643.log: => Passed
log/counter_chk_472643.log: => Passed
log/counter_chk_472643.log: => Passed
log/counter_chk_472643.log: => Passed
log/counter_chk_472643.log: => Passed
log/counter_chk_472643.log: => Passed
log/counter_chk_472643.log: => Passed
log/counter_chk_472643.log: => Passed
log/counter_chk_472643.log: => Passed
log/counter_chk_472643.log: => Passed
log/counter_chk_472643.log: => Passed
log/counter_chk_472643.log: => Passed
log/counter_chk_472643.log: => Passed
log/counter_chk_472643.log: => Passed
log/counter_chk_472643.log: => Passed
log/counter_chk_472643.log: => Passed
log/counter_chk_472643.log: => Passed
log/counter_chk_472643.log: => Passed
log/counter_chk_472643.log: => Passed
log/counter_chk_472643.log: => Passed
log/counter_chk_472643.log: => Passed
log/counter_chk_472643.log: => Passed
log/counter_chk_472643.log: => Passed
log/counter_chk_472643.log: => Passed
log/counter_chk_472643.log: => Passed
log/counter_chk_472643.log: => Passed
log/counter_chk_472643.log: => Passed
log/counter_chk_472643.log: => Passed
log/counter_chk_472643.log: => Passed
log/counter_chk_472643.log: => Passed
log/counter_chk_472643.log: => Passed
log/counter_chk_472643.log: => Passed
log/counter_chk_472643.log: => Passed
log/counter_chk_472643.log: => Passed
log/counter_chk_472643.log: => Passed
log/counter_chk_472643.log: => Passed
log/counter_chk_472643.log: => Passed
log/counter_chk_472643.log: => Passed
log/counter_chk_472643.log: => Passed
log/counter_chk_472643.log: => Passed
log/counter_chk_472643.log: => Passed
log/counter_chk_472643.log: => Passed
log/counter_chk_472643.log: => Passed
log/counter_chk_472643.log: => Passed
log/counter_chk_472643.log: => Passed
log/counter_chk_472643.log: => Passed
log/counter_chk_472643.log: => Passed
log/counter_chk_472643.log: => Passed
log/counter_chk_472643.log: => Passed
log/counter_chk_472643.log: => Passed
log/counter_chk_472643.log: => Passed
log/counter_chk_472643.log: => Passed
log/counter_chk_472643.log: => Passed
log/counter_chk_472643.log: => Passed
log/counter_chk_472643.log: => Passed
log/counter_chk_472643.log: => Passed
log/counter_chk_472643.log: => Passed
log/counter_chk_472643.log: => Passed
log/counter_chk_472643.log: => Passed
log/counter_chk_472643.log: => Passed
log/counter_chk_472643.log: => Passed
log/counter_chk_472643.log: => Passed
log/counter_chk_472643.log: => Passed
log/counter_chk_472643.log: => Passed
log/counter_chk_472643.log: => Passed
log/counter_chk_472643.log: => Passed
log/counter_chk_472643.log: => Passed
log/counter_chk_472643.log: => Passed
log/counter_chk_472643.log: => Passed
log/counter_chk_472643.log: => Passed
log/counter_chk_472643.log: => Passed
log/counter_chk_472643.log: => Passed
log/counter_chk_472643.log: => Passed
log/counter_chk_472643.log: => Passed
log/counter_chk_472643.log: => Passed
log/counter_chk_472643.log: => Passed
log/counter_chk_472643.log: => Passed
log/counter_chk_472643.log: => Passed
log/counter_chk_472643.log: => Passed
log/counter_chk_472643.log: => Passed
log/counter_chk_472643.log: => Passed
log/counter_chk_472643.log: => Passed
log/counter_chk_472643.log: => Passed
log/counter_chk_472643.log: => Passed
log/counter_chk_472643.log: => Passed
log/counter_chk_472643.log: => Passed
log/counter_chk_472643.log: => Passed
log/counter_chk_472643.log: => Passed
log/counter_chk_472643.log: => Passed
log/counter_chk_472643.log: => Passed
log/counter_chk_472643.log: => Passed
log/counter_chk_472643.log: => Passed
log/counter_chk_472643.log: => Passed
log/counter_chk_472643.log: => Passed
log/counter_chk_472643.log: => Passed
log/counter_chk_472643.log: => Passed
log/counter_chk_472643.log: => Passed
log/counter_chk_472643.log: => Passed
log/counter_chk_472643.log: => Passed
log/counter_chk_472643.log: => Passed
log/counter_chk_472643.log: => Passed
log/counter_chk_472643.log: => Passed
log/counter_chk_472643.log: => Passed
log/counter_chk_472643.log: => Passed
log/counter_chk_472643.log: => Passed
log/counter_chk_472643.log: => Passed
log/counter_chk_472643.log: => Passed
log/counter_chk_472643.log: => Passed
log/counter_chk_472643.log: => Passed
log/counter_chk_472643.log: => Passed
log/counter_chk_472643.log: => Passed
log/counter_chk_472643.log: => Passed
log/counter_chk_472643.log: => Passed
log/counter_chk_472643.log: => Passed
log/counter_chk_472643.log: => Passed
log/counter_chk_472643.log: => Passed
log/counter_chk_472643.log: => Passed
log/counter_chk_472643.log: => Passed
log/counter_chk_472643.log: => Passed
log/counter_chk_472643.log: => Passed
log/ovf_int_chk_132796.log: => Passed
log/ovf_int_chk_132796.log: => Passed
log/ovf_int_chk_132796.log: => Passed
log/register_chk_285816.log: => Passed
log/register_chk_285816.log: => Passed
log/register_chk_285816.log: => Passed
log/register_chk_285816.log: => Passed
log/register_chk_285816.log: => Passed
log/register_chk_285816.log: => Passed
log/register_chk_285816.log: => Passed
log/register_chk_285816.log: => Passed
log/register_chk_285816.log: => Passed
log/register_chk_285816.log: => Passed
log/register_chk_285816.log: => Passed
log/register_chk_285816.log: => Passed
log/register_chk_285816.log: => Passed
log/register_chk_285816.log: => Passed
log/register_chk_285816.log: => Passed
log/register_chk_285816.log: => Passed
log/register_chk_285816.log: => Passed
log/register_chk_285816.log: => Passed
log/register_chk_285816.log: => Passed
log/register_chk_285816.log: => Passed
log/register_chk_285816.log: => Passed
log/register_chk_285816.log: => Passed
log/signal_chk_325767.log: => Passed
log/signal_chk_325767.log: => Passed
log/signal_chk_325767.log: => Passed
log/udf_int_chk_960422.log: => Passed
log/udf_int_chk_960422.log: => Passed
log/udf_int_chk_960422.log: => Passed
-----------------------------------------------------------
