# vsim -sv_seed 727910 -coverage -coveranalysis -debugDB -l udf_int_chk_727910.log -voptargs="+acc" -assertdebug -c testbench -do "coverage save -codeAll -cvg -onexit udf_int_chk.ucdb; log -r /*;run -all;" "+udf_int_chk" 
# Start time: 08:27:50 on May 12,2026
# ** Note: (vsim-8009) Loading existing optimized design _opt
# //  Questa Sim-64
# //  Version 10.6d_1 linux_x86_64 Apr 11 2018
# //
# //  Copyright 1991-2018 Mentor Graphics Corporation
# //  All Rights Reserved.
# //
# //  QuestaSim and its associated documentation contain trade
# //  secrets and commercial or financial information that are the property of
# //  Mentor Graphics Corporation and are privileged, confidential,
# //  and exempt from disclosure under the Freedom of Information Act,
# //  5 U.S.C. Section 552. Furthermore, this information
# //  is prohibited from disclosure under the Trade Secrets Act,
# //  18 U.S.C. Section 1905.
# //
# Loading sv_std.std
# Loading work.dut_if(fast)
# Loading work.timer_pkg(fast)
# Loading work.test_pkg(fast)
# Loading work.testbench(fast)
# Loading work.dut_if(fast)
# Loading work.timer_top(fast)
# Loading work.timer_register(fast)
# Loading work.timer_clock_divisor(fast)
# Loading work.timer_counter(fast)
# Loading work.timer_interrupt(fast)
# ** Note: (vsim-8716) Reusing existing debug database vsim.dbg.
# coverage save -codeAll -cvg -onexit udf_int_chk.ucdb
#  log -r /*
# run -all
# [Environment] Environment is building
# 
# ===== t=0 Case 5.1 Underflow status check =====
# 
# [Stimulus] Packet is sent to Driver
# [Driver] Data is sent to DUT
# [Monitor] Data is sent to Scoreboard
# [base] Write finished! Write data 02 at Address 03
# [Scoreboard] Get packet from Monitor: Address: 03, Data: 00
# [Stimulus] Packet is sent to Driver
# [Driver] Data is sent to DUT
# [Monitor] Data is sent to Scoreboard
# [base] Write finished! Write data 03 at Address 00
# [Scoreboard] Get packet from Monitor: Address: 00, Data: 00
# [Stimulus] Packet is sent to Driver
# [Monitor] Data is sent to Scoreboard
# [Driver] Data is sent to DUT
# [Scoreboard] Get packet from Monitor: Address: 01, Data: 02
# [Base] t=1470001  Read finished! At Address 01, Data is 02
# 
# ===== t=1470001 PASSED SUCCESSFULLY!!! Underflow of TSR is turned on =====
# 
# 
# ===== t=1490001 Interrupt is caught successfully =====
# 
# 
# ===== t=1490001 Case 5.2 Clear underflow stauts of TSR =====
# 
# [Stimulus] Packet is sent to Driver
# [Driver] Data is sent to DUT
# [Monitor] Data is sent to Scoreboard
# [base] Write finished! Write data 01 at Address 01
# [Scoreboard] Get packet from Monitor: Address: 01, Data: 00
# [Stimulus] Packet is sent to Driver
# [Driver] Data is sent to DUT
# [Monitor] Data is sent to Scoreboard
# [Base] t=1610001  Read finished! At Address 01, Data is 02
# 
# ===== t=1610001 PASSED SUCCESSFULLY!!!! Expected value is 02, Actual value is 02 =====
# 
# [Scoreboard] Get packet from Monitor: Address: 01, Data: 02
# [Stimulus] Packet is sent to Driver
# [Driver] Data is sent to DUT
# [Monitor] Data is sent to Scoreboard
# [base] Write finished! Write data 02 at Address 01
# [Scoreboard] Get packet from Monitor: Address: 01, Data: 00
# [Stimulus] Packet is sent to Driver
# [Driver] Data is sent to DUT
# [Monitor] Data is sent to Scoreboard
# [Base] t=1730001  Read finished! At Address 01, Data is 00
# 
# ===== t=1730001 PASSED SUCCESSFULLY!!!! Expected value is 00, Actual value is 00 =====
# 
# [Scoreboard] Get packet from Monitor: Address: 01, Data: 00
# [Base] End simulation
# ** Note: $finish    : ../testcase/base_test.sv(209)
#    Time: 2730001 ps  Iteration: 0  Instance: /testbench
# Saving coverage database on exit...
# End time: 08:27:51 on May 12,2026, Elapsed time: 0:00:01
# Errors: 0, Warnings: 0
