###########################################################
####               ICTC Regression Report              ####
###########################################################
Total testcase run: 1895
Passed            : 1892
Failed            : 0
Unknown           : 3
Used time         : 14s
-----------------------------------------------------------
Run log detail:
log/uart_baud_rate_test_1.log => Unknown
log/uart_baud_rate_test_262149.log => Unknown
log/uart_baud_rate_test_469866.log => Unknown
log/uart_data_frame_test_301759.log: => Passed
log/uart_data_frame_test_301759.log: => Passed
log/uart_data_frame_test_301759.log: => Passed
log/uart_data_frame_test_301759.log: => Passed
log/uart_data_frame_test_301759.log: => Passed
log/uart_data_frame_test_301759.log: => Passed
log/uart_data_frame_test_301759.log: => Passed
log/uart_data_frame_test_301759.log: => Passed
log/uart_data_frame_test_301759.log: => Passed
log/uart_data_frame_test_301759.log: => Passed
log/uart_data_frame_test_301759.log: => Passed
log/uart_data_frame_test_301759.log: => Passed
log/uart_data_frame_test_301759.log: => Passed
log/uart_data_frame_test_301759.log: => Passed
log/uart_data_frame_test_301759.log: => Passed
log/uart_data_frame_test_301759.log: => Passed
log/uart_data_frame_test_962054.log: => Passed
log/uart_data_frame_test_962054.log: => Passed
log/uart_data_frame_test_962054.log: => Passed
log/uart_data_frame_test_962054.log: => Passed
log/uart_data_frame_test_962054.log: => Passed
log/uart_data_frame_test_962054.log: => Passed
log/uart_data_frame_test_962054.log: => Passed
log/uart_data_frame_test_962054.log: => Passed
log/uart_data_frame_test_962054.log: => Passed
log/uart_data_frame_test_962054.log: => Passed
log/uart_data_frame_test_962054.log: => Passed
log/uart_data_frame_test_962054.log: => Passed
log/uart_data_frame_test_962054.log: => Passed
log/uart_data_frame_test_962054.log: => Passed
log/uart_data_frame_test_962054.log: => Passed
log/uart_data_frame_test_962054.log: => Passed
log/uart_parity_test_1.log: => Passed
log/uart_parity_test_1.log: => Passed
log/uart_parity_test_1.log: => Passed
log/uart_parity_test_1.log: => Passed
log/uart_parity_test_1.log: => Passed
log/uart_parity_test_1.log: => Passed
log/uart_parity_test_1.log: => Passed
log/uart_parity_test_1.log: => Passed
log/uart_parity_test_1.log: => Passed
log/uart_parity_test_1.log: => Passed
log/uart_parity_test_1.log: => Passed
log/uart_parity_test_1.log: => Passed
log/uart_parity_test_309299.log: => Passed
log/uart_parity_test_309299.log: => Passed
log/uart_parity_test_309299.log: => Passed
log/uart_parity_test_309299.log: => Passed
log/uart_parity_test_309299.log: => Passed
log/uart_parity_test_309299.log: => Passed
log/uart_parity_test_309299.log: => Passed
log/uart_parity_test_309299.log: => Passed
log/uart_parity_test_309299.log: => Passed
log/uart_parity_test_309299.log: => Passed
log/uart_parity_test_309299.log: => Passed
log/uart_parity_test_309299.log: => Passed
log/uart_parity_test_631131.log: => Passed
log/uart_parity_test_631131.log: => Passed
log/uart_parity_test_631131.log: => Passed
log/uart_parity_test_631131.log: => Passed
log/uart_parity_test_631131.log: => Passed
log/uart_parity_test_631131.log: => Passed
log/uart_parity_test_631131.log: => Passed
log/uart_parity_test_631131.log: => Passed
log/uart_parity_test_631131.log: => Passed
log/uart_parity_test_631131.log: => Passed
log/uart_parity_test_631131.log: => Passed
log/uart_parity_test_631131.log: => Passed
log/uart_random_test_1.log: => Passed
log/uart_random_test_1.log: => Passed
log/uart_random_test_1.log: => Passed
log/uart_random_test_1.log: => Passed
log/uart_random_test_1.log: => Passed
log/uart_random_test_1.log: => Passed
log/uart_random_test_1.log: => Passed
log/uart_random_test_1.log: => Passed
log/uart_random_test_1.log: => Passed
log/uart_random_test_1.log: => Passed
log/uart_random_test_1.log: => Passed
log/uart_random_test_1.log: => Passed
log/uart_random_test_1.log: => Passed
log/uart_random_test_1.log: => Passed
log/uart_random_test_1.log: => Passed
log/uart_random_test_1.log: => Passed
log/uart_random_test_1.log: => Passed
log/uart_random_test_1.log: => Passed
log/uart_random_test_1.log: => Passed
log/uart_random_test_1.log: => Passed
log/uart_random_test_1.log: => Passed
log/uart_random_test_1.log: => Passed
log/uart_random_test_1.log: => Passed
log/uart_random_test_1.log: => Passed
log/uart_random_test_1.log: => Passed
log/uart_random_test_1.log: => Passed
log/uart_random_test_1.log: => Passed
log/uart_random_test_1.log: => Passed
log/uart_random_test_1.log: => Passed
log/uart_random_test_1.log: => Passed
log/uart_random_test_1.log: => Passed
log/uart_random_test_1.log: => Passed
log/uart_random_test_1.log: => Passed
log/uart_random_test_1.log: => Passed
log/uart_random_test_1.log: => Passed
log/uart_random_test_1.log: => Passed
log/uart_random_test_1.log: => Passed
log/uart_random_test_1.log: => Passed
log/uart_random_test_1.log: => Passed
log/uart_random_test_1.log: => Passed
log/uart_random_test_1.log: => Passed
log/uart_random_test_1.log: => Passed
log/uart_random_test_1.log: => Passed
log/uart_random_test_1.log: => Passed
log/uart_random_test_1.log: => Passed
log/uart_random_test_1.log: => Passed
log/uart_random_test_1.log: => Passed
log/uart_random_test_1.log: => Passed
log/uart_random_test_1.log: => Passed
log/uart_random_test_1.log: => Passed
log/uart_random_test_1.log: => Passed
log/uart_random_test_1.log: => Passed
log/uart_random_test_1.log: => Passed
log/uart_random_test_1.log: => Passed
log/uart_random_test_1.log: => Passed
log/uart_random_test_1.log: => Passed
log/uart_random_test_1.log: => Passed
log/uart_random_test_1.log: => Passed
log/uart_random_test_1.log: => Passed
log/uart_random_test_1.log: => Passed
log/uart_random_test_1.log: => Passed
log/uart_random_test_1.log: => Passed
log/uart_random_test_1.log: => Passed
log/uart_random_test_1.log: => Passed
log/uart_random_test_1.log: => Passed
log/uart_random_test_1.log: => Passed
log/uart_random_test_1.log: => Passed
log/uart_random_test_1.log: => Passed
log/uart_random_test_1.log: => Passed
log/uart_random_test_1.log: => Passed
log/uart_random_test_1.log: => Passed
log/uart_random_test_1.log: => Passed
log/uart_random_test_1.log: => Passed
log/uart_random_test_1.log: => Passed
log/uart_random_test_1.log: => Passed
log/uart_random_test_1.log: => Passed
log/uart_random_test_1.log: => Passed
log/uart_random_test_1.log: => Passed
log/uart_random_test_1.log: => Passed
log/uart_random_test_1.log: => Passed
log/uart_random_test_1.log: => Passed
log/uart_random_test_1.log: => Passed
log/uart_random_test_1.log: => Passed
log/uart_random_test_1.log: => Passed
log/uart_random_test_1.log: => Passed
log/uart_random_test_1.log: => Passed
log/uart_random_test_1.log: => Passed
log/uart_random_test_1.log: => Passed
log/uart_random_test_1.log: => Passed
log/uart_random_test_1.log: => Passed
log/uart_random_test_1.log: => Passed
log/uart_random_test_1.log: => Passed
log/uart_random_test_1.log: => Passed
log/uart_random_test_1.log: => Passed
log/uart_random_test_1.log: => Passed
log/uart_random_test_1.log: => Passed
log/uart_random_test_1.log: => Passed
log/uart_random_test_1.log: => Passed
log/uart_random_test_1.log: => Passed
log/uart_random_test_1.log: => Passed
log/uart_random_test_1.log: => Passed
log/uart_random_test_1.log: => Passed
log/uart_random_test_1.log: => Passed
log/uart_random_test_1.log: => Passed
log/uart_random_test_1.log: => Passed
log/uart_random_test_1.log: => Passed
log/uart_random_test_1.log: => Passed
log/uart_random_test_1.log: => Passed
log/uart_random_test_1.log: => Passed
log/uart_random_test_1.log: => Passed
log/uart_random_test_1.log: => Passed
log/uart_random_test_1.log: => Passed
log/uart_random_test_1.log: => Passed
log/uart_random_test_1.log: => Passed
log/uart_random_test_1.log: => Passed
log/uart_random_test_1.log: => Passed
log/uart_random_test_1.log: => Passed
log/uart_random_test_1.log: => Passed
log/uart_random_test_1.log: => Passed
log/uart_random_test_1.log: => Passed
log/uart_random_test_1.log: => Passed
log/uart_random_test_1.log: => Passed
log/uart_random_test_1.log: => Passed
log/uart_random_test_1.log: => Passed
log/uart_random_test_1.log: => Passed
log/uart_random_test_1.log: => Passed
log/uart_random_test_1.log: => Passed
log/uart_random_test_1.log: => Passed
log/uart_random_test_1.log: => Passed
log/uart_random_test_1.log: => Passed
log/uart_random_test_1.log: => Passed
log/uart_random_test_1.log: => Passed
log/uart_random_test_1.log: => Passed
log/uart_random_test_1.log: => Passed
log/uart_random_test_1.log: => Passed
log/uart_random_test_1.log: => Passed
log/uart_random_test_1.log: => Passed
log/uart_random_test_1.log: => Passed
log/uart_random_test_1.log: => Passed
log/uart_random_test_1.log: => Passed
log/uart_random_test_1.log: => Passed
log/uart_random_test_1.log: => Passed
log/uart_random_test_1.log: => Passed
log/uart_random_test_1.log: => Passed
log/uart_random_test_1.log: => Passed
log/uart_random_test_1.log: => Passed
log/uart_random_test_1.log: => Passed
log/uart_random_test_1.log: => Passed
log/uart_random_test_1.log: => Passed
log/uart_random_test_1.log: => Passed
log/uart_random_test_1.log: => Passed
log/uart_random_test_1.log: => Passed
log/uart_random_test_1.log: => Passed
log/uart_random_test_1.log: => Passed
log/uart_random_test_1.log: => Passed
log/uart_random_test_1.log: => Passed
log/uart_random_test_1.log: => Passed
log/uart_random_test_1.log: => Passed
log/uart_random_test_1.log: => Passed
log/uart_random_test_1.log: => Passed
log/uart_random_test_1.log: => Passed
log/uart_random_test_1.log: => Passed
log/uart_random_test_1.log: => Passed
log/uart_random_test_1.log: => Passed
log/uart_random_test_1.log: => Passed
log/uart_random_test_1.log: => Passed
log/uart_random_test_1.log: => Passed
log/uart_random_test_1.log: => Passed
log/uart_random_test_1.log: => Passed
log/uart_random_test_1.log: => Passed
log/uart_random_test_1.log: => Passed
log/uart_random_test_1.log: => Passed
log/uart_random_test_1.log: => Passed
log/uart_random_test_1.log: => Passed
log/uart_random_test_1.log: => Passed
log/uart_random_test_1.log: => Passed
log/uart_random_test_1.log: => Passed
log/uart_random_test_1.log: => Passed
log/uart_random_test_1.log: => Passed
log/uart_random_test_1.log: => Passed
log/uart_random_test_1.log: => Passed
log/uart_random_test_1.log: => Passed
log/uart_random_test_1.log: => Passed
log/uart_random_test_1.log: => Passed
log/uart_random_test_1.log: => Passed
log/uart_random_test_1.log: => Passed
log/uart_random_test_1.log: => Passed
log/uart_random_test_1.log: => Passed
log/uart_random_test_1.log: => Passed
log/uart_random_test_1.log: => Passed
log/uart_random_test_1.log: => Passed
log/uart_random_test_1.log: => Passed
log/uart_random_test_1.log: => Passed
log/uart_random_test_1.log: => Passed
log/uart_random_test_1.log: => Passed
log/uart_random_test_1.log: => Passed
log/uart_random_test_1.log: => Passed
log/uart_random_test_1.log: => Passed
log/uart_random_test_1.log: => Passed
log/uart_random_test_1.log: => Passed
log/uart_random_test_1.log: => Passed
log/uart_random_test_1.log: => Passed
log/uart_random_test_1.log: => Passed
log/uart_random_test_1.log: => Passed
log/uart_random_test_1.log: => Passed
log/uart_random_test_1.log: => Passed
log/uart_random_test_1.log: => Passed
log/uart_random_test_1.log: => Passed
log/uart_random_test_1.log: => Passed
log/uart_random_test_1.log: => Passed
log/uart_random_test_1.log: => Passed
log/uart_random_test_1.log: => Passed
log/uart_random_test_1.log: => Passed
log/uart_random_test_1.log: => Passed
log/uart_random_test_1.log: => Passed
log/uart_random_test_1.log: => Passed
log/uart_random_test_1.log: => Passed
log/uart_random_test_1.log: => Passed
log/uart_random_test_1.log: => Passed
log/uart_random_test_1.log: => Passed
log/uart_random_test_1.log: => Passed
log/uart_random_test_1.log: => Passed
log/uart_random_test_1.log: => Passed
log/uart_random_test_1.log: => Passed
log/uart_random_test_1.log: => Passed
log/uart_random_test_1.log: => Passed
log/uart_random_test_1.log: => Passed
log/uart_random_test_1.log: => Passed
log/uart_random_test_1.log: => Passed
log/uart_random_test_1.log: => Passed
log/uart_random_test_1.log: => Passed
log/uart_random_test_1.log: => Passed
log/uart_random_test_1.log: => Passed
log/uart_random_test_1.log: => Passed
log/uart_random_test_1.log: => Passed
log/uart_random_test_1.log: => Passed
log/uart_random_test_1.log: => Passed
log/uart_random_test_1.log: => Passed
log/uart_random_test_1.log: => Passed
log/uart_random_test_1.log: => Passed
log/uart_random_test_1.log: => Passed
log/uart_random_test_1.log: => Passed
log/uart_random_test_1.log: => Passed
log/uart_random_test_1.log: => Passed
log/uart_random_test_1.log: => Passed
log/uart_random_test_1.log: => Passed
log/uart_random_test_1.log: => Passed
log/uart_random_test_1.log: => Passed
log/uart_random_test_1.log: => Passed
log/uart_random_test_1.log: => Passed
log/uart_random_test_1.log: => Passed
log/uart_random_test_1.log: => Passed
log/uart_random_test_1.log: => Passed
log/uart_random_test_1.log: => Passed
log/uart_random_test_1.log: => Passed
log/uart_random_test_1.log: => Passed
log/uart_random_test_1.log: => Passed
log/uart_random_test_1.log: => Passed
log/uart_random_test_1.log: => Passed
log/uart_random_test_1.log: => Passed
log/uart_random_test_1.log: => Passed
log/uart_random_test_1.log: => Passed
log/uart_random_test_1.log: => Passed
log/uart_random_test_1.log: => Passed
log/uart_random_test_1.log: => Passed
log/uart_random_test_1.log: => Passed
log/uart_random_test_1.log: => Passed
log/uart_random_test_1.log: => Passed
log/uart_random_test_1.log: => Passed
log/uart_random_test_1.log: => Passed
log/uart_random_test_1.log: => Passed
log/uart_random_test_1.log: => Passed
log/uart_random_test_1.log: => Passed
log/uart_random_test_1.log: => Passed
log/uart_random_test_1.log: => Passed
log/uart_random_test_1.log: => Passed
log/uart_random_test_1.log: => Passed
log/uart_random_test_1.log: => Passed
log/uart_random_test_1.log: => Passed
log/uart_random_test_1.log: => Passed
log/uart_random_test_1.log: => Passed
log/uart_random_test_1.log: => Passed
log/uart_random_test_1.log: => Passed
log/uart_random_test_1.log: => Passed
log/uart_random_test_1.log: => Passed
log/uart_random_test_1.log: => Passed
log/uart_random_test_1.log: => Passed
log/uart_random_test_1.log: => Passed
log/uart_random_test_1.log: => Passed
log/uart_random_test_1.log: => Passed
log/uart_random_test_1.log: => Passed
log/uart_random_test_1.log: => Passed
log/uart_random_test_1.log: => Passed
log/uart_random_test_1.log: => Passed
log/uart_random_test_1.log: => Passed
log/uart_random_test_1.log: => Passed
log/uart_random_test_1.log: => Passed
log/uart_random_test_1.log: => Passed
log/uart_random_test_1.log: => Passed
log/uart_random_test_1.log: => Passed
log/uart_random_test_1.log: => Passed
log/uart_random_test_1.log: => Passed
log/uart_random_test_1.log: => Passed
log/uart_random_test_1.log: => Passed
log/uart_random_test_1.log: => Passed
log/uart_random_test_1.log: => Passed
log/uart_random_test_1.log: => Passed
log/uart_random_test_1.log: => Passed
log/uart_random_test_1.log: => Passed
log/uart_random_test_1.log: => Passed
log/uart_random_test_1.log: => Passed
log/uart_random_test_1.log: => Passed
log/uart_random_test_1.log: => Passed
log/uart_random_test_1.log: => Passed
log/uart_random_test_1.log: => Passed
log/uart_random_test_1.log: => Passed
log/uart_random_test_1.log: => Passed
log/uart_random_test_1.log: => Passed
log/uart_random_test_1.log: => Passed
log/uart_random_test_1.log: => Passed
log/uart_random_test_1.log: => Passed
log/uart_random_test_1.log: => Passed
log/uart_random_test_1.log: => Passed
log/uart_random_test_1.log: => Passed
log/uart_random_test_1.log: => Passed
log/uart_random_test_1.log: => Passed
log/uart_random_test_1.log: => Passed
log/uart_random_test_1.log: => Passed
log/uart_random_test_1.log: => Passed
log/uart_random_test_1.log: => Passed
log/uart_random_test_1.log: => Passed
log/uart_random_test_1.log: => Passed
log/uart_random_test_1.log: => Passed
log/uart_random_test_1.log: => Passed
log/uart_random_test_1.log: => Passed
log/uart_random_test_1.log: => Passed
log/uart_random_test_1.log: => Passed
log/uart_random_test_1.log: => Passed
log/uart_random_test_1.log: => Passed
log/uart_random_test_1.log: => Passed
log/uart_random_test_1.log: => Passed
log/uart_random_test_1.log: => Passed
log/uart_random_test_1.log: => Passed
log/uart_random_test_1.log: => Passed
log/uart_random_test_1.log: => Passed
log/uart_random_test_1.log: => Passed
log/uart_random_test_1.log: => Passed
log/uart_random_test_1.log: => Passed
log/uart_random_test_1.log: => Passed
log/uart_random_test_1.log: => Passed
log/uart_random_test_1.log: => Passed
log/uart_random_test_1.log: => Passed
log/uart_random_test_1.log: => Passed
log/uart_random_test_1.log: => Passed
log/uart_random_test_1.log: => Passed
log/uart_random_test_1.log: => Passed
log/uart_random_test_1.log: => Passed
log/uart_random_test_1.log: => Passed
log/uart_random_test_1.log: => Passed
log/uart_random_test_1.log: => Passed
log/uart_random_test_1.log: => Passed
log/uart_random_test_1.log: => Passed
log/uart_random_test_1.log: => Passed
log/uart_random_test_1.log: => Passed
log/uart_random_test_1.log: => Passed
log/uart_random_test_1.log: => Passed
log/uart_random_test_1.log: => Passed
log/uart_random_test_1.log: => Passed
log/uart_random_test_1.log: => Passed
log/uart_random_test_1.log: => Passed
log/uart_random_test_1.log: => Passed
log/uart_random_test_1.log: => Passed
log/uart_random_test_1.log: => Passed
log/uart_random_test_1.log: => Passed
log/uart_random_test_1.log: => Passed
log/uart_random_test_1.log: => Passed
log/uart_random_test_1.log: => Passed
log/uart_random_test_1.log: => Passed
log/uart_random_test_1.log: => Passed
log/uart_random_test_1.log: => Passed
log/uart_random_test_1.log: => Passed
log/uart_random_test_1.log: => Passed
log/uart_random_test_1.log: => Passed
log/uart_random_test_1.log: => Passed
log/uart_random_test_1.log: => Passed
log/uart_random_test_1.log: => Passed
log/uart_random_test_1.log: => Passed
log/uart_random_test_1.log: => Passed
log/uart_random_test_1.log: => Passed
log/uart_random_test_1.log: => Passed
log/uart_random_test_1.log: => Passed
log/uart_random_test_1.log: => Passed
log/uart_random_test_1.log: => Passed
log/uart_random_test_1.log: => Passed
log/uart_random_test_1.log: => Passed
log/uart_random_test_1.log: => Passed
log/uart_random_test_1.log: => Passed
log/uart_random_test_1.log: => Passed
log/uart_random_test_1.log: => Passed
log/uart_random_test_1.log: => Passed
log/uart_random_test_1.log: => Passed
log/uart_random_test_1.log: => Passed
log/uart_random_test_1.log: => Passed
log/uart_random_test_1.log: => Passed
log/uart_random_test_1.log: => Passed
log/uart_random_test_1.log: => Passed
log/uart_random_test_1.log: => Passed
log/uart_random_test_1.log: => Passed
log/uart_random_test_1.log: => Passed
log/uart_random_test_1.log: => Passed
log/uart_random_test_1.log: => Passed
log/uart_random_test_1.log: => Passed
log/uart_random_test_1.log: => Passed
log/uart_random_test_1.log: => Passed
log/uart_random_test_1.log: => Passed
log/uart_random_test_1.log: => Passed
log/uart_random_test_1.log: => Passed
log/uart_random_test_1.log: => Passed
log/uart_random_test_1.log: => Passed
log/uart_random_test_1.log: => Passed
log/uart_random_test_1.log: => Passed
log/uart_random_test_1.log: => Passed
log/uart_random_test_1.log: => Passed
log/uart_random_test_1.log: => Passed
log/uart_random_test_1.log: => Passed
log/uart_random_test_1.log: => Passed
log/uart_random_test_1.log: => Passed
log/uart_random_test_1.log: => Passed
log/uart_random_test_1.log: => Passed
log/uart_random_test_1.log: => Passed
log/uart_random_test_1.log: => Passed
log/uart_random_test_1.log: => Passed
log/uart_random_test_1.log: => Passed
log/uart_random_test_1.log: => Passed
log/uart_random_test_1.log: => Passed
log/uart_random_test_1.log: => Passed
log/uart_random_test_1.log: => Passed
log/uart_random_test_1.log: => Passed
log/uart_random_test_1.log: => Passed
log/uart_random_test_1.log: => Passed
log/uart_random_test_1.log: => Passed
log/uart_random_test_1.log: => Passed
log/uart_random_test_1.log: => Passed
log/uart_random_test_1.log: => Passed
log/uart_random_test_1.log: => Passed
log/uart_random_test_1.log: => Passed
log/uart_random_test_1.log: => Passed
log/uart_random_test_1.log: => Passed
log/uart_random_test_1.log: => Passed
log/uart_random_test_1.log: => Passed
log/uart_random_test_1.log: => Passed
log/uart_random_test_1.log: => Passed
log/uart_random_test_1.log: => Passed
log/uart_random_test_1.log: => Passed
log/uart_random_test_1.log: => Passed
log/uart_random_test_1.log: => Passed
log/uart_random_test_1.log: => Passed
log/uart_random_test_1.log: => Passed
log/uart_random_test_1.log: => Passed
log/uart_random_test_1.log: => Passed
log/uart_random_test_1.log: => Passed
log/uart_random_test_1.log: => Passed
log/uart_random_test_1.log: => Passed
log/uart_random_test_1.log: => Passed
log/uart_random_test_1.log: => Passed
log/uart_random_test_1.log: => Passed
log/uart_random_test_1.log: => Passed
log/uart_random_test_1.log: => Passed
log/uart_random_test_1.log: => Passed
log/uart_random_test_1.log: => Passed
log/uart_random_test_1.log: => Passed
log/uart_random_test_1.log: => Passed
log/uart_random_test_1.log: => Passed
log/uart_random_test_1.log: => Passed
log/uart_random_test_1.log: => Passed
log/uart_random_test_1.log: => Passed
log/uart_random_test_1.log: => Passed
log/uart_random_test_1.log: => Passed
log/uart_random_test_1.log: => Passed
log/uart_random_test_1.log: => Passed
log/uart_random_test_1.log: => Passed
log/uart_random_test_1.log: => Passed
log/uart_random_test_1.log: => Passed
log/uart_random_test_1.log: => Passed
log/uart_random_test_1.log: => Passed
log/uart_random_test_1.log: => Passed
log/uart_random_test_1.log: => Passed
log/uart_random_test_1.log: => Passed
log/uart_random_test_1.log: => Passed
log/uart_random_test_1.log: => Passed
log/uart_random_test_1.log: => Passed
log/uart_random_test_1.log: => Passed
log/uart_random_test_1.log: => Passed
log/uart_random_test_1.log: => Passed
log/uart_random_test_1.log: => Passed
log/uart_random_test_1.log: => Passed
log/uart_random_test_1.log: => Passed
log/uart_random_test_1.log: => Passed
log/uart_random_test_1.log: => Passed
log/uart_random_test_1.log: => Passed
log/uart_random_test_1.log: => Passed
log/uart_random_test_1.log: => Passed
log/uart_random_test_1.log: => Passed
log/uart_random_test_1.log: => Passed
log/uart_random_test_1.log: => Passed
log/uart_random_test_1.log: => Passed
log/uart_random_test_1.log: => Passed
log/uart_random_test_1.log: => Passed
log/uart_random_test_1.log: => Passed
log/uart_random_test_1.log: => Passed
log/uart_random_test_1.log: => Passed
log/uart_random_test_1.log: => Passed
log/uart_random_test_1.log: => Passed
log/uart_random_test_1.log: => Passed
log/uart_random_test_1.log: => Passed
log/uart_random_test_1.log: => Passed
log/uart_random_test_1.log: => Passed
log/uart_random_test_1.log: => Passed
log/uart_random_test_1.log: => Passed
log/uart_random_test_1.log: => Passed
log/uart_random_test_1.log: => Passed
log/uart_random_test_1.log: => Passed
log/uart_random_test_1.log: => Passed
log/uart_random_test_1.log: => Passed
log/uart_random_test_1.log: => Passed
log/uart_random_test_1.log: => Passed
log/uart_random_test_1.log: => Passed
log/uart_random_test_1.log: => Passed
log/uart_random_test_1.log: => Passed
log/uart_random_test_1.log: => Passed
log/uart_random_test_1.log: => Passed
log/uart_random_test_1.log: => Passed
log/uart_random_test_1.log: => Passed
log/uart_random_test_1.log: => Passed
log/uart_random_test_1.log: => Passed
log/uart_random_test_1.log: => Passed
log/uart_random_test_1.log: => Passed
log/uart_random_test_1.log: => Passed
log/uart_random_test_1.log: => Passed
log/uart_random_test_1.log: => Passed
log/uart_random_test_1.log: => Passed
log/uart_random_test_1.log: => Passed
log/uart_random_test_1.log: => Passed
log/uart_random_test_1.log: => Passed
log/uart_random_test_1.log: => Passed
log/uart_random_test_1.log: => Passed
log/uart_random_test_1.log: => Passed
log/uart_random_test_1.log: => Passed
log/uart_random_test_1.log: => Passed
log/uart_random_test_1.log: => Passed
log/uart_random_test_1.log: => Passed
log/uart_random_test_1.log: => Passed
log/uart_random_test_1.log: => Passed
log/uart_random_test_1.log: => Passed
log/uart_random_test_1.log: => Passed
log/uart_random_test_1.log: => Passed
log/uart_random_test_1.log: => Passed
log/uart_random_test_1.log: => Passed
log/uart_random_test_1.log: => Passed
log/uart_random_test_1.log: => Passed
log/uart_random_test_1.log: => Passed
log/uart_random_test_1.log: => Passed
log/uart_random_test_1.log: => Passed
log/uart_random_test_1.log: => Passed
log/uart_random_test_1.log: => Passed
log/uart_random_test_1.log: => Passed
log/uart_random_test_1.log: => Passed
log/uart_random_test_1.log: => Passed
log/uart_random_test_1.log: => Passed
log/uart_random_test_1.log: => Passed
log/uart_random_test_1.log: => Passed
log/uart_random_test_1.log: => Passed
log/uart_random_test_1.log: => Passed
log/uart_random_test_1.log: => Passed
log/uart_random_test_1.log: => Passed
log/uart_random_test_1.log: => Passed
log/uart_random_test_1.log: => Passed
log/uart_random_test_1.log: => Passed
log/uart_random_test_1.log: => Passed
log/uart_random_test_1.log: => Passed
log/uart_random_test_1.log: => Passed
log/uart_random_test_1.log: => Passed
log/uart_random_test_1.log: => Passed
log/uart_random_test_1.log: => Passed
log/uart_random_test_1.log: => Passed
log/uart_random_test_1.log: => Passed
log/uart_random_test_1.log: => Passed
log/uart_random_test_1.log: => Passed
log/uart_random_test_1.log: => Passed
log/uart_random_test_1.log: => Passed
log/uart_random_test_1.log: => Passed
log/uart_random_test_1.log: => Passed
log/uart_random_test_1.log: => Passed
log/uart_random_test_1.log: => Passed
log/uart_random_test_1.log: => Passed
log/uart_random_test_1.log: => Passed
log/uart_random_test_1.log: => Passed
log/uart_random_test_1.log: => Passed
log/uart_random_test_1.log: => Passed
log/uart_random_test_1.log: => Passed
log/uart_random_test_556460.log: => Passed
log/uart_random_test_556460.log: => Passed
log/uart_random_test_556460.log: => Passed
log/uart_random_test_556460.log: => Passed
log/uart_random_test_556460.log: => Passed
log/uart_random_test_556460.log: => Passed
log/uart_random_test_556460.log: => Passed
log/uart_random_test_556460.log: => Passed
log/uart_random_test_556460.log: => Passed
log/uart_random_test_556460.log: => Passed
log/uart_random_test_556460.log: => Passed
log/uart_random_test_556460.log: => Passed
log/uart_random_test_556460.log: => Passed
log/uart_random_test_556460.log: => Passed
log/uart_random_test_556460.log: => Passed
log/uart_random_test_556460.log: => Passed
log/uart_random_test_556460.log: => Passed
log/uart_random_test_556460.log: => Passed
log/uart_random_test_556460.log: => Passed
log/uart_random_test_556460.log: => Passed
log/uart_random_test_556460.log: => Passed
log/uart_random_test_556460.log: => Passed
log/uart_random_test_556460.log: => Passed
log/uart_random_test_556460.log: => Passed
log/uart_random_test_556460.log: => Passed
log/uart_random_test_556460.log: => Passed
log/uart_random_test_556460.log: => Passed
log/uart_random_test_556460.log: => Passed
log/uart_random_test_556460.log: => Passed
log/uart_random_test_556460.log: => Passed
log/uart_random_test_556460.log: => Passed
log/uart_random_test_556460.log: => Passed
log/uart_random_test_556460.log: => Passed
log/uart_random_test_556460.log: => Passed
log/uart_random_test_556460.log: => Passed
log/uart_random_test_556460.log: => Passed
log/uart_random_test_556460.log: => Passed
log/uart_random_test_556460.log: => Passed
log/uart_random_test_556460.log: => Passed
log/uart_random_test_556460.log: => Passed
log/uart_random_test_556460.log: => Passed
log/uart_random_test_556460.log: => Passed
log/uart_random_test_556460.log: => Passed
log/uart_random_test_556460.log: => Passed
log/uart_random_test_556460.log: => Passed
log/uart_random_test_556460.log: => Passed
log/uart_random_test_556460.log: => Passed
log/uart_random_test_556460.log: => Passed
log/uart_random_test_556460.log: => Passed
log/uart_random_test_556460.log: => Passed
log/uart_random_test_556460.log: => Passed
log/uart_random_test_556460.log: => Passed
log/uart_random_test_556460.log: => Passed
log/uart_random_test_556460.log: => Passed
log/uart_random_test_556460.log: => Passed
log/uart_random_test_556460.log: => Passed
log/uart_random_test_556460.log: => Passed
log/uart_random_test_556460.log: => Passed
log/uart_random_test_556460.log: => Passed
log/uart_random_test_556460.log: => Passed
log/uart_random_test_556460.log: => Passed
log/uart_random_test_556460.log: => Passed
log/uart_random_test_556460.log: => Passed
log/uart_random_test_556460.log: => Passed
log/uart_random_test_556460.log: => Passed
log/uart_random_test_556460.log: => Passed
log/uart_random_test_556460.log: => Passed
log/uart_random_test_556460.log: => Passed
log/uart_random_test_556460.log: => Passed
log/uart_random_test_556460.log: => Passed
log/uart_random_test_556460.log: => Passed
log/uart_random_test_556460.log: => Passed
log/uart_random_test_556460.log: => Passed
log/uart_random_test_556460.log: => Passed
log/uart_random_test_556460.log: => Passed
log/uart_random_test_556460.log: => Passed
log/uart_random_test_556460.log: => Passed
log/uart_random_test_556460.log: => Passed
log/uart_random_test_556460.log: => Passed
log/uart_random_test_556460.log: => Passed
log/uart_random_test_556460.log: => Passed
log/uart_random_test_556460.log: => Passed
log/uart_random_test_556460.log: => Passed
log/uart_random_test_556460.log: => Passed
log/uart_random_test_556460.log: => Passed
log/uart_random_test_556460.log: => Passed
log/uart_random_test_556460.log: => Passed
log/uart_random_test_556460.log: => Passed
log/uart_random_test_556460.log: => Passed
log/uart_random_test_556460.log: => Passed
log/uart_random_test_556460.log: => Passed
log/uart_random_test_556460.log: => Passed
log/uart_random_test_556460.log: => Passed
log/uart_random_test_556460.log: => Passed
log/uart_random_test_556460.log: => Passed
log/uart_random_test_556460.log: => Passed
log/uart_random_test_556460.log: => Passed
log/uart_random_test_556460.log: => Passed
log/uart_random_test_556460.log: => Passed
log/uart_random_test_556460.log: => Passed
log/uart_random_test_556460.log: => Passed
log/uart_random_test_556460.log: => Passed
log/uart_random_test_556460.log: => Passed
log/uart_random_test_556460.log: => Passed
log/uart_random_test_556460.log: => Passed
log/uart_random_test_556460.log: => Passed
log/uart_random_test_556460.log: => Passed
log/uart_random_test_556460.log: => Passed
log/uart_random_test_556460.log: => Passed
log/uart_random_test_556460.log: => Passed
log/uart_random_test_556460.log: => Passed
log/uart_random_test_556460.log: => Passed
log/uart_random_test_556460.log: => Passed
log/uart_random_test_556460.log: => Passed
log/uart_random_test_556460.log: => Passed
log/uart_random_test_556460.log: => Passed
log/uart_random_test_556460.log: => Passed
log/uart_random_test_556460.log: => Passed
log/uart_random_test_556460.log: => Passed
log/uart_random_test_556460.log: => Passed
log/uart_random_test_556460.log: => Passed
log/uart_random_test_556460.log: => Passed
log/uart_random_test_556460.log: => Passed
log/uart_random_test_556460.log: => Passed
log/uart_random_test_556460.log: => Passed
log/uart_random_test_556460.log: => Passed
log/uart_random_test_556460.log: => Passed
log/uart_random_test_556460.log: => Passed
log/uart_random_test_556460.log: => Passed
log/uart_random_test_556460.log: => Passed
log/uart_random_test_556460.log: => Passed
log/uart_random_test_556460.log: => Passed
log/uart_random_test_556460.log: => Passed
log/uart_random_test_556460.log: => Passed
log/uart_random_test_556460.log: => Passed
log/uart_random_test_556460.log: => Passed
log/uart_random_test_556460.log: => Passed
log/uart_random_test_556460.log: => Passed
log/uart_random_test_556460.log: => Passed
log/uart_random_test_556460.log: => Passed
log/uart_random_test_556460.log: => Passed
log/uart_random_test_556460.log: => Passed
log/uart_random_test_556460.log: => Passed
log/uart_random_test_556460.log: => Passed
log/uart_random_test_556460.log: => Passed
log/uart_random_test_556460.log: => Passed
log/uart_random_test_556460.log: => Passed
log/uart_random_test_556460.log: => Passed
log/uart_random_test_556460.log: => Passed
log/uart_random_test_556460.log: => Passed
log/uart_random_test_556460.log: => Passed
log/uart_random_test_556460.log: => Passed
log/uart_random_test_556460.log: => Passed
log/uart_random_test_556460.log: => Passed
log/uart_random_test_556460.log: => Passed
log/uart_random_test_556460.log: => Passed
log/uart_random_test_556460.log: => Passed
log/uart_random_test_556460.log: => Passed
log/uart_random_test_556460.log: => Passed
log/uart_random_test_556460.log: => Passed
log/uart_random_test_556460.log: => Passed
log/uart_random_test_556460.log: => Passed
log/uart_random_test_556460.log: => Passed
log/uart_random_test_556460.log: => Passed
log/uart_random_test_556460.log: => Passed
log/uart_random_test_556460.log: => Passed
log/uart_random_test_556460.log: => Passed
log/uart_random_test_556460.log: => Passed
log/uart_random_test_556460.log: => Passed
log/uart_random_test_556460.log: => Passed
log/uart_random_test_556460.log: => Passed
log/uart_random_test_556460.log: => Passed
log/uart_random_test_556460.log: => Passed
log/uart_random_test_556460.log: => Passed
log/uart_random_test_556460.log: => Passed
log/uart_random_test_556460.log: => Passed
log/uart_random_test_556460.log: => Passed
log/uart_random_test_556460.log: => Passed
log/uart_random_test_556460.log: => Passed
log/uart_random_test_556460.log: => Passed
log/uart_random_test_556460.log: => Passed
log/uart_random_test_556460.log: => Passed
log/uart_random_test_556460.log: => Passed
log/uart_random_test_556460.log: => Passed
log/uart_random_test_556460.log: => Passed
log/uart_random_test_556460.log: => Passed
log/uart_random_test_556460.log: => Passed
log/uart_random_test_556460.log: => Passed
log/uart_random_test_556460.log: => Passed
log/uart_random_test_556460.log: => Passed
log/uart_random_test_556460.log: => Passed
log/uart_random_test_556460.log: => Passed
log/uart_random_test_556460.log: => Passed
log/uart_random_test_556460.log: => Passed
log/uart_random_test_556460.log: => Passed
log/uart_random_test_556460.log: => Passed
log/uart_random_test_556460.log: => Passed
log/uart_random_test_556460.log: => Passed
log/uart_random_test_556460.log: => Passed
log/uart_random_test_556460.log: => Passed
log/uart_random_test_556460.log: => Passed
log/uart_random_test_556460.log: => Passed
log/uart_random_test_556460.log: => Passed
log/uart_random_test_556460.log: => Passed
log/uart_random_test_556460.log: => Passed
log/uart_random_test_556460.log: => Passed
log/uart_random_test_556460.log: => Passed
log/uart_random_test_556460.log: => Passed
log/uart_random_test_556460.log: => Passed
log/uart_random_test_556460.log: => Passed
log/uart_random_test_556460.log: => Passed
log/uart_random_test_556460.log: => Passed
log/uart_random_test_556460.log: => Passed
log/uart_random_test_556460.log: => Passed
log/uart_random_test_556460.log: => Passed
log/uart_random_test_556460.log: => Passed
log/uart_random_test_556460.log: => Passed
log/uart_random_test_556460.log: => Passed
log/uart_random_test_556460.log: => Passed
log/uart_random_test_556460.log: => Passed
log/uart_random_test_556460.log: => Passed
log/uart_random_test_556460.log: => Passed
log/uart_random_test_556460.log: => Passed
log/uart_random_test_556460.log: => Passed
log/uart_random_test_556460.log: => Passed
log/uart_random_test_556460.log: => Passed
log/uart_random_test_556460.log: => Passed
log/uart_random_test_556460.log: => Passed
log/uart_random_test_556460.log: => Passed
log/uart_random_test_556460.log: => Passed
log/uart_random_test_556460.log: => Passed
log/uart_random_test_556460.log: => Passed
log/uart_random_test_556460.log: => Passed
log/uart_random_test_556460.log: => Passed
log/uart_random_test_556460.log: => Passed
log/uart_random_test_556460.log: => Passed
log/uart_random_test_556460.log: => Passed
log/uart_random_test_556460.log: => Passed
log/uart_random_test_556460.log: => Passed
log/uart_random_test_556460.log: => Passed
log/uart_random_test_556460.log: => Passed
log/uart_random_test_556460.log: => Passed
log/uart_random_test_556460.log: => Passed
log/uart_random_test_556460.log: => Passed
log/uart_random_test_556460.log: => Passed
log/uart_random_test_556460.log: => Passed
log/uart_random_test_556460.log: => Passed
log/uart_random_test_556460.log: => Passed
log/uart_random_test_556460.log: => Passed
log/uart_random_test_556460.log: => Passed
log/uart_random_test_556460.log: => Passed
log/uart_random_test_556460.log: => Passed
log/uart_random_test_556460.log: => Passed
log/uart_random_test_556460.log: => Passed
log/uart_random_test_556460.log: => Passed
log/uart_random_test_556460.log: => Passed
log/uart_random_test_556460.log: => Passed
log/uart_random_test_556460.log: => Passed
log/uart_random_test_556460.log: => Passed
log/uart_random_test_556460.log: => Passed
log/uart_random_test_556460.log: => Passed
log/uart_random_test_556460.log: => Passed
log/uart_random_test_556460.log: => Passed
log/uart_random_test_556460.log: => Passed
log/uart_random_test_556460.log: => Passed
log/uart_random_test_556460.log: => Passed
log/uart_random_test_556460.log: => Passed
log/uart_random_test_556460.log: => Passed
log/uart_random_test_556460.log: => Passed
log/uart_random_test_556460.log: => Passed
log/uart_random_test_556460.log: => Passed
log/uart_random_test_556460.log: => Passed
log/uart_random_test_556460.log: => Passed
log/uart_random_test_556460.log: => Passed
log/uart_random_test_556460.log: => Passed
log/uart_random_test_556460.log: => Passed
log/uart_random_test_556460.log: => Passed
log/uart_random_test_556460.log: => Passed
log/uart_random_test_556460.log: => Passed
log/uart_random_test_556460.log: => Passed
log/uart_random_test_556460.log: => Passed
log/uart_random_test_556460.log: => Passed
log/uart_random_test_556460.log: => Passed
log/uart_random_test_556460.log: => Passed
log/uart_random_test_556460.log: => Passed
log/uart_random_test_556460.log: => Passed
log/uart_random_test_556460.log: => Passed
log/uart_random_test_556460.log: => Passed
log/uart_random_test_556460.log: => Passed
log/uart_random_test_556460.log: => Passed
log/uart_random_test_556460.log: => Passed
log/uart_random_test_556460.log: => Passed
log/uart_random_test_556460.log: => Passed
log/uart_random_test_556460.log: => Passed
log/uart_random_test_556460.log: => Passed
log/uart_random_test_556460.log: => Passed
log/uart_random_test_556460.log: => Passed
log/uart_random_test_556460.log: => Passed
log/uart_random_test_556460.log: => Passed
log/uart_random_test_556460.log: => Passed
log/uart_random_test_556460.log: => Passed
log/uart_random_test_556460.log: => Passed
log/uart_random_test_556460.log: => Passed
log/uart_random_test_556460.log: => Passed
log/uart_random_test_556460.log: => Passed
log/uart_random_test_556460.log: => Passed
log/uart_random_test_556460.log: => Passed
log/uart_random_test_556460.log: => Passed
log/uart_random_test_556460.log: => Passed
log/uart_random_test_556460.log: => Passed
log/uart_random_test_556460.log: => Passed
log/uart_random_test_556460.log: => Passed
log/uart_random_test_556460.log: => Passed
log/uart_random_test_556460.log: => Passed
log/uart_random_test_556460.log: => Passed
log/uart_random_test_556460.log: => Passed
log/uart_random_test_556460.log: => Passed
log/uart_random_test_556460.log: => Passed
log/uart_random_test_556460.log: => Passed
log/uart_random_test_556460.log: => Passed
log/uart_random_test_556460.log: => Passed
log/uart_random_test_556460.log: => Passed
log/uart_random_test_556460.log: => Passed
log/uart_random_test_556460.log: => Passed
log/uart_random_test_556460.log: => Passed
log/uart_random_test_556460.log: => Passed
log/uart_random_test_556460.log: => Passed
log/uart_random_test_556460.log: => Passed
log/uart_random_test_556460.log: => Passed
log/uart_random_test_556460.log: => Passed
log/uart_random_test_556460.log: => Passed
log/uart_random_test_556460.log: => Passed
log/uart_random_test_556460.log: => Passed
log/uart_random_test_556460.log: => Passed
log/uart_random_test_556460.log: => Passed
log/uart_random_test_556460.log: => Passed
log/uart_random_test_556460.log: => Passed
log/uart_random_test_556460.log: => Passed
log/uart_random_test_556460.log: => Passed
log/uart_random_test_556460.log: => Passed
log/uart_random_test_556460.log: => Passed
log/uart_random_test_556460.log: => Passed
log/uart_random_test_556460.log: => Passed
log/uart_random_test_556460.log: => Passed
log/uart_random_test_556460.log: => Passed
log/uart_random_test_556460.log: => Passed
log/uart_random_test_556460.log: => Passed
log/uart_random_test_556460.log: => Passed
log/uart_random_test_556460.log: => Passed
log/uart_random_test_556460.log: => Passed
log/uart_random_test_556460.log: => Passed
log/uart_random_test_556460.log: => Passed
log/uart_random_test_556460.log: => Passed
log/uart_random_test_556460.log: => Passed
log/uart_random_test_556460.log: => Passed
log/uart_random_test_556460.log: => Passed
log/uart_random_test_556460.log: => Passed
log/uart_random_test_556460.log: => Passed
log/uart_random_test_556460.log: => Passed
log/uart_random_test_556460.log: => Passed
log/uart_random_test_556460.log: => Passed
log/uart_random_test_556460.log: => Passed
log/uart_random_test_556460.log: => Passed
log/uart_random_test_556460.log: => Passed
log/uart_random_test_556460.log: => Passed
log/uart_random_test_556460.log: => Passed
log/uart_random_test_556460.log: => Passed
log/uart_random_test_556460.log: => Passed
log/uart_random_test_556460.log: => Passed
log/uart_random_test_556460.log: => Passed
log/uart_random_test_556460.log: => Passed
log/uart_random_test_556460.log: => Passed
log/uart_random_test_556460.log: => Passed
log/uart_random_test_556460.log: => Passed
log/uart_random_test_556460.log: => Passed
log/uart_random_test_556460.log: => Passed
log/uart_random_test_556460.log: => Passed
log/uart_random_test_556460.log: => Passed
log/uart_random_test_556460.log: => Passed
log/uart_random_test_556460.log: => Passed
log/uart_random_test_556460.log: => Passed
log/uart_random_test_556460.log: => Passed
log/uart_random_test_556460.log: => Passed
log/uart_random_test_556460.log: => Passed
log/uart_random_test_556460.log: => Passed
log/uart_random_test_556460.log: => Passed
log/uart_random_test_556460.log: => Passed
log/uart_random_test_556460.log: => Passed
log/uart_random_test_556460.log: => Passed
log/uart_random_test_556460.log: => Passed
log/uart_random_test_556460.log: => Passed
log/uart_random_test_556460.log: => Passed
log/uart_random_test_556460.log: => Passed
log/uart_random_test_556460.log: => Passed
log/uart_random_test_556460.log: => Passed
log/uart_random_test_556460.log: => Passed
log/uart_random_test_556460.log: => Passed
log/uart_random_test_556460.log: => Passed
log/uart_random_test_556460.log: => Passed
log/uart_random_test_556460.log: => Passed
log/uart_random_test_556460.log: => Passed
log/uart_random_test_556460.log: => Passed
log/uart_random_test_556460.log: => Passed
log/uart_random_test_556460.log: => Passed
log/uart_random_test_556460.log: => Passed
log/uart_random_test_556460.log: => Passed
log/uart_random_test_556460.log: => Passed
log/uart_random_test_556460.log: => Passed
log/uart_random_test_556460.log: => Passed
log/uart_random_test_556460.log: => Passed
log/uart_random_test_556460.log: => Passed
log/uart_random_test_556460.log: => Passed
log/uart_random_test_556460.log: => Passed
log/uart_random_test_556460.log: => Passed
log/uart_random_test_556460.log: => Passed
log/uart_random_test_556460.log: => Passed
log/uart_random_test_556460.log: => Passed
log/uart_random_test_556460.log: => Passed
log/uart_random_test_556460.log: => Passed
log/uart_random_test_556460.log: => Passed
log/uart_random_test_556460.log: => Passed
log/uart_random_test_556460.log: => Passed
log/uart_random_test_556460.log: => Passed
log/uart_random_test_556460.log: => Passed
log/uart_random_test_556460.log: => Passed
log/uart_random_test_556460.log: => Passed
log/uart_random_test_556460.log: => Passed
log/uart_random_test_556460.log: => Passed
log/uart_random_test_556460.log: => Passed
log/uart_random_test_556460.log: => Passed
log/uart_random_test_556460.log: => Passed
log/uart_random_test_556460.log: => Passed
log/uart_random_test_556460.log: => Passed
log/uart_random_test_556460.log: => Passed
log/uart_random_test_556460.log: => Passed
log/uart_random_test_556460.log: => Passed
log/uart_random_test_556460.log: => Passed
log/uart_random_test_556460.log: => Passed
log/uart_random_test_556460.log: => Passed
log/uart_random_test_556460.log: => Passed
log/uart_random_test_556460.log: => Passed
log/uart_random_test_556460.log: => Passed
log/uart_random_test_556460.log: => Passed
log/uart_random_test_556460.log: => Passed
log/uart_random_test_556460.log: => Passed
log/uart_random_test_556460.log: => Passed
log/uart_random_test_556460.log: => Passed
log/uart_random_test_556460.log: => Passed
log/uart_random_test_556460.log: => Passed
log/uart_random_test_556460.log: => Passed
log/uart_random_test_556460.log: => Passed
log/uart_random_test_556460.log: => Passed
log/uart_random_test_556460.log: => Passed
log/uart_random_test_556460.log: => Passed
log/uart_random_test_556460.log: => Passed
log/uart_random_test_556460.log: => Passed
log/uart_random_test_556460.log: => Passed
log/uart_random_test_556460.log: => Passed
log/uart_random_test_556460.log: => Passed
log/uart_random_test_556460.log: => Passed
log/uart_random_test_556460.log: => Passed
log/uart_random_test_556460.log: => Passed
log/uart_random_test_556460.log: => Passed
log/uart_random_test_556460.log: => Passed
log/uart_random_test_556460.log: => Passed
log/uart_random_test_556460.log: => Passed
log/uart_random_test_556460.log: => Passed
log/uart_random_test_556460.log: => Passed
log/uart_random_test_556460.log: => Passed
log/uart_random_test_556460.log: => Passed
log/uart_random_test_556460.log: => Passed
log/uart_random_test_556460.log: => Passed
log/uart_random_test_556460.log: => Passed
log/uart_random_test_556460.log: => Passed
log/uart_random_test_556460.log: => Passed
log/uart_random_test_556460.log: => Passed
log/uart_random_test_556460.log: => Passed
log/uart_random_test_556460.log: => Passed
log/uart_random_test_556460.log: => Passed
log/uart_random_test_556460.log: => Passed
log/uart_random_test_556460.log: => Passed
log/uart_random_test_556460.log: => Passed
log/uart_random_test_556460.log: => Passed
log/uart_random_test_556460.log: => Passed
log/uart_random_test_556460.log: => Passed
log/uart_random_test_556460.log: => Passed
log/uart_random_test_556460.log: => Passed
log/uart_random_test_556460.log: => Passed
log/uart_random_test_556460.log: => Passed
log/uart_random_test_556460.log: => Passed
log/uart_random_test_556460.log: => Passed
log/uart_random_test_556460.log: => Passed
log/uart_random_test_556460.log: => Passed
log/uart_random_test_556460.log: => Passed
log/uart_random_test_556460.log: => Passed
log/uart_random_test_556460.log: => Passed
log/uart_random_test_556460.log: => Passed
log/uart_random_test_556460.log: => Passed
log/uart_random_test_556460.log: => Passed
log/uart_random_test_556460.log: => Passed
log/uart_random_test_556460.log: => Passed
log/uart_random_test_556460.log: => Passed
log/uart_random_test_556460.log: => Passed
log/uart_random_test_556460.log: => Passed
log/uart_random_test_556460.log: => Passed
log/uart_random_test_556460.log: => Passed
log/uart_random_test_556460.log: => Passed
log/uart_random_test_556460.log: => Passed
log/uart_random_test_556460.log: => Passed
log/uart_random_test_556460.log: => Passed
log/uart_random_test_556460.log: => Passed
log/uart_random_test_556460.log: => Passed
log/uart_random_test_556460.log: => Passed
log/uart_random_test_556460.log: => Passed
log/uart_random_test_556460.log: => Passed
log/uart_random_test_556460.log: => Passed
log/uart_random_test_556460.log: => Passed
log/uart_random_test_556460.log: => Passed
log/uart_random_test_556460.log: => Passed
log/uart_random_test_556460.log: => Passed
log/uart_random_test_556460.log: => Passed
log/uart_random_test_556460.log: => Passed
log/uart_random_test_556460.log: => Passed
log/uart_random_test_556460.log: => Passed
log/uart_random_test_556460.log: => Passed
log/uart_random_test_556460.log: => Passed
log/uart_random_test_556460.log: => Passed
log/uart_random_test_556460.log: => Passed
log/uart_random_test_556460.log: => Passed
log/uart_random_test_556460.log: => Passed
log/uart_random_test_556460.log: => Passed
log/uart_random_test_556460.log: => Passed
log/uart_random_test_556460.log: => Passed
log/uart_random_test_556460.log: => Passed
log/uart_random_test_556460.log: => Passed
log/uart_random_test_556460.log: => Passed
log/uart_random_test_556460.log: => Passed
log/uart_random_test_556460.log: => Passed
log/uart_random_test_556460.log: => Passed
log/uart_random_test_556460.log: => Passed
log/uart_random_test_556460.log: => Passed
log/uart_random_test_556460.log: => Passed
log/uart_random_test_556460.log: => Passed
log/uart_random_test_556460.log: => Passed
log/uart_random_test_556460.log: => Passed
log/uart_random_test_556460.log: => Passed
log/uart_random_test_556460.log: => Passed
log/uart_random_test_556460.log: => Passed
log/uart_random_test_556460.log: => Passed
log/uart_random_test_556460.log: => Passed
log/uart_random_test_556460.log: => Passed
log/uart_random_test_556460.log: => Passed
log/uart_random_test_556460.log: => Passed
log/uart_random_test_556460.log: => Passed
log/uart_random_test_556460.log: => Passed
log/uart_random_test_556460.log: => Passed
log/uart_random_test_556460.log: => Passed
log/uart_random_test_556460.log: => Passed
log/uart_random_test_556460.log: => Passed
log/uart_random_test_556460.log: => Passed
log/uart_random_test_556460.log: => Passed
log/uart_random_test_556460.log: => Passed
log/uart_random_test_556460.log: => Passed
log/uart_random_test_556460.log: => Passed
log/uart_random_test_556460.log: => Passed
log/uart_random_test_556460.log: => Passed
log/uart_random_test_556460.log: => Passed
log/uart_random_test_556460.log: => Passed
log/uart_random_test_556460.log: => Passed
log/uart_random_test_556460.log: => Passed
log/uart_random_test_556460.log: => Passed
log/uart_random_test_556460.log: => Passed
log/uart_random_test_556460.log: => Passed
log/uart_random_test_556460.log: => Passed
log/uart_random_test_556460.log: => Passed
log/uart_random_test_556460.log: => Passed
log/uart_random_test_556460.log: => Passed
log/uart_random_test_556460.log: => Passed
log/uart_random_test_556460.log: => Passed
log/uart_random_test_556460.log: => Passed
log/uart_random_test_556460.log: => Passed
log/uart_random_test_556460.log: => Passed
log/uart_random_test_556460.log: => Passed
log/uart_random_test_556460.log: => Passed
log/uart_random_test_556460.log: => Passed
log/uart_random_test_556460.log: => Passed
log/uart_random_test_556460.log: => Passed
log/uart_random_test_556460.log: => Passed
log/uart_random_test_556460.log: => Passed
log/uart_random_test_556460.log: => Passed
log/uart_random_test_556460.log: => Passed
log/uart_random_test_556460.log: => Passed
log/uart_random_test_556460.log: => Passed
log/uart_random_test_556460.log: => Passed
log/uart_random_test_556460.log: => Passed
log/uart_random_test_556460.log: => Passed
log/uart_random_test_556460.log: => Passed
log/uart_random_test_556460.log: => Passed
log/uart_random_test_556460.log: => Passed
log/uart_random_test_556460.log: => Passed
log/uart_random_test_612742.log: => Passed
log/uart_random_test_612742.log: => Passed
log/uart_random_test_612742.log: => Passed
log/uart_random_test_612742.log: => Passed
log/uart_random_test_612742.log: => Passed
log/uart_random_test_612742.log: => Passed
log/uart_random_test_612742.log: => Passed
log/uart_random_test_612742.log: => Passed
log/uart_random_test_612742.log: => Passed
log/uart_random_test_612742.log: => Passed
log/uart_random_test_612742.log: => Passed
log/uart_random_test_612742.log: => Passed
log/uart_random_test_612742.log: => Passed
log/uart_random_test_612742.log: => Passed
log/uart_random_test_612742.log: => Passed
log/uart_random_test_612742.log: => Passed
log/uart_random_test_612742.log: => Passed
log/uart_random_test_612742.log: => Passed
log/uart_random_test_612742.log: => Passed
log/uart_random_test_612742.log: => Passed
log/uart_random_test_612742.log: => Passed
log/uart_random_test_612742.log: => Passed
log/uart_random_test_612742.log: => Passed
log/uart_random_test_612742.log: => Passed
log/uart_random_test_612742.log: => Passed
log/uart_random_test_612742.log: => Passed
log/uart_random_test_612742.log: => Passed
log/uart_random_test_612742.log: => Passed
log/uart_random_test_612742.log: => Passed
log/uart_random_test_612742.log: => Passed
log/uart_random_test_612742.log: => Passed
log/uart_random_test_612742.log: => Passed
log/uart_random_test_612742.log: => Passed
log/uart_random_test_612742.log: => Passed
log/uart_random_test_612742.log: => Passed
log/uart_random_test_612742.log: => Passed
log/uart_random_test_612742.log: => Passed
log/uart_random_test_612742.log: => Passed
log/uart_random_test_612742.log: => Passed
log/uart_random_test_612742.log: => Passed
log/uart_random_test_612742.log: => Passed
log/uart_random_test_612742.log: => Passed
log/uart_random_test_612742.log: => Passed
log/uart_random_test_612742.log: => Passed
log/uart_random_test_612742.log: => Passed
log/uart_random_test_612742.log: => Passed
log/uart_random_test_612742.log: => Passed
log/uart_random_test_612742.log: => Passed
log/uart_random_test_612742.log: => Passed
log/uart_random_test_612742.log: => Passed
log/uart_random_test_612742.log: => Passed
log/uart_random_test_612742.log: => Passed
log/uart_random_test_612742.log: => Passed
log/uart_random_test_612742.log: => Passed
log/uart_random_test_612742.log: => Passed
log/uart_random_test_612742.log: => Passed
log/uart_random_test_612742.log: => Passed
log/uart_random_test_612742.log: => Passed
log/uart_random_test_612742.log: => Passed
log/uart_random_test_612742.log: => Passed
log/uart_random_test_612742.log: => Passed
log/uart_random_test_612742.log: => Passed
log/uart_random_test_612742.log: => Passed
log/uart_random_test_612742.log: => Passed
log/uart_random_test_612742.log: => Passed
log/uart_random_test_612742.log: => Passed
log/uart_random_test_612742.log: => Passed
log/uart_random_test_612742.log: => Passed
log/uart_random_test_612742.log: => Passed
log/uart_random_test_612742.log: => Passed
log/uart_random_test_612742.log: => Passed
log/uart_random_test_612742.log: => Passed
log/uart_random_test_612742.log: => Passed
log/uart_random_test_612742.log: => Passed
log/uart_random_test_612742.log: => Passed
log/uart_random_test_612742.log: => Passed
log/uart_random_test_612742.log: => Passed
log/uart_random_test_612742.log: => Passed
log/uart_random_test_612742.log: => Passed
log/uart_random_test_612742.log: => Passed
log/uart_random_test_612742.log: => Passed
log/uart_random_test_612742.log: => Passed
log/uart_random_test_612742.log: => Passed
log/uart_random_test_612742.log: => Passed
log/uart_random_test_612742.log: => Passed
log/uart_random_test_612742.log: => Passed
log/uart_random_test_612742.log: => Passed
log/uart_random_test_612742.log: => Passed
log/uart_random_test_612742.log: => Passed
log/uart_random_test_612742.log: => Passed
log/uart_random_test_612742.log: => Passed
log/uart_random_test_612742.log: => Passed
log/uart_random_test_612742.log: => Passed
log/uart_random_test_612742.log: => Passed
log/uart_random_test_612742.log: => Passed
log/uart_random_test_612742.log: => Passed
log/uart_random_test_612742.log: => Passed
log/uart_random_test_612742.log: => Passed
log/uart_random_test_612742.log: => Passed
log/uart_random_test_612742.log: => Passed
log/uart_random_test_612742.log: => Passed
log/uart_random_test_612742.log: => Passed
log/uart_random_test_612742.log: => Passed
log/uart_random_test_612742.log: => Passed
log/uart_random_test_612742.log: => Passed
log/uart_random_test_612742.log: => Passed
log/uart_random_test_612742.log: => Passed
log/uart_random_test_612742.log: => Passed
log/uart_random_test_612742.log: => Passed
log/uart_random_test_612742.log: => Passed
log/uart_random_test_612742.log: => Passed
log/uart_random_test_612742.log: => Passed
log/uart_random_test_612742.log: => Passed
log/uart_random_test_612742.log: => Passed
log/uart_random_test_612742.log: => Passed
log/uart_random_test_612742.log: => Passed
log/uart_random_test_612742.log: => Passed
log/uart_random_test_612742.log: => Passed
log/uart_random_test_612742.log: => Passed
log/uart_random_test_612742.log: => Passed
log/uart_random_test_612742.log: => Passed
log/uart_random_test_612742.log: => Passed
log/uart_random_test_612742.log: => Passed
log/uart_random_test_612742.log: => Passed
log/uart_random_test_612742.log: => Passed
log/uart_random_test_612742.log: => Passed
log/uart_random_test_612742.log: => Passed
log/uart_random_test_612742.log: => Passed
log/uart_random_test_612742.log: => Passed
log/uart_random_test_612742.log: => Passed
log/uart_random_test_612742.log: => Passed
log/uart_random_test_612742.log: => Passed
log/uart_random_test_612742.log: => Passed
log/uart_random_test_612742.log: => Passed
log/uart_random_test_612742.log: => Passed
log/uart_random_test_612742.log: => Passed
log/uart_random_test_612742.log: => Passed
log/uart_random_test_612742.log: => Passed
log/uart_random_test_612742.log: => Passed
log/uart_random_test_612742.log: => Passed
log/uart_random_test_612742.log: => Passed
log/uart_random_test_612742.log: => Passed
log/uart_random_test_612742.log: => Passed
log/uart_random_test_612742.log: => Passed
log/uart_random_test_612742.log: => Passed
log/uart_random_test_612742.log: => Passed
log/uart_random_test_612742.log: => Passed
log/uart_random_test_612742.log: => Passed
log/uart_random_test_612742.log: => Passed
log/uart_random_test_612742.log: => Passed
log/uart_random_test_612742.log: => Passed
log/uart_random_test_612742.log: => Passed
log/uart_random_test_612742.log: => Passed
log/uart_random_test_612742.log: => Passed
log/uart_random_test_612742.log: => Passed
log/uart_random_test_612742.log: => Passed
log/uart_random_test_612742.log: => Passed
log/uart_random_test_612742.log: => Passed
log/uart_random_test_612742.log: => Passed
log/uart_random_test_612742.log: => Passed
log/uart_random_test_612742.log: => Passed
log/uart_random_test_612742.log: => Passed
log/uart_random_test_612742.log: => Passed
log/uart_random_test_612742.log: => Passed
log/uart_random_test_612742.log: => Passed
log/uart_random_test_612742.log: => Passed
log/uart_random_test_612742.log: => Passed
log/uart_random_test_612742.log: => Passed
log/uart_random_test_612742.log: => Passed
log/uart_random_test_612742.log: => Passed
log/uart_random_test_612742.log: => Passed
log/uart_random_test_612742.log: => Passed
log/uart_random_test_612742.log: => Passed
log/uart_random_test_612742.log: => Passed
log/uart_random_test_612742.log: => Passed
log/uart_random_test_612742.log: => Passed
log/uart_random_test_612742.log: => Passed
log/uart_random_test_612742.log: => Passed
log/uart_random_test_612742.log: => Passed
log/uart_random_test_612742.log: => Passed
log/uart_random_test_612742.log: => Passed
log/uart_random_test_612742.log: => Passed
log/uart_random_test_612742.log: => Passed
log/uart_random_test_612742.log: => Passed
log/uart_random_test_612742.log: => Passed
log/uart_random_test_612742.log: => Passed
log/uart_random_test_612742.log: => Passed
log/uart_random_test_612742.log: => Passed
log/uart_random_test_612742.log: => Passed
log/uart_random_test_612742.log: => Passed
log/uart_random_test_612742.log: => Passed
log/uart_random_test_612742.log: => Passed
log/uart_random_test_612742.log: => Passed
log/uart_random_test_612742.log: => Passed
log/uart_random_test_612742.log: => Passed
log/uart_random_test_612742.log: => Passed
log/uart_random_test_612742.log: => Passed
log/uart_random_test_612742.log: => Passed
log/uart_random_test_612742.log: => Passed
log/uart_random_test_612742.log: => Passed
log/uart_random_test_612742.log: => Passed
log/uart_random_test_612742.log: => Passed
log/uart_random_test_612742.log: => Passed
log/uart_random_test_612742.log: => Passed
log/uart_random_test_612742.log: => Passed
log/uart_random_test_612742.log: => Passed
log/uart_random_test_612742.log: => Passed
log/uart_random_test_612742.log: => Passed
log/uart_random_test_612742.log: => Passed
log/uart_random_test_612742.log: => Passed
log/uart_random_test_612742.log: => Passed
log/uart_random_test_612742.log: => Passed
log/uart_random_test_612742.log: => Passed
log/uart_random_test_612742.log: => Passed
log/uart_random_test_612742.log: => Passed
log/uart_random_test_612742.log: => Passed
log/uart_random_test_612742.log: => Passed
log/uart_random_test_612742.log: => Passed
log/uart_random_test_612742.log: => Passed
log/uart_random_test_612742.log: => Passed
log/uart_random_test_612742.log: => Passed
log/uart_random_test_612742.log: => Passed
log/uart_random_test_612742.log: => Passed
log/uart_random_test_612742.log: => Passed
log/uart_random_test_612742.log: => Passed
log/uart_random_test_612742.log: => Passed
log/uart_random_test_612742.log: => Passed
log/uart_random_test_612742.log: => Passed
log/uart_random_test_612742.log: => Passed
log/uart_random_test_612742.log: => Passed
log/uart_random_test_612742.log: => Passed
log/uart_random_test_612742.log: => Passed
log/uart_random_test_612742.log: => Passed
log/uart_random_test_612742.log: => Passed
log/uart_random_test_612742.log: => Passed
log/uart_random_test_612742.log: => Passed
log/uart_random_test_612742.log: => Passed
log/uart_random_test_612742.log: => Passed
log/uart_random_test_612742.log: => Passed
log/uart_random_test_612742.log: => Passed
log/uart_random_test_612742.log: => Passed
log/uart_random_test_612742.log: => Passed
log/uart_random_test_612742.log: => Passed
log/uart_random_test_612742.log: => Passed
log/uart_random_test_612742.log: => Passed
log/uart_random_test_612742.log: => Passed
log/uart_random_test_612742.log: => Passed
log/uart_random_test_612742.log: => Passed
log/uart_random_test_612742.log: => Passed
log/uart_random_test_612742.log: => Passed
log/uart_random_test_612742.log: => Passed
log/uart_random_test_612742.log: => Passed
log/uart_random_test_612742.log: => Passed
log/uart_random_test_612742.log: => Passed
log/uart_random_test_612742.log: => Passed
log/uart_random_test_612742.log: => Passed
log/uart_random_test_612742.log: => Passed
log/uart_random_test_612742.log: => Passed
log/uart_random_test_612742.log: => Passed
log/uart_random_test_612742.log: => Passed
log/uart_random_test_612742.log: => Passed
log/uart_random_test_612742.log: => Passed
log/uart_random_test_612742.log: => Passed
log/uart_random_test_612742.log: => Passed
log/uart_random_test_612742.log: => Passed
log/uart_random_test_612742.log: => Passed
log/uart_random_test_612742.log: => Passed
log/uart_random_test_612742.log: => Passed
log/uart_random_test_612742.log: => Passed
log/uart_random_test_612742.log: => Passed
log/uart_random_test_612742.log: => Passed
log/uart_random_test_612742.log: => Passed
log/uart_random_test_612742.log: => Passed
log/uart_random_test_612742.log: => Passed
log/uart_random_test_612742.log: => Passed
log/uart_random_test_612742.log: => Passed
log/uart_random_test_612742.log: => Passed
log/uart_random_test_612742.log: => Passed
log/uart_random_test_612742.log: => Passed
log/uart_random_test_612742.log: => Passed
log/uart_random_test_612742.log: => Passed
log/uart_random_test_612742.log: => Passed
log/uart_random_test_612742.log: => Passed
log/uart_random_test_612742.log: => Passed
log/uart_random_test_612742.log: => Passed
log/uart_random_test_612742.log: => Passed
log/uart_random_test_612742.log: => Passed
log/uart_random_test_612742.log: => Passed
log/uart_random_test_612742.log: => Passed
log/uart_random_test_612742.log: => Passed
log/uart_random_test_612742.log: => Passed
log/uart_random_test_612742.log: => Passed
log/uart_random_test_612742.log: => Passed
log/uart_random_test_612742.log: => Passed
log/uart_random_test_612742.log: => Passed
log/uart_random_test_612742.log: => Passed
log/uart_random_test_612742.log: => Passed
log/uart_random_test_612742.log: => Passed
log/uart_random_test_612742.log: => Passed
log/uart_random_test_612742.log: => Passed
log/uart_random_test_612742.log: => Passed
log/uart_random_test_612742.log: => Passed
log/uart_random_test_612742.log: => Passed
log/uart_random_test_612742.log: => Passed
log/uart_random_test_612742.log: => Passed
log/uart_random_test_612742.log: => Passed
log/uart_random_test_612742.log: => Passed
log/uart_random_test_612742.log: => Passed
log/uart_random_test_612742.log: => Passed
log/uart_random_test_612742.log: => Passed
log/uart_random_test_612742.log: => Passed
log/uart_random_test_612742.log: => Passed
log/uart_random_test_612742.log: => Passed
log/uart_random_test_612742.log: => Passed
log/uart_random_test_612742.log: => Passed
log/uart_random_test_612742.log: => Passed
log/uart_random_test_612742.log: => Passed
log/uart_random_test_612742.log: => Passed
log/uart_random_test_612742.log: => Passed
log/uart_random_test_612742.log: => Passed
log/uart_random_test_612742.log: => Passed
log/uart_random_test_612742.log: => Passed
log/uart_random_test_612742.log: => Passed
log/uart_random_test_612742.log: => Passed
log/uart_random_test_612742.log: => Passed
log/uart_random_test_612742.log: => Passed
log/uart_random_test_612742.log: => Passed
log/uart_random_test_612742.log: => Passed
log/uart_random_test_612742.log: => Passed
log/uart_random_test_612742.log: => Passed
log/uart_random_test_612742.log: => Passed
log/uart_random_test_612742.log: => Passed
log/uart_random_test_612742.log: => Passed
log/uart_random_test_612742.log: => Passed
log/uart_random_test_612742.log: => Passed
log/uart_random_test_612742.log: => Passed
log/uart_random_test_612742.log: => Passed
log/uart_random_test_612742.log: => Passed
log/uart_random_test_612742.log: => Passed
log/uart_random_test_612742.log: => Passed
log/uart_random_test_612742.log: => Passed
log/uart_random_test_612742.log: => Passed
log/uart_random_test_612742.log: => Passed
log/uart_random_test_612742.log: => Passed
log/uart_random_test_612742.log: => Passed
log/uart_random_test_612742.log: => Passed
log/uart_random_test_612742.log: => Passed
log/uart_random_test_612742.log: => Passed
log/uart_random_test_612742.log: => Passed
log/uart_random_test_612742.log: => Passed
log/uart_random_test_612742.log: => Passed
log/uart_random_test_612742.log: => Passed
log/uart_random_test_612742.log: => Passed
log/uart_random_test_612742.log: => Passed
log/uart_random_test_612742.log: => Passed
log/uart_random_test_612742.log: => Passed
log/uart_random_test_612742.log: => Passed
log/uart_random_test_612742.log: => Passed
log/uart_random_test_612742.log: => Passed
log/uart_random_test_612742.log: => Passed
log/uart_random_test_612742.log: => Passed
log/uart_random_test_612742.log: => Passed
log/uart_random_test_612742.log: => Passed
log/uart_random_test_612742.log: => Passed
log/uart_random_test_612742.log: => Passed
log/uart_random_test_612742.log: => Passed
log/uart_random_test_612742.log: => Passed
log/uart_random_test_612742.log: => Passed
log/uart_random_test_612742.log: => Passed
log/uart_random_test_612742.log: => Passed
log/uart_random_test_612742.log: => Passed
log/uart_random_test_612742.log: => Passed
log/uart_random_test_612742.log: => Passed
log/uart_random_test_612742.log: => Passed
log/uart_random_test_612742.log: => Passed
log/uart_random_test_612742.log: => Passed
log/uart_random_test_612742.log: => Passed
log/uart_random_test_612742.log: => Passed
log/uart_random_test_612742.log: => Passed
log/uart_random_test_612742.log: => Passed
log/uart_random_test_612742.log: => Passed
log/uart_random_test_612742.log: => Passed
log/uart_random_test_612742.log: => Passed
log/uart_random_test_612742.log: => Passed
log/uart_random_test_612742.log: => Passed
log/uart_random_test_612742.log: => Passed
log/uart_random_test_612742.log: => Passed
log/uart_random_test_612742.log: => Passed
log/uart_random_test_612742.log: => Passed
log/uart_random_test_612742.log: => Passed
log/uart_random_test_612742.log: => Passed
log/uart_random_test_612742.log: => Passed
log/uart_random_test_612742.log: => Passed
log/uart_random_test_612742.log: => Passed
log/uart_random_test_612742.log: => Passed
log/uart_random_test_612742.log: => Passed
log/uart_random_test_612742.log: => Passed
log/uart_random_test_612742.log: => Passed
log/uart_random_test_612742.log: => Passed
log/uart_random_test_612742.log: => Passed
log/uart_random_test_612742.log: => Passed
log/uart_random_test_612742.log: => Passed
log/uart_random_test_612742.log: => Passed
log/uart_random_test_612742.log: => Passed
log/uart_random_test_612742.log: => Passed
log/uart_random_test_612742.log: => Passed
log/uart_random_test_612742.log: => Passed
log/uart_random_test_612742.log: => Passed
log/uart_random_test_612742.log: => Passed
log/uart_random_test_612742.log: => Passed
log/uart_random_test_612742.log: => Passed
log/uart_random_test_612742.log: => Passed
log/uart_random_test_612742.log: => Passed
log/uart_random_test_612742.log: => Passed
log/uart_random_test_612742.log: => Passed
log/uart_random_test_612742.log: => Passed
log/uart_random_test_612742.log: => Passed
log/uart_random_test_612742.log: => Passed
log/uart_random_test_612742.log: => Passed
log/uart_random_test_612742.log: => Passed
log/uart_random_test_612742.log: => Passed
log/uart_random_test_612742.log: => Passed
log/uart_random_test_612742.log: => Passed
log/uart_random_test_612742.log: => Passed
log/uart_random_test_612742.log: => Passed
log/uart_random_test_612742.log: => Passed
log/uart_random_test_612742.log: => Passed
log/uart_random_test_612742.log: => Passed
log/uart_random_test_612742.log: => Passed
log/uart_random_test_612742.log: => Passed
log/uart_random_test_612742.log: => Passed
log/uart_random_test_612742.log: => Passed
log/uart_random_test_612742.log: => Passed
log/uart_random_test_612742.log: => Passed
log/uart_random_test_612742.log: => Passed
log/uart_random_test_612742.log: => Passed
log/uart_random_test_612742.log: => Passed
log/uart_random_test_612742.log: => Passed
log/uart_random_test_612742.log: => Passed
log/uart_random_test_612742.log: => Passed
log/uart_random_test_612742.log: => Passed
log/uart_random_test_612742.log: => Passed
log/uart_random_test_612742.log: => Passed
log/uart_random_test_612742.log: => Passed
log/uart_random_test_612742.log: => Passed
log/uart_random_test_612742.log: => Passed
log/uart_random_test_612742.log: => Passed
log/uart_random_test_612742.log: => Passed
log/uart_random_test_612742.log: => Passed
log/uart_random_test_612742.log: => Passed
log/uart_random_test_612742.log: => Passed
log/uart_random_test_612742.log: => Passed
log/uart_random_test_612742.log: => Passed
log/uart_random_test_612742.log: => Passed
log/uart_random_test_612742.log: => Passed
log/uart_random_test_612742.log: => Passed
log/uart_random_test_612742.log: => Passed
log/uart_random_test_612742.log: => Passed
log/uart_random_test_612742.log: => Passed
log/uart_random_test_612742.log: => Passed
log/uart_random_test_612742.log: => Passed
log/uart_random_test_612742.log: => Passed
log/uart_random_test_612742.log: => Passed
log/uart_random_test_612742.log: => Passed
log/uart_random_test_612742.log: => Passed
log/uart_random_test_612742.log: => Passed
log/uart_random_test_612742.log: => Passed
log/uart_random_test_612742.log: => Passed
log/uart_random_test_612742.log: => Passed
log/uart_random_test_612742.log: => Passed
log/uart_random_test_612742.log: => Passed
log/uart_random_test_612742.log: => Passed
log/uart_random_test_612742.log: => Passed
log/uart_random_test_612742.log: => Passed
log/uart_random_test_612742.log: => Passed
log/uart_random_test_612742.log: => Passed
log/uart_random_test_612742.log: => Passed
log/uart_random_test_612742.log: => Passed
log/uart_random_test_612742.log: => Passed
log/uart_random_test_612742.log: => Passed
log/uart_random_test_612742.log: => Passed
log/uart_random_test_612742.log: => Passed
log/uart_random_test_612742.log: => Passed
log/uart_random_test_612742.log: => Passed
log/uart_random_test_612742.log: => Passed
log/uart_random_test_612742.log: => Passed
log/uart_random_test_612742.log: => Passed
log/uart_random_test_612742.log: => Passed
log/uart_random_test_612742.log: => Passed
log/uart_random_test_612742.log: => Passed
log/uart_random_test_612742.log: => Passed
log/uart_random_test_612742.log: => Passed
log/uart_random_test_612742.log: => Passed
log/uart_random_test_612742.log: => Passed
log/uart_random_test_612742.log: => Passed
log/uart_random_test_612742.log: => Passed
log/uart_random_test_612742.log: => Passed
log/uart_random_test_612742.log: => Passed
log/uart_random_test_612742.log: => Passed
log/uart_random_test_612742.log: => Passed
log/uart_random_test_612742.log: => Passed
log/uart_random_test_612742.log: => Passed
log/uart_random_test_612742.log: => Passed
log/uart_random_test_612742.log: => Passed
log/uart_random_test_612742.log: => Passed
log/uart_random_test_612742.log: => Passed
log/uart_random_test_612742.log: => Passed
log/uart_random_test_612742.log: => Passed
log/uart_random_test_612742.log: => Passed
log/uart_random_test_612742.log: => Passed
log/uart_random_test_612742.log: => Passed
log/uart_random_test_612742.log: => Passed
log/uart_random_test_612742.log: => Passed
log/uart_random_test_612742.log: => Passed
log/uart_random_test_612742.log: => Passed
log/uart_random_test_612742.log: => Passed
log/uart_random_test_612742.log: => Passed
log/uart_random_test_612742.log: => Passed
log/uart_random_test_612742.log: => Passed
log/uart_random_test_612742.log: => Passed
log/uart_random_test_612742.log: => Passed
log/uart_random_test_612742.log: => Passed
log/uart_random_test_612742.log: => Passed
log/uart_random_test_612742.log: => Passed
log/uart_random_test_612742.log: => Passed
log/uart_random_test_612742.log: => Passed
log/uart_random_test_612742.log: => Passed
log/uart_random_test_612742.log: => Passed
log/uart_random_test_612742.log: => Passed
log/uart_random_test_612742.log: => Passed
log/uart_random_test_612742.log: => Passed
log/uart_random_test_612742.log: => Passed
log/uart_random_test_612742.log: => Passed
log/uart_random_test_612742.log: => Passed
log/uart_random_test_612742.log: => Passed
log/uart_random_test_612742.log: => Passed
log/uart_random_test_612742.log: => Passed
log/uart_random_test_612742.log: => Passed
log/uart_random_test_612742.log: => Passed
log/uart_random_test_612742.log: => Passed
log/uart_random_test_612742.log: => Passed
log/uart_random_test_612742.log: => Passed
log/uart_random_test_612742.log: => Passed
log/uart_random_test_612742.log: => Passed
log/uart_random_test_612742.log: => Passed
log/uart_random_test_612742.log: => Passed
log/uart_random_test_612742.log: => Passed
log/uart_random_test_612742.log: => Passed
log/uart_random_test_612742.log: => Passed
log/uart_random_test_612742.log: => Passed
log/uart_random_test_612742.log: => Passed
log/uart_random_test_612742.log: => Passed
log/uart_random_test_612742.log: => Passed
log/uart_random_test_612742.log: => Passed
log/uart_random_test_612742.log: => Passed
log/uart_random_test_612742.log: => Passed
log/uart_random_test_612742.log: => Passed
log/uart_random_test_612742.log: => Passed
log/uart_random_test_612742.log: => Passed
log/uart_random_test_612742.log: => Passed
log/uart_random_test_612742.log: => Passed
log/uart_random_test_612742.log: => Passed
log/uart_random_test_612742.log: => Passed
log/uart_random_test_612742.log: => Passed
log/uart_random_test_612742.log: => Passed
log/uart_random_test_612742.log: => Passed
log/uart_random_test_612742.log: => Passed
log/uart_random_test_612742.log: => Passed
log/uart_random_test_612742.log: => Passed
log/uart_random_test_612742.log: => Passed
log/uart_random_test_612742.log: => Passed
log/uart_random_test_612742.log: => Passed
log/uart_random_test_612742.log: => Passed
log/uart_random_test_612742.log: => Passed
log/uart_random_test_612742.log: => Passed
log/uart_random_test_612742.log: => Passed
log/uart_random_test_612742.log: => Passed
log/uart_random_test_612742.log: => Passed
log/uart_random_test_612742.log: => Passed
log/uart_random_test_612742.log: => Passed
log/uart_random_test_612742.log: => Passed
log/uart_random_test_612742.log: => Passed
log/uart_random_test_612742.log: => Passed
log/uart_random_test_612742.log: => Passed
log/uart_random_test_612742.log: => Passed
log/uart_random_test_612742.log: => Passed
log/uart_random_test_612742.log: => Passed
log/uart_random_test_612742.log: => Passed
log/uart_random_test_612742.log: => Passed
log/uart_random_test_612742.log: => Passed
log/uart_random_test_612742.log: => Passed
log/uart_random_test_612742.log: => Passed
log/uart_random_test_612742.log: => Passed
log/uart_random_test_612742.log: => Passed
log/uart_random_test_612742.log: => Passed
log/uart_random_test_612742.log: => Passed
log/uart_random_test_612742.log: => Passed
log/uart_random_test_612742.log: => Passed
log/uart_random_test_612742.log: => Passed
log/uart_random_test_612742.log: => Passed
log/uart_stop_bit_test_1.log: => Passed
log/uart_stop_bit_test_1.log: => Passed
log/uart_stop_bit_test_1.log: => Passed
log/uart_stop_bit_test_1.log: => Passed
log/uart_stop_bit_test_1.log: => Passed
log/uart_stop_bit_test_1.log: => Passed
log/uart_stop_bit_test_1.log: => Passed
log/uart_stop_bit_test_1.log: => Passed
log/uart_stop_bit_test_402068.log: => Passed
log/uart_stop_bit_test_402068.log: => Passed
log/uart_stop_bit_test_402068.log: => Passed
log/uart_stop_bit_test_402068.log: => Passed
log/uart_stop_bit_test_402068.log: => Passed
log/uart_stop_bit_test_402068.log: => Passed
log/uart_stop_bit_test_402068.log: => Passed
log/uart_stop_bit_test_402068.log: => Passed
log/uart_stop_bit_test_989176.log: => Passed
log/uart_stop_bit_test_989176.log: => Passed
log/uart_stop_bit_test_989176.log: => Passed
log/uart_stop_bit_test_989176.log: => Passed
log/uart_stop_bit_test_989176.log: => Passed
log/uart_stop_bit_test_989176.log: => Passed
log/uart_stop_bit_test_989176.log: => Passed
log/uart_stop_bit_test_989176.log: => Passed
-----------------------------------------------------------
