# vsim -debugDB -l mul.log -voptargs="+acc" -assertdebug -c testbench -do "log -r /*;run -all;" "+mul" 
# Start time: 15:30:52 on May 14,2026
# ** Note: (vsim-3812) Design is being optimized...
# ** Note: (vsim-8611) Generating debug db.
# ** Warning: (vopt-10908) Some optimizations are turned off because the +acc switch is in effect.
# ** Note: (vsim-12126) Error and warning message counts have been restored: Errors=0, Warnings=1.
# //  Questa Intel Starter FPGA Edition-64
# //  Version 2024.3 linux_x86_64 Sep 10 2024
# //
# // Unpublished work. Copyright 2024 Siemens
# //
# // This material contains trade secrets or otherwise confidential information
# // owned by Siemens Industry Software Inc. or its affiliates (collectively,
# // "SISW"), or its licensors. Access to and use of this information is strictly
# // limited as set forth in the Customer's applicable agreements with SISW.
# //
# // This material may not be copied, distributed, or otherwise disclosed outside
# // of the Customer's facilities without the express written permission of SISW,
# // and may not be used in any way not expressly authorized by SISW.
# //
# Loading sv_std.std
# Loading work.dut_if(fast)
# Loading work.converter_pkg(fast)
# Loading work.test_pkg(fast)
# Loading work.testbench(fast)
# Loading work.dut_if(fast__2)
# Loading work.parallel_to_serial(fast)
# ** Note: (vsim-8900) Creating design debug database vsim.dbg.
# log -r /*
# run -all
# [Base test] Start Build
# [Environment] Mailbox are connected
# [Stimulus] Created random value ca
# [Stimulus] Sent packet to Driver
# [Stimulus] Sent packet to Scoreboard
# [Driver] Get packet from stimulus
# [Environment] Testbench is ran
# [Driver] Drive DUT with data in 8'hca
# [Monitor] Start capture data in TXD
# [Monitor] Data captured is 8'hca, sent to Scoreboard
# [Scoreboard] Data comparison is matching, Actual data is ca, Expected data is ca
# 
# [Base test] END STIMULATION
# End simulation
# ** Note: $finish    : ../tb/testbench.sv(44)
#    Time: 8010 ns  Iteration: 0  Instance: /testbench
# End time: 15:30:53 on May 14,2026, Elapsed time: 0:00:01
# Errors: 0, Warnings: 1
