# vsim -sv_seed 1 -voptargs="+acc" -assertdebug -c testbench -do " log -r /*;run -all;" -l uart_txd_x13_baud_rate_1.log "+UVM_TESTNAME=uart_txd_x13_baud_rate" "+UVM_VERBOSITY=UVM_HIGH" 
# Start time: 22:55:42 on Aug 04,2026
# Loading /tmp/khaminh_3008@ictc-eda-ldap.ipa.test_dpi_45299/linux_x86_64_gcc-11/export_tramp.so
# ** Note: (vsim-8009) Loading existing optimized design _opt
# //  Questa Sim-64
# //  Version 10.6d_1 linux_x86_64 Apr 11 2018
# //
# //  Copyright 1991-2018 Mentor Graphics Corporation
# //  All Rights Reserved.
# //
# //  QuestaSim and its associated documentation contain trade
# //  secrets and commercial or financial information that are the property of
# //  Mentor Graphics Corporation and are privileged, confidential,
# //  and exempt from disclosure under the Freedom of Information Act,
# //  5 U.S.C. Section 552. Furthermore, this information
# //  is prohibited from disclosure under the Trade Secrets Act,
# //  18 U.S.C. Section 1905.
# //
# Loading sv_std.std
# Loading work.uart_if(fast)
# Loading work.ahb_if(fast)
# Loading work.uvm_pkg(fast)
# Loading work.uart_register_pkg(fast)
# ** Note: (vsim-8785) UVM-aware debugging capabilities will be disabled since no compiled "questa_uvm_pkg" can be found.
# This also means that later if you turn on UVM-aware debugging your debug simulations may have
# different random seeds from your non-debug simulations.
# Loading work.ahb_pkg(fast)
# Loading work.uart_regmodel_pkg(fast)
# Loading work.uart_pkg(fast)
# Loading work.seq_pkg(fast)
# Loading work.env_pkg(fast)
# Loading work.test_pkg(fast)
# Loading work.testbench(fast)
# Loading work.ahb_if(fast)
# Loading work.uart_if(fast)
# Loading work.uart_top(fast)
# Loading work.cmsdk_ahb_to_apb(fast)
# Loading work.apb_decoder(fast)
# Loading work.uart_fifo(fast)
# Loading work.uart_transmitter(fast)
# Loading work.uart_receiver(fast)
# Loading work.uart_interrupt(fast)
# Loading work.baud_generator(fast)
# Compiling /tmp/khaminh_3008@ictc-eda-ldap.ipa.test_dpi_45299/linux_x86_64_gcc-5.3.0/exportwrapper.c
# Compiling /tmp/khaminh_3008@ictc-eda-ldap.ipa.test_dpi_45299/linux_x86_64_gcc-11/exportwrapper.c
# Loading /tmp/khaminh_3008@ictc-eda-ldap.ipa.test_dpi_45299/linux_x86_64_gcc-11/vsim_auto_compile.so
#  log -r /*
# run -all
# UVM_INFO /ictc/other/tools/QuestaDVA/questasim/verilog_src/uvm-1.2/src/base/uvm_root.svh(392) @ 0: reporter [UVM/RELNOTES] 
# ----------------------------------------------------------------
# UVM-1.2
# (C) 2007-2014 Mentor Graphics Corporation
# (C) 2007-2014 Cadence Design Systems, Inc.
# (C) 2006-2014 Synopsys, Inc.
# (C) 2011-2013 Cypress Semiconductor Corp.
# (C) 2013-2014 NVIDIA Corporation
# ----------------------------------------------------------------
# 
#   ***********       IMPORTANT RELEASE NOTES         ************
# 
#   You are using a version of the UVM library that has been compiled
#   with `UVM_NO_DEPRECATED undefined.
#   See http://www.eda.org/svdb/view.php?id=3313 for more details.
# 
#   You are using a version of the UVM library that has been compiled
#   with `UVM_OBJECT_DO_NOT_NEED_CONSTRUCTOR undefined.
#   See http://www.eda.org/svdb/view.php?id=3770 for more details.
# 
#       (Specify +UVM_NO_RELNOTES to turn off this notice)
# 
# UVM_INFO /ictc/other/tools/QuestaDVA/questasim/verilog_src/uvm-1.2/src/base/uvm_root.svh(453) @ 0: reporter [NO_DPI_TSTNAME] UVM_NO_DPI defined--getting UVM_TESTNAME directly, without DPI
# UVM_INFO @ 0: reporter [RNTST] Running test uart_txd_x13_baud_rate...
# UVM_INFO ./../vip/ahb_vip/ahb_agent.sv(20) @ 0: uvm_test_top.env.ahb_agt [ahb_agent] Active agent is configued
# ENTER SCOREBOARD BUILD PHASE
# UVM_INFO ./../vip/uart_vip/uart_agent.sv(25) @ 0: uvm_test_top.env.uart_agt [uart_agent] Active agent is configured
# UVM_INFO /ictc/other/tools/QuestaDVA/questasim/verilog_src/uvm-1.2/src/base/uvm_root.svh(579) @ 0: reporter [UVMTOP] UVM testbench topology:
# ----------------------------------------------------------------------------
# Name                       Type                                  Size  Value
# ----------------------------------------------------------------------------
# uvm_test_top               uart_txd_x13_baud_rate                -     @347 
#   env                      dut_environment                       -     @371 
#     ahb_agt                ahb_agent                             -     @392 
#       driver               ahb_driver                            -     @499 
#         rsp_port           uvm_analysis_port                     -     @518 
#         seq_item_port      uvm_seq_item_pull_port                -     @508 
#       monitor              ahb_monitor                           -     @665 
#         a_port             uvm_analysis_port                     -     @674 
#       sequencer            ahb_sequencer                         -     @528 
#         rsp_export         uvm_analysis_export                   -     @537 
#         seq_item_export    uvm_seq_item_pull_imp                 -     @655 
#         arbitration_queue  array                                 0     -    
#         lock_queue         array                                 0     -    
#         num_last_reqs      integral                              32    'd1  
#         num_last_rsps      integral                              32    'd1  
#     ahb_predictor          uvm_reg_predictor #(ahb_transaction)  -     @410 
#       bus_in               uvm_analysis_imp                      -     @419 
#       reg_ap               uvm_analysis_port                     -     @429 
#     dut_sb                 dut_scoreboard                        -     @383 
#       ahb_a_export         uvm_analysis_imp_ahb                  -     @694 
#       uart_a_export        uvm_analysis_imp_uart                 -     @704 
#     uart_agt               uart_agent                            -     @401 
#       driver               uart_driver                           -     @720 
#         rsp_port           uvm_analysis_port                     -     @739 
#         seq_item_port      uvm_seq_item_pull_port                -     @729 
#         uart_a_port        uvm_analysis_port                     -     @749 
#       monitor              uart_monitor                          -     @759 
#         uart_a_port        uvm_analysis_port                     -     @768 
#       sequencer            uart_sequencer                        -     @778 
#         rsp_export         uvm_analysis_export                   -     @787 
#         seq_item_export    uvm_seq_item_pull_imp                 -     @905 
#         arbitration_queue  array                                 0     -    
#         lock_queue         array                                 0     -    
#         num_last_reqs      integral                              32    'd1  
#         num_last_rsps      integral                              32    'd1  
# ----------------------------------------------------------------------------
# 
# UVM_INFO /ictc/other/tools/QuestaDVA/questasim/verilog_src/uvm-1.2/src/base/uvm_traversal.svh(279) @ 0: reporter [UVM/COMP/NAMECHECK] This implementation of the component name checks requires DPI to be enabled
# UVM_INFO ./../testcases/uart_txd_x13_baud_rate.sv(33) @ 0: uvm_test_top [uart_txd_x13_baud_rate] --------------------------------------------------------------
# Name                Type                Size  Value           
# --------------------------------------------------------------
# cfg                 uart_configuration  -     @360            
#   parity_mode       parity_mode_e       32    UART_PARITY_NONE
#   sampling          sampling_mode_e     32    MODE_X13        
#   data_width        integral            32    'h5             
#   num_of_stop_bit   integral            32    'h1             
#   baud_rate         integral            32    'h960           
#   baud_rate_enable  integral            1     'h1             
#   parity_enable     integral            1     'h0             
# --------------------------------------------------------------
# 
# UVM_INFO ./../regmodel/uart_reg2ahb_adapter.sv(42) @ 0: reporter [uart_reg2ahb_adapter] bus2reg: address = 0x0 data = 0x1 kind = UVM_WRITE status = UVM_IS_OK
# UVM_INFO /ictc/other/tools/QuestaDVA/questasim/verilog_src/uvm-1.2/src/reg/uvm_reg_predictor.svh(221) @ 0: uvm_test_top.env.ahb_predictor [REG_PREDICT] Observed WRITE transaction to register regmodel.MDR: value='h1 : updated value = 'h1
# UVM_INFO ./../regmodel/uart_reg2ahb_adapter.sv(42) @ 0: reporter [uart_reg2ahb_adapter] bus2reg: address = 0x4 data = 0x85 kind = UVM_WRITE status = UVM_IS_OK
# UVM_INFO /ictc/other/tools/QuestaDVA/questasim/verilog_src/uvm-1.2/src/reg/uvm_reg_predictor.svh(221) @ 0: uvm_test_top.env.ahb_predictor [REG_PREDICT] Observed WRITE transaction to register regmodel.DLL: value='h85 : updated value = 'h85
# UVM_INFO ./../regmodel/uart_reg2ahb_adapter.sv(42) @ 0: reporter [uart_reg2ahb_adapter] bus2reg: address = 0x8 data = 0xc kind = UVM_WRITE status = UVM_IS_OK
# UVM_INFO /ictc/other/tools/QuestaDVA/questasim/verilog_src/uvm-1.2/src/reg/uvm_reg_predictor.svh(221) @ 0: uvm_test_top.env.ahb_predictor [REG_PREDICT] Observed WRITE transaction to register regmodel.DLH: value='hc : updated value = 'hc
# UVM_INFO ./../regmodel/uart_reg2ahb_adapter.sv(42) @ 0: reporter [uart_reg2ahb_adapter] bus2reg: address = 0xc data = 0x20 kind = UVM_WRITE status = UVM_IS_OK
# UVM_INFO /ictc/other/tools/QuestaDVA/questasim/verilog_src/uvm-1.2/src/reg/uvm_reg_predictor.svh(221) @ 0: uvm_test_top.env.ahb_predictor [REG_PREDICT] Observed WRITE transaction to register regmodel.LCR: value='h20 : updated value = 'h20
# UVM_INFO ./../regmodel/uart_reg2ahb_adapter.sv(42) @ 1000: reporter [uart_reg2ahb_adapter] bus2reg: address = 0x18 data = 0xff kind = UVM_WRITE status = UVM_IS_OK
# UVM_INFO /ictc/other/tools/QuestaDVA/questasim/verilog_src/uvm-1.2/src/reg/uvm_reg_predictor.svh(221) @ 1000: uvm_test_top.env.ahb_predictor [REG_PREDICT] Observed WRITE transaction to register regmodel.TBR: value='hff : updated value = 'hff
# UVM_INFO ./../tb/dut_scoreboard.sv(79) @ 1000: uvm_test_top.env.dut_sb [SCOREBOARD] 
# ===== Captured data from AHB: 0xff
# UVM_INFO ./../vip/uart_vip/uart_monitor.sv(95) @ 898000: uvm_test_top.env.uart_agt.monitor [uart_monitor] 
# ===== Baud rate actual is       2401, Baud rate expected is       2400 =====
# UVM_INFO ./../tb/dut_scoreboard.sv(88) @ 5479000: uvm_test_top.env.dut_sb [SCOREBOARD] 
# ===== Captured data from UART: 0x1f
# UVM_INFO ./../tb/dut_scoreboard.sv(101) @ 5479000: uvm_test_top.env.dut_sb [dut_scoreboard] 
# 
# =====[UART TXD] Data comparison =====
# 
# UVM_INFO ./../tb/dut_scoreboard.sv(109) @ 5479000: uvm_test_top.env.dut_sb [dut_scoreboard] 
# =====[DATA FRAME: 5] PASSED SUCCESSFULLY!!! =====
# UVM_INFO ./../tb/dut_scoreboard.sv(112) @ 5479000: uvm_test_top.env.dut_sb [dut_scoreboard] 
# 
# =====[UART TXD] Parity comparison =====
# 
# UVM_INFO ./../tb/dut_scoreboard.sv(118) @ 5479000: uvm_test_top.env.dut_sb [dut_scoreboard] 
# =====[PARITY MODE: 0] PASSED SUCCESSFULLY!!! =====
# UVM_INFO ./../testcases/uart_txd_x13_baud_rate.sv(33) @ 10001000: uvm_test_top [uart_txd_x13_baud_rate] --------------------------------------------------------------
# Name                Type                Size  Value           
# --------------------------------------------------------------
# cfg                 uart_configuration  -     @360            
#   parity_mode       parity_mode_e       32    UART_PARITY_NONE
#   sampling          sampling_mode_e     32    MODE_X13        
#   data_width        integral            32    'h5             
#   num_of_stop_bit   integral            32    'h1             
#   baud_rate         integral            32    'h12c0          
#   baud_rate_enable  integral            1     'h1             
#   parity_enable     integral            1     'h0             
# --------------------------------------------------------------
# 
# UVM_INFO ./../regmodel/uart_reg2ahb_adapter.sv(42) @ 10001000: reporter [uart_reg2ahb_adapter] bus2reg: address = 0x0 data = 0x1 kind = UVM_WRITE status = UVM_IS_OK
# UVM_INFO /ictc/other/tools/QuestaDVA/questasim/verilog_src/uvm-1.2/src/reg/uvm_reg_predictor.svh(221) @ 10001000: uvm_test_top.env.ahb_predictor [REG_PREDICT] Observed WRITE transaction to register regmodel.MDR: value='h1 : updated value = 'h1
# UVM_INFO ./../regmodel/uart_reg2ahb_adapter.sv(42) @ 10001000: reporter [uart_reg2ahb_adapter] bus2reg: address = 0x4 data = 0x42 kind = UVM_WRITE status = UVM_IS_OK
# UVM_INFO /ictc/other/tools/QuestaDVA/questasim/verilog_src/uvm-1.2/src/reg/uvm_reg_predictor.svh(221) @ 10001000: uvm_test_top.env.ahb_predictor [REG_PREDICT] Observed WRITE transaction to register regmodel.DLL: value='h42 : updated value = 'h42
# UVM_INFO ./../regmodel/uart_reg2ahb_adapter.sv(42) @ 10001000: reporter [uart_reg2ahb_adapter] bus2reg: address = 0x8 data = 0x6 kind = UVM_WRITE status = UVM_IS_OK
# UVM_INFO /ictc/other/tools/QuestaDVA/questasim/verilog_src/uvm-1.2/src/reg/uvm_reg_predictor.svh(221) @ 10001000: uvm_test_top.env.ahb_predictor [REG_PREDICT] Observed WRITE transaction to register regmodel.DLH: value='h6 : updated value = 'h6
# UVM_INFO ./../regmodel/uart_reg2ahb_adapter.sv(42) @ 10001000: reporter [uart_reg2ahb_adapter] bus2reg: address = 0xc data = 0x20 kind = UVM_WRITE status = UVM_IS_OK
# UVM_INFO /ictc/other/tools/QuestaDVA/questasim/verilog_src/uvm-1.2/src/reg/uvm_reg_predictor.svh(221) @ 10001000: uvm_test_top.env.ahb_predictor [REG_PREDICT] Observed WRITE transaction to register regmodel.LCR: value='h20 : updated value = 'h20
# UVM_INFO ./../regmodel/uart_reg2ahb_adapter.sv(42) @ 10001000: reporter [uart_reg2ahb_adapter] bus2reg: address = 0x18 data = 0xff kind = UVM_WRITE status = UVM_IS_OK
# UVM_INFO /ictc/other/tools/QuestaDVA/questasim/verilog_src/uvm-1.2/src/reg/uvm_reg_predictor.svh(221) @ 10001000: uvm_test_top.env.ahb_predictor [REG_PREDICT] Observed WRITE transaction to register regmodel.TBR: value='hff : updated value = 'hff
# UVM_INFO ./../tb/dut_scoreboard.sv(79) @ 10001000: uvm_test_top.env.dut_sb [SCOREBOARD] 
# ===== Captured data from AHB: 0xff
# UVM_INFO ./../vip/uart_vip/uart_monitor.sv(95) @ 10449000: uvm_test_top.env.uart_agt.monitor [uart_monitor] 
# ===== Baud rate actual is       4808, Baud rate expected is       4800 =====
# UVM_INFO ./../tb/dut_scoreboard.sv(88) @ 12743000: uvm_test_top.env.dut_sb [SCOREBOARD] 
# ===== Captured data from UART: 0x1f
# UVM_INFO ./../tb/dut_scoreboard.sv(101) @ 12743000: uvm_test_top.env.dut_sb [dut_scoreboard] 
# 
# =====[UART TXD] Data comparison =====
# 
# UVM_INFO ./../tb/dut_scoreboard.sv(109) @ 12743000: uvm_test_top.env.dut_sb [dut_scoreboard] 
# =====[DATA FRAME: 5] PASSED SUCCESSFULLY!!! =====
# UVM_INFO ./../tb/dut_scoreboard.sv(112) @ 12743000: uvm_test_top.env.dut_sb [dut_scoreboard] 
# 
# =====[UART TXD] Parity comparison =====
# 
# UVM_INFO ./../tb/dut_scoreboard.sv(118) @ 12743000: uvm_test_top.env.dut_sb [dut_scoreboard] 
# =====[PARITY MODE: 0] PASSED SUCCESSFULLY!!! =====
# UVM_INFO ./../testcases/uart_txd_x13_baud_rate.sv(33) @ 20001000: uvm_test_top [uart_txd_x13_baud_rate] --------------------------------------------------------------
# Name                Type                Size  Value           
# --------------------------------------------------------------
# cfg                 uart_configuration  -     @360            
#   parity_mode       parity_mode_e       32    UART_PARITY_NONE
#   sampling          sampling_mode_e     32    MODE_X13        
#   data_width        integral            32    'h5             
#   num_of_stop_bit   integral            32    'h1             
#   baud_rate         integral            32    'h2580          
#   baud_rate_enable  integral            1     'h1             
#   parity_enable     integral            1     'h0             
# --------------------------------------------------------------
# 
# UVM_INFO ./../regmodel/uart_reg2ahb_adapter.sv(42) @ 20001000: reporter [uart_reg2ahb_adapter] bus2reg: address = 0x0 data = 0x1 kind = UVM_WRITE status = UVM_IS_OK
# UVM_INFO /ictc/other/tools/QuestaDVA/questasim/verilog_src/uvm-1.2/src/reg/uvm_reg_predictor.svh(221) @ 20001000: uvm_test_top.env.ahb_predictor [REG_PREDICT] Observed WRITE transaction to register regmodel.MDR: value='h1 : updated value = 'h1
# UVM_INFO ./../regmodel/uart_reg2ahb_adapter.sv(42) @ 20001000: reporter [uart_reg2ahb_adapter] bus2reg: address = 0x4 data = 0x21 kind = UVM_WRITE status = UVM_IS_OK
# UVM_INFO /ictc/other/tools/QuestaDVA/questasim/verilog_src/uvm-1.2/src/reg/uvm_reg_predictor.svh(221) @ 20001000: uvm_test_top.env.ahb_predictor [REG_PREDICT] Observed WRITE transaction to register regmodel.DLL: value='h21 : updated value = 'h21
# UVM_INFO ./../regmodel/uart_reg2ahb_adapter.sv(42) @ 20001000: reporter [uart_reg2ahb_adapter] bus2reg: address = 0x8 data = 0x3 kind = UVM_WRITE status = UVM_IS_OK
# UVM_INFO /ictc/other/tools/QuestaDVA/questasim/verilog_src/uvm-1.2/src/reg/uvm_reg_predictor.svh(221) @ 20001000: uvm_test_top.env.ahb_predictor [REG_PREDICT] Observed WRITE transaction to register regmodel.DLH: value='h3 : updated value = 'h3
# UVM_INFO ./../regmodel/uart_reg2ahb_adapter.sv(42) @ 20001000: reporter [uart_reg2ahb_adapter] bus2reg: address = 0xc data = 0x20 kind = UVM_WRITE status = UVM_IS_OK
# UVM_INFO /ictc/other/tools/QuestaDVA/questasim/verilog_src/uvm-1.2/src/reg/uvm_reg_predictor.svh(221) @ 20001000: uvm_test_top.env.ahb_predictor [REG_PREDICT] Observed WRITE transaction to register regmodel.LCR: value='h20 : updated value = 'h20
# UVM_INFO ./../regmodel/uart_reg2ahb_adapter.sv(42) @ 20001000: reporter [uart_reg2ahb_adapter] bus2reg: address = 0x18 data = 0xff kind = UVM_WRITE status = UVM_IS_OK
# UVM_INFO /ictc/other/tools/QuestaDVA/questasim/verilog_src/uvm-1.2/src/reg/uvm_reg_predictor.svh(221) @ 20001000: uvm_test_top.env.ahb_predictor [REG_PREDICT] Observed WRITE transaction to register regmodel.TBR: value='hff : updated value = 'hff
# UVM_INFO ./../tb/dut_scoreboard.sv(79) @ 20001000: uvm_test_top.env.dut_sb [SCOREBOARD] 
# ===== Captured data from AHB: 0xff
# UVM_INFO ./../vip/uart_vip/uart_monitor.sv(95) @ 20226000: uvm_test_top.env.uart_agt.monitor [uart_monitor] 
# ===== Baud rate actual is       9569, Baud rate expected is       9600 =====
# UVM_INFO ./../tb/dut_scoreboard.sv(88) @ 21369000: uvm_test_top.env.dut_sb [SCOREBOARD] 
# ===== Captured data from UART: 0x1f
# UVM_INFO ./../tb/dut_scoreboard.sv(101) @ 21369000: uvm_test_top.env.dut_sb [dut_scoreboard] 
# 
# =====[UART TXD] Data comparison =====
# 
# UVM_INFO ./../tb/dut_scoreboard.sv(109) @ 21369000: uvm_test_top.env.dut_sb [dut_scoreboard] 
# =====[DATA FRAME: 5] PASSED SUCCESSFULLY!!! =====
# UVM_INFO ./../tb/dut_scoreboard.sv(112) @ 21369000: uvm_test_top.env.dut_sb [dut_scoreboard] 
# 
# =====[UART TXD] Parity comparison =====
# 
# UVM_INFO ./../tb/dut_scoreboard.sv(118) @ 21369000: uvm_test_top.env.dut_sb [dut_scoreboard] 
# =====[PARITY MODE: 0] PASSED SUCCESSFULLY!!! =====
# UVM_INFO ./../testcases/uart_txd_x13_baud_rate.sv(33) @ 30001000: uvm_test_top [uart_txd_x13_baud_rate] --------------------------------------------------------------
# Name                Type                Size  Value           
# --------------------------------------------------------------
# cfg                 uart_configuration  -     @360            
#   parity_mode       parity_mode_e       32    UART_PARITY_NONE
#   sampling          sampling_mode_e     32    MODE_X13        
#   data_width        integral            32    'h5             
#   num_of_stop_bit   integral            32    'h1             
#   baud_rate         integral            32    'h4b00          
#   baud_rate_enable  integral            1     'h1             
#   parity_enable     integral            1     'h0             
# --------------------------------------------------------------
# 
# UVM_INFO ./../regmodel/uart_reg2ahb_adapter.sv(42) @ 30001000: reporter [uart_reg2ahb_adapter] bus2reg: address = 0x0 data = 0x1 kind = UVM_WRITE status = UVM_IS_OK
# UVM_INFO /ictc/other/tools/QuestaDVA/questasim/verilog_src/uvm-1.2/src/reg/uvm_reg_predictor.svh(221) @ 30001000: uvm_test_top.env.ahb_predictor [REG_PREDICT] Observed WRITE transaction to register regmodel.MDR: value='h1 : updated value = 'h1
# UVM_INFO ./../regmodel/uart_reg2ahb_adapter.sv(42) @ 30001000: reporter [uart_reg2ahb_adapter] bus2reg: address = 0x4 data = 0x91 kind = UVM_WRITE status = UVM_IS_OK
# UVM_INFO /ictc/other/tools/QuestaDVA/questasim/verilog_src/uvm-1.2/src/reg/uvm_reg_predictor.svh(221) @ 30001000: uvm_test_top.env.ahb_predictor [REG_PREDICT] Observed WRITE transaction to register regmodel.DLL: value='h91 : updated value = 'h91
# UVM_INFO ./../regmodel/uart_reg2ahb_adapter.sv(42) @ 30002000: reporter [uart_reg2ahb_adapter] bus2reg: address = 0x8 data = 0x1 kind = UVM_WRITE status = UVM_IS_OK
# UVM_INFO /ictc/other/tools/QuestaDVA/questasim/verilog_src/uvm-1.2/src/reg/uvm_reg_predictor.svh(221) @ 30002000: uvm_test_top.env.ahb_predictor [REG_PREDICT] Observed WRITE transaction to register regmodel.DLH: value='h1 : updated value = 'h1
# UVM_INFO ./../regmodel/uart_reg2ahb_adapter.sv(42) @ 30002000: reporter [uart_reg2ahb_adapter] bus2reg: address = 0xc data = 0x20 kind = UVM_WRITE status = UVM_IS_OK
# UVM_INFO /ictc/other/tools/QuestaDVA/questasim/verilog_src/uvm-1.2/src/reg/uvm_reg_predictor.svh(221) @ 30002000: uvm_test_top.env.ahb_predictor [REG_PREDICT] Observed WRITE transaction to register regmodel.LCR: value='h20 : updated value = 'h20
# UVM_INFO ./../regmodel/uart_reg2ahb_adapter.sv(42) @ 30002000: reporter [uart_reg2ahb_adapter] bus2reg: address = 0x18 data = 0xff kind = UVM_WRITE status = UVM_IS_OK
# UVM_INFO /ictc/other/tools/QuestaDVA/questasim/verilog_src/uvm-1.2/src/reg/uvm_reg_predictor.svh(221) @ 30002000: uvm_test_top.env.ahb_predictor [REG_PREDICT] Observed WRITE transaction to register regmodel.TBR: value='hff : updated value = 'hff
# UVM_INFO ./../tb/dut_scoreboard.sv(79) @ 30002000: uvm_test_top.env.dut_sb [SCOREBOARD] 
# ===== Captured data from AHB: 0xff
# UVM_INFO ./../vip/uart_vip/uart_monitor.sv(95) @ 30114000: uvm_test_top.env.uart_agt.monitor [uart_monitor] 
# ===== Baud rate actual is      19231, Baud rate expected is      19200 =====
# UVM_INFO ./../tb/dut_scoreboard.sv(88) @ 30686000: uvm_test_top.env.dut_sb [SCOREBOARD] 
# ===== Captured data from UART: 0x1f
# UVM_INFO ./../tb/dut_scoreboard.sv(101) @ 30686000: uvm_test_top.env.dut_sb [dut_scoreboard] 
# 
# =====[UART TXD] Data comparison =====
# 
# UVM_INFO ./../tb/dut_scoreboard.sv(109) @ 30686000: uvm_test_top.env.dut_sb [dut_scoreboard] 
# =====[DATA FRAME: 5] PASSED SUCCESSFULLY!!! =====
# UVM_INFO ./../tb/dut_scoreboard.sv(112) @ 30686000: uvm_test_top.env.dut_sb [dut_scoreboard] 
# 
# =====[UART TXD] Parity comparison =====
# 
# UVM_INFO ./../tb/dut_scoreboard.sv(118) @ 30686000: uvm_test_top.env.dut_sb [dut_scoreboard] 
# =====[PARITY MODE: 0] PASSED SUCCESSFULLY!!! =====
# UVM_INFO ./../testcases/uart_txd_x13_baud_rate.sv(33) @ 40002000: uvm_test_top [uart_txd_x13_baud_rate] --------------------------------------------------------------
# Name                Type                Size  Value           
# --------------------------------------------------------------
# cfg                 uart_configuration  -     @360            
#   parity_mode       parity_mode_e       32    UART_PARITY_NONE
#   sampling          sampling_mode_e     32    MODE_X13        
#   data_width        integral            32    'h5             
#   num_of_stop_bit   integral            32    'h1             
#   baud_rate         integral            32    'h9600          
#   baud_rate_enable  integral            1     'h1             
#   parity_enable     integral            1     'h0             
# --------------------------------------------------------------
# 
# UVM_INFO ./../regmodel/uart_reg2ahb_adapter.sv(42) @ 40002000: reporter [uart_reg2ahb_adapter] bus2reg: address = 0x0 data = 0x1 kind = UVM_WRITE status = UVM_IS_OK
# UVM_INFO /ictc/other/tools/QuestaDVA/questasim/verilog_src/uvm-1.2/src/reg/uvm_reg_predictor.svh(221) @ 40002000: uvm_test_top.env.ahb_predictor [REG_PREDICT] Observed WRITE transaction to register regmodel.MDR: value='h1 : updated value = 'h1
# UVM_INFO ./../regmodel/uart_reg2ahb_adapter.sv(42) @ 40002000: reporter [uart_reg2ahb_adapter] bus2reg: address = 0x4 data = 0xc8 kind = UVM_WRITE status = UVM_IS_OK
# UVM_INFO /ictc/other/tools/QuestaDVA/questasim/verilog_src/uvm-1.2/src/reg/uvm_reg_predictor.svh(221) @ 40002000: uvm_test_top.env.ahb_predictor [REG_PREDICT] Observed WRITE transaction to register regmodel.DLL: value='hc8 : updated value = 'hc8
# UVM_INFO ./../regmodel/uart_reg2ahb_adapter.sv(42) @ 40002000: reporter [uart_reg2ahb_adapter] bus2reg: address = 0x8 data = 0x0 kind = UVM_WRITE status = UVM_IS_OK
# UVM_INFO /ictc/other/tools/QuestaDVA/questasim/verilog_src/uvm-1.2/src/reg/uvm_reg_predictor.svh(221) @ 40002000: uvm_test_top.env.ahb_predictor [REG_PREDICT] Observed WRITE transaction to register regmodel.DLH: value='h0 : updated value = 'h0
# UVM_INFO ./../regmodel/uart_reg2ahb_adapter.sv(42) @ 40002000: reporter [uart_reg2ahb_adapter] bus2reg: address = 0xc data = 0x20 kind = UVM_WRITE status = UVM_IS_OK
# UVM_INFO /ictc/other/tools/QuestaDVA/questasim/verilog_src/uvm-1.2/src/reg/uvm_reg_predictor.svh(221) @ 40002000: uvm_test_top.env.ahb_predictor [REG_PREDICT] Observed WRITE transaction to register regmodel.LCR: value='h20 : updated value = 'h20
# UVM_INFO ./../regmodel/uart_reg2ahb_adapter.sv(42) @ 40002000: reporter [uart_reg2ahb_adapter] bus2reg: address = 0x18 data = 0xff kind = UVM_WRITE status = UVM_IS_OK
# UVM_INFO /ictc/other/tools/QuestaDVA/questasim/verilog_src/uvm-1.2/src/reg/uvm_reg_predictor.svh(221) @ 40002000: uvm_test_top.env.ahb_predictor [REG_PREDICT] Observed WRITE transaction to register regmodel.TBR: value='hff : updated value = 'hff
# UVM_INFO ./../tb/dut_scoreboard.sv(79) @ 40002000: uvm_test_top.env.dut_sb [SCOREBOARD] 
# ===== Captured data from AHB: 0xff
# UVM_INFO ./../vip/uart_vip/uart_monitor.sv(95) @ 40058000: uvm_test_top.env.uart_agt.monitor [uart_monitor] 
# ===== Baud rate actual is      38462, Baud rate expected is      38400 =====
# UVM_INFO ./../tb/dut_scoreboard.sv(88) @ 40344000: uvm_test_top.env.dut_sb [SCOREBOARD] 
# ===== Captured data from UART: 0x1f
# UVM_INFO ./../tb/dut_scoreboard.sv(101) @ 40344000: uvm_test_top.env.dut_sb [dut_scoreboard] 
# 
# =====[UART TXD] Data comparison =====
# 
# UVM_INFO ./../tb/dut_scoreboard.sv(109) @ 40344000: uvm_test_top.env.dut_sb [dut_scoreboard] 
# =====[DATA FRAME: 5] PASSED SUCCESSFULLY!!! =====
# UVM_INFO ./../tb/dut_scoreboard.sv(112) @ 40344000: uvm_test_top.env.dut_sb [dut_scoreboard] 
# 
# =====[UART TXD] Parity comparison =====
# 
# UVM_INFO ./../tb/dut_scoreboard.sv(118) @ 40344000: uvm_test_top.env.dut_sb [dut_scoreboard] 
# =====[PARITY MODE: 0] PASSED SUCCESSFULLY!!! =====
# UVM_INFO ./../testcases/uart_txd_x13_baud_rate.sv(33) @ 50002000: uvm_test_top [uart_txd_x13_baud_rate] --------------------------------------------------------------
# Name                Type                Size  Value           
# --------------------------------------------------------------
# cfg                 uart_configuration  -     @360            
#   parity_mode       parity_mode_e       32    UART_PARITY_NONE
#   sampling          sampling_mode_e     32    MODE_X13        
#   data_width        integral            32    'h5             
#   num_of_stop_bit   integral            32    'h1             
#   baud_rate         integral            32    'h12c00         
#   baud_rate_enable  integral            1     'h1             
#   parity_enable     integral            1     'h0             
# --------------------------------------------------------------
# 
# UVM_INFO ./../regmodel/uart_reg2ahb_adapter.sv(42) @ 50002000: reporter [uart_reg2ahb_adapter] bus2reg: address = 0x0 data = 0x1 kind = UVM_WRITE status = UVM_IS_OK
# UVM_INFO /ictc/other/tools/QuestaDVA/questasim/verilog_src/uvm-1.2/src/reg/uvm_reg_predictor.svh(221) @ 50002000: uvm_test_top.env.ahb_predictor [REG_PREDICT] Observed WRITE transaction to register regmodel.MDR: value='h1 : updated value = 'h1
# UVM_INFO ./../regmodel/uart_reg2ahb_adapter.sv(42) @ 50002000: reporter [uart_reg2ahb_adapter] bus2reg: address = 0x4 data = 0x64 kind = UVM_WRITE status = UVM_IS_OK
# UVM_INFO /ictc/other/tools/QuestaDVA/questasim/verilog_src/uvm-1.2/src/reg/uvm_reg_predictor.svh(221) @ 50002000: uvm_test_top.env.ahb_predictor [REG_PREDICT] Observed WRITE transaction to register regmodel.DLL: value='h64 : updated value = 'h64
# UVM_INFO ./../regmodel/uart_reg2ahb_adapter.sv(42) @ 50002000: reporter [uart_reg2ahb_adapter] bus2reg: address = 0x8 data = 0x0 kind = UVM_WRITE status = UVM_IS_OK
# UVM_INFO /ictc/other/tools/QuestaDVA/questasim/verilog_src/uvm-1.2/src/reg/uvm_reg_predictor.svh(221) @ 50002000: uvm_test_top.env.ahb_predictor [REG_PREDICT] Observed WRITE transaction to register regmodel.DLH: value='h0 : updated value = 'h0
# UVM_INFO ./../regmodel/uart_reg2ahb_adapter.sv(42) @ 50002000: reporter [uart_reg2ahb_adapter] bus2reg: address = 0xc data = 0x20 kind = UVM_WRITE status = UVM_IS_OK
# UVM_INFO /ictc/other/tools/QuestaDVA/questasim/verilog_src/uvm-1.2/src/reg/uvm_reg_predictor.svh(221) @ 50002000: uvm_test_top.env.ahb_predictor [REG_PREDICT] Observed WRITE transaction to register regmodel.LCR: value='h20 : updated value = 'h20
# UVM_INFO ./../regmodel/uart_reg2ahb_adapter.sv(42) @ 50003000: reporter [uart_reg2ahb_adapter] bus2reg: address = 0x18 data = 0xff kind = UVM_WRITE status = UVM_IS_OK
# UVM_INFO /ictc/other/tools/QuestaDVA/questasim/verilog_src/uvm-1.2/src/reg/uvm_reg_predictor.svh(221) @ 50003000: uvm_test_top.env.ahb_predictor [REG_PREDICT] Observed WRITE transaction to register regmodel.TBR: value='hff : updated value = 'hff
# UVM_INFO ./../tb/dut_scoreboard.sv(79) @ 50003000: uvm_test_top.env.dut_sb [SCOREBOARD] 
# ===== Captured data from AHB: 0xff
# UVM_INFO ./../vip/uart_vip/uart_monitor.sv(95) @ 50030000: uvm_test_top.env.uart_agt.monitor [uart_monitor] 
# ===== Baud rate actual is      76923, Baud rate expected is      76800 =====
# UVM_INFO ./../tb/dut_scoreboard.sv(88) @ 50173000: uvm_test_top.env.dut_sb [SCOREBOARD] 
# ===== Captured data from UART: 0x1f
# UVM_INFO ./../tb/dut_scoreboard.sv(101) @ 50173000: uvm_test_top.env.dut_sb [dut_scoreboard] 
# 
# =====[UART TXD] Data comparison =====
# 
# UVM_INFO ./../tb/dut_scoreboard.sv(109) @ 50173000: uvm_test_top.env.dut_sb [dut_scoreboard] 
# =====[DATA FRAME: 5] PASSED SUCCESSFULLY!!! =====
# UVM_INFO ./../tb/dut_scoreboard.sv(112) @ 50173000: uvm_test_top.env.dut_sb [dut_scoreboard] 
# 
# =====[UART TXD] Parity comparison =====
# 
# UVM_INFO ./../tb/dut_scoreboard.sv(118) @ 50173000: uvm_test_top.env.dut_sb [dut_scoreboard] 
# =====[PARITY MODE: 0] PASSED SUCCESSFULLY!!! =====
# UVM_INFO ./../testcases/uart_txd_x13_baud_rate.sv(33) @ 60003000: uvm_test_top [uart_txd_x13_baud_rate] --------------------------------------------------------------
# Name                Type                Size  Value           
# --------------------------------------------------------------
# cfg                 uart_configuration  -     @360            
#   parity_mode       parity_mode_e       32    UART_PARITY_NONE
#   sampling          sampling_mode_e     32    MODE_X13        
#   data_width        integral            32    'h5             
#   num_of_stop_bit   integral            32    'h1             
#   baud_rate         integral            32    'h1c200         
#   baud_rate_enable  integral            1     'h1             
#   parity_enable     integral            1     'h0             
# --------------------------------------------------------------
# 
# UVM_INFO ./../regmodel/uart_reg2ahb_adapter.sv(42) @ 60003000: reporter [uart_reg2ahb_adapter] bus2reg: address = 0x0 data = 0x1 kind = UVM_WRITE status = UVM_IS_OK
# UVM_INFO /ictc/other/tools/QuestaDVA/questasim/verilog_src/uvm-1.2/src/reg/uvm_reg_predictor.svh(221) @ 60003000: uvm_test_top.env.ahb_predictor [REG_PREDICT] Observed WRITE transaction to register regmodel.MDR: value='h1 : updated value = 'h1
# UVM_INFO ./../regmodel/uart_reg2ahb_adapter.sv(42) @ 60003000: reporter [uart_reg2ahb_adapter] bus2reg: address = 0x4 data = 0x43 kind = UVM_WRITE status = UVM_IS_OK
# UVM_INFO /ictc/other/tools/QuestaDVA/questasim/verilog_src/uvm-1.2/src/reg/uvm_reg_predictor.svh(221) @ 60003000: uvm_test_top.env.ahb_predictor [REG_PREDICT] Observed WRITE transaction to register regmodel.DLL: value='h43 : updated value = 'h43
# UVM_INFO ./../regmodel/uart_reg2ahb_adapter.sv(42) @ 60003000: reporter [uart_reg2ahb_adapter] bus2reg: address = 0x8 data = 0x0 kind = UVM_WRITE status = UVM_IS_OK
# UVM_INFO /ictc/other/tools/QuestaDVA/questasim/verilog_src/uvm-1.2/src/reg/uvm_reg_predictor.svh(221) @ 60003000: uvm_test_top.env.ahb_predictor [REG_PREDICT] Observed WRITE transaction to register regmodel.DLH: value='h0 : updated value = 'h0
# UVM_INFO ./../regmodel/uart_reg2ahb_adapter.sv(42) @ 60003000: reporter [uart_reg2ahb_adapter] bus2reg: address = 0xc data = 0x20 kind = UVM_WRITE status = UVM_IS_OK
# UVM_INFO /ictc/other/tools/QuestaDVA/questasim/verilog_src/uvm-1.2/src/reg/uvm_reg_predictor.svh(221) @ 60003000: uvm_test_top.env.ahb_predictor [REG_PREDICT] Observed WRITE transaction to register regmodel.LCR: value='h20 : updated value = 'h20
# UVM_INFO ./../regmodel/uart_reg2ahb_adapter.sv(42) @ 60003000: reporter [uart_reg2ahb_adapter] bus2reg: address = 0x18 data = 0xff kind = UVM_WRITE status = UVM_IS_OK
# UVM_INFO /ictc/other/tools/QuestaDVA/questasim/verilog_src/uvm-1.2/src/reg/uvm_reg_predictor.svh(221) @ 60003000: uvm_test_top.env.ahb_predictor [REG_PREDICT] Observed WRITE transaction to register regmodel.TBR: value='hff : updated value = 'hff
# UVM_INFO ./../tb/dut_scoreboard.sv(79) @ 60003000: uvm_test_top.env.dut_sb [SCOREBOARD] 
# ===== Captured data from AHB: 0xff
# UVM_INFO ./../vip/uart_vip/uart_monitor.sv(95) @ 60022000: uvm_test_top.env.uart_agt.monitor [uart_monitor] 
# ===== Baud rate actual is     111111, Baud rate expected is     115200 =====
# UVM_INFO ./../tb/dut_scoreboard.sv(88) @ 60115000: uvm_test_top.env.dut_sb [SCOREBOARD] 
# ===== Captured data from UART: 0x1f
# UVM_INFO ./../tb/dut_scoreboard.sv(101) @ 60115000: uvm_test_top.env.dut_sb [dut_scoreboard] 
# 
# =====[UART TXD] Data comparison =====
# 
# UVM_INFO ./../tb/dut_scoreboard.sv(109) @ 60115000: uvm_test_top.env.dut_sb [dut_scoreboard] 
# =====[DATA FRAME: 5] PASSED SUCCESSFULLY!!! =====
# UVM_INFO ./../tb/dut_scoreboard.sv(112) @ 60115000: uvm_test_top.env.dut_sb [dut_scoreboard] 
# 
# =====[UART TXD] Parity comparison =====
# 
# UVM_INFO ./../tb/dut_scoreboard.sv(118) @ 60115000: uvm_test_top.env.dut_sb [dut_scoreboard] 
# =====[PARITY MODE: 0] PASSED SUCCESSFULLY!!! =====
# UVM_INFO /ictc/other/tools/QuestaDVA/questasim/verilog_src/uvm-1.2/src/base/uvm_objection.svh(1271) @ 70003000: reporter [TEST_DONE] 'run' phase is ready to proceed to the 'extract' phase
# UVM_INFO ./../testcases/base_test.sv(60) @ 70003000: uvm_test_top [uart_txd_x13_baud_rate] -----------------------------------
# UVM_INFO ./../testcases/base_test.sv(61) @ 70003000: uvm_test_top [uart_txd_x13_baud_rate] ---   PASSED SUCCESSFULLY!!!    ---
# UVM_INFO ./../testcases/base_test.sv(62) @ 70003000: uvm_test_top [uart_txd_x13_baud_rate] -----------------------------------
# UVM_INFO /ictc/other/tools/QuestaDVA/questasim/verilog_src/uvm-1.2/src/base/uvm_report_server.svh(847) @ 70003000: reporter [UVM/REPORT/SERVER] 
# --- UVM Report Summary ---
# 
# ** Report counts by severity
# UVM_INFO :  137
# UVM_WARNING :    0
# UVM_ERROR :    0
# UVM_FATAL :    0
# ** Report counts by id
# [NO_DPI_TSTNAME]     1
# [REG_PREDICT]    35
# [RNTST]     1
# [SCOREBOARD]    14
# [TEST_DONE]     1
# [UVM/COMP/NAMECHECK]     1
# [UVM/RELNOTES]     1
# [UVMTOP]     1
# [ahb_agent]     1
# [dut_scoreboard]    28
# [uart_agent]     1
# [uart_monitor]     7
# [uart_reg2ahb_adapter]    35
# [uart_txd_x13_baud_rate]    10
# 
# ** Note: $finish    : /ictc/other/tools/QuestaDVA/questasim/verilog_src/uvm-1.2/src/base/uvm_root.svh(517)
#    Time: 70002950 ns  Iteration: 68  Instance: /testbench
# End time: 22:55:48 on Aug 04,2026, Elapsed time: 0:00:06
# Errors: 0, Warnings: 0
