# vsim -sv_seed 295187 -coverage -coveranalysis -debugDB -l counter_chk_295187.log -voptargs="+acc" -assertdebug -c testbench -do "coverage save -codeAll -cvg -onexit counter_chk.ucdb; log -r /*;run -all;" "+counter_chk" 
# Start time: 15:53:19 on May 07,2026
# ** Note: (vsim-8009) Loading existing optimized design _opt
# //  Questa Sim-64
# //  Version 10.6d_1 linux_x86_64 Apr 11 2018
# //
# //  Copyright 1991-2018 Mentor Graphics Corporation
# //  All Rights Reserved.
# //
# //  QuestaSim and its associated documentation contain trade
# //  secrets and commercial or financial information that are the property of
# //  Mentor Graphics Corporation and are privileged, confidential,
# //  and exempt from disclosure under the Freedom of Information Act,
# //  5 U.S.C. Section 552. Furthermore, this information
# //  is prohibited from disclosure under the Trade Secrets Act,
# //  18 U.S.C. Section 1905.
# //
# Loading sv_std.std
# Loading work.dut_if(fast)
# Loading work.timer_pkg(fast)
# Loading work.test_pkg(fast)
# Loading work.testbench(fast)
# Loading work.dut_if(fast)
# Loading work.timer_top(fast)
# Loading work.timer_register(fast)
# Loading work.timer_clock_divisor(fast)
# Loading work.timer_counter(fast)
# Loading work.timer_interrupt(fast)
# ** Note: (vsim-8716) Reusing existing debug database vsim.dbg.
# coverage save -codeAll -cvg -onexit counter_chk.ucdb
#  log -r /*
# run -all
# [Environment] Environment is building
# 
# ===== t=0 Case 4.1 Start count up =====
# 
#   0
# [Stimulus] Packet is sent to Driver
# [Driver] Data is sent to DUT
# [Monitor] Data is sent to Scoreboard
# [Base] Write finished! Write Data 01 at Address 00
# [Scoreboard] Get packet from Monitor: Address: 00, Data: 00
# [Stimulus] Packet is sent to Driver
# [Driver] Data is sent to DUT
# [Monitor] Data is sent to Scoreboard
# [Base] Write finished! Write Data 01 at Address 03
# [Scoreboard] Get packet from Monitor: Address: 03, Data: 00
# 
# ===== t=1370000 PASSED SUCCESSFULLY !!! Expected timing is 1280000, Actual timing is 1299999 =====
# 
# 
# ===== t=1370000 Case 4.2 Start count down =====
# 
# [Stimulus] Packet is sent to Driver
# [Driver] Data is sent to DUT
# [Monitor] Data is sent to Scoreboard
# [Base] Write finished! Write Data 02 at Address 00
# [Scoreboard] Get packet from Monitor: Address: 00, Data: 00
# [Stimulus] Packet is sent to Driver
# [Driver] Data is sent to DUT
# [Monitor] Data is sent to Scoreboard
# [Base] Write finished! Write Data 03 at Address 00
# [Scoreboard] Get packet from Monitor: Address: 00, Data: 00
# [Stimulus] Packet is sent to Driver
# [Driver] Data is sent to DUT
# [Monitor] Data is sent to Scoreboard
# [Base] Write finished! Write Data 02 at Address 03
# [Scoreboard] Get packet from Monitor: Address: 03, Data: 00
# 
# ===== t=2810000 PASSED SUCCESSFULLY !!! Expected timing is 1280000, Actual timing is 1299999 =====
# 
# 
# ===== t=2810000 Case 4.3 Load data and count up =====
# 
# [Stimulus] Packet is sent to Driver
# [Driver] Data is sent to DUT
# [Monitor] Data is sent to Scoreboard
# [Base] Write finished! Write Data 64 at Address 02
# [Scoreboard] Get packet from Monitor: Address: 02, Data: 00
# [Stimulus] Packet is sent to Driver
#   1
# [Driver] Data is sent to DUT
# [Monitor] Data is sent to Scoreboard
# [Base] Write finished! Write Data 04 at Address 00
# [Scoreboard] Get packet from Monitor: Address: 00, Data: 00
# [Stimulus] Packet is sent to Driver
#   0
# [Driver] Data is sent to DUT
# [Monitor] Data is sent to Scoreboard
# [Base] Write finished! Write Data 01 at Address 00
# [Scoreboard] Get packet from Monitor: Address: 00, Data: 00
# [Stimulus] Packet is sent to Driver
# [Driver] Data is sent to DUT
# [Monitor] Data is sent to Scoreboard
# [Base] Write finished! Write Data 01 at Address 03
# [Scoreboard] Get packet from Monitor: Address: 03, Data: 00
# 
# ===== t=3810000 PASSED SUCCESSFULLY !!! Expecting timing is 780000, Actual timing is 799999 =====
# 
# 
# ===== t=3810000 Case 4.4 Load data and count down =====
# 
# [Stimulus] Packet is sent to Driver
# [Driver] Data is sent to DUT
# [Monitor] Data is sent to Scoreboard
# [Base] Write finished! Write Data 64 at Address 02
# [Scoreboard] Get packet from Monitor: Address: 02, Data: 00
# [Stimulus] Packet is sent to Driver
#   1
# [Driver] Data is sent to DUT
# [Monitor] Data is sent to Scoreboard
# [Base] Write finished! Write Data 06 at Address 00
# [Scoreboard] Get packet from Monitor: Address: 00, Data: 00
# [Stimulus] Packet is sent to Driver
#   0
# [Driver] Data is sent to DUT
# [Monitor] Data is sent to Scoreboard
# [Base] Write finished! Write Data 03 at Address 00
# [Scoreboard] Get packet from Monitor: Address: 00, Data: 00
# [Stimulus] Packet is sent to Driver
# [Driver] Data is sent to DUT
# [Monitor] Data is sent to Scoreboard
# [Base] Write finished! Write Data 02 at Address 03
# [Scoreboard] Get packet from Monitor: Address: 03, Data: 00
# 
# ===== t=4530000 PASSED SUCCESSFULLY !!! Expecting timing is 500000, Actual timing is 519999 =====
# 
# [Base] End simulation
# ** Note: $finish    : ../testcase/base_test.sv(103)
#    Time: 5530 ns  Iteration: 0  Instance: /testbench
# Saving coverage database on exit...
# End time: 15:53:21 on May 07,2026, Elapsed time: 0:00:02
# Errors: 0, Warnings: 0
