# vsim -sv_seed 886977 -coverage -coveranalysis -debugDB -l signal_chk_886977.log -voptargs="+acc" -assertdebug -c testbench -do "coverage save -codeAll -cvg -onexit signal_chk.ucdb; log -r /*;run -all;" "+signal_chk" 
# Start time: 15:53:05 on May 07,2026
# ** Note: (vsim-3812) Design is being optimized...
# ** Note: (vsim-8611) Generating debug db.
# //  Questa Sim-64
# //  Version 10.6d_1 linux_x86_64 Apr 11 2018
# //
# //  Copyright 1991-2018 Mentor Graphics Corporation
# //  All Rights Reserved.
# //
# //  QuestaSim and its associated documentation contain trade
# //  secrets and commercial or financial information that are the property of
# //  Mentor Graphics Corporation and are privileged, confidential,
# //  and exempt from disclosure under the Freedom of Information Act,
# //  5 U.S.C. Section 552. Furthermore, this information
# //  is prohibited from disclosure under the Trade Secrets Act,
# //  18 U.S.C. Section 1905.
# //
# Loading sv_std.std
# Loading work.dut_if(fast)
# Loading work.timer_pkg(fast)
# Loading work.test_pkg(fast)
# Loading work.testbench(fast)
# Loading work.dut_if(fast)
# Loading work.timer_top(fast)
# Loading work.timer_register(fast)
# Loading work.timer_clock_divisor(fast)
# Loading work.timer_counter(fast)
# Loading work.timer_interrupt(fast)
# ** Note: (vsim-8900) Creating design debug database vsim.dbg.
# coverage save -codeAll -cvg -onexit signal_chk.ucdb
#  log -r /*
# run -all
# [Environment] Environment is building
# 
# ===== t=0 Case 1.1 Reset signal check =====
# 
# [Stimulus] Packet is sent to Driver
# [Driver] Data is sent to DUT
# [Monitor] Data is sent to Scoreboard
# [Base] Write finished! Write Data 01 at Address 00
# [Scoreboard] Get packet from Monitor: Address: 00, Data: 00
# [Stimulus] Packet is sent to Driver
# [Driver] Data is sent to DUT
# [Monitor] Data is sent to Scoreboard
# [Base] t=110001  Read finished! At Address 00, Data is 00
# 
# ===== t=110001 PASSED SUCCESSFULLY!!!! Expected value is 00, Actual value is 00 =====
# 
# 
# ===== t=110001 Case 1.2 Psel signal check =====
# 
# [Scoreboard] Get packet from Monitor: Address: 00, Data: 00
# [Stimulus] Packet is sent to Driver
# [Driver] Data is sent to DUT
# [Signal check] Write finished! Write Data 00 at Address 00
# [Stimulus] Packet is sent to Driver
# [Driver] Data is sent to DUT
# [Monitor] Data is sent to Scoreboard
# [Base] t=250001  Read finished! At Address 00, Data is 00
# 
# ===== t=250001 PASSED SUCCESSFULLY!!!! Expected value is 00, Actual value is 00 =====
# 
# [Scoreboard] Get packet from Monitor: Address: 00, Data: 00
# [Stimulus] Packet is sent to Driver
# [Monitor] Data is sent to Scoreboard
# [Driver] Data is sent to DUT
# [Scoreboard] Get packet from Monitor: Address: 01, Data: 00
# [Base] t=1590001  Read finished! At Address 01, Data is 00
# 
# ===== t=1590001 PASSED SUCCESSFULLY!!!! Expected value is 00, Actual value is 00 =====
# 
# [Base] End simulation
# ** Note: $finish    : ../testcase/base_test.sv(103)
#    Time: 2590001 ps  Iteration: 0  Instance: /testbench
# Saving coverage database on exit...
# End time: 15:53:08 on May 07,2026, Elapsed time: 0:00:03
# Errors: 0, Warnings: 0
