###########################################################
####               ICTC Regression Report              ####
###########################################################
Total testcase run: 2583
Passed            : 2583
Failed            : 0
Unknown           : 0
Used time         : 27s
-----------------------------------------------------------
Run log detail:
log/clk_div_405826.log: => Passed
log/clk_div_405826.log: => Passed
log/clk_div_405826.log: => Passed
log/clk_div_405826.log: => Passed
log/clk_div_405826.log: => Passed
log/clk_div_405826.log: => Passed
log/clk_div_405826.log: => Passed
log/clk_div_405826.log: => Passed
log/clk_div_405826.log: => Passed
log/clk_div_405826.log: => Passed
log/clk_div_405826.log: => Passed
log/clk_div_405826.log: => Passed
log/clk_div_405826.log: => Passed
log/clk_div_405826.log: => Passed
log/clk_div_405826.log: => Passed
log/clk_div_405826.log: => Passed
log/clk_div_405826.log: => Passed
log/clk_div_405826.log: => Passed
log/clk_div_405826.log: => Passed
log/clk_div_405826.log: => Passed
log/clk_div_405826.log: => Passed
log/clk_div_405826.log: => Passed
log/clk_div_405826.log: => Passed
log/clk_div_405826.log: => Passed
log/clk_div_405826.log: => Passed
log/clk_div_405826.log: => Passed
log/clk_div_405826.log: => Passed
log/clk_div_405826.log: => Passed
log/clk_div_405826.log: => Passed
log/clk_div_405826.log: => Passed
log/clk_div_405826.log: => Passed
log/clk_div_405826.log: => Passed
log/clk_div_405826.log: => Passed
log/clk_div_405826.log: => Passed
log/clk_div_405826.log: => Passed
log/clk_div_405826.log: => Passed
log/clk_div_405826.log: => Passed
log/clk_div_405826.log: => Passed
log/clk_div_405826.log: => Passed
log/clk_div_405826.log: => Passed
log/clk_div_405826.log: => Passed
log/clk_div_405826.log: => Passed
log/clk_div_405826.log: => Passed
log/clk_div_405826.log: => Passed
log/clk_div_405826.log: => Passed
log/clk_div_405826.log: => Passed
log/clk_div_405826.log: => Passed
log/clk_div_405826.log: => Passed
log/clk_div_405826.log: => Passed
log/clk_div_405826.log: => Passed
log/clk_div_405826.log: => Passed
log/clk_div_405826.log: => Passed
log/clk_div_405826.log: => Passed
log/clk_div_405826.log: => Passed
log/clk_div_405826.log: => Passed
log/clk_div_405826.log: => Passed
log/clk_div_405826.log: => Passed
log/clk_div_405826.log: => Passed
log/clk_div_405826.log: => Passed
log/clk_div_405826.log: => Passed
log/clk_div_405826.log: => Passed
log/clk_div_405826.log: => Passed
log/clk_div_405826.log: => Passed
log/clk_div_405826.log: => Passed
log/clk_div_405826.log: => Passed
log/clk_div_405826.log: => Passed
log/clk_div_405826.log: => Passed
log/clk_div_405826.log: => Passed
log/clk_div_405826.log: => Passed
log/clk_div_405826.log: => Passed
log/clk_div_405826.log: => Passed
log/clk_div_405826.log: => Passed
log/clk_div_405826.log: => Passed
log/clk_div_405826.log: => Passed
log/clk_div_405826.log: => Passed
log/clk_div_405826.log: => Passed
log/clk_div_405826.log: => Passed
log/clk_div_405826.log: => Passed
log/clk_div_405826.log: => Passed
log/clk_div_405826.log: => Passed
log/clk_div_405826.log: => Passed
log/clk_div_405826.log: => Passed
log/clk_div_405826.log: => Passed
log/clk_div_405826.log: => Passed
log/clk_div_405826.log: => Passed
log/clk_div_405826.log: => Passed
log/clk_div_405826.log: => Passed
log/clk_div_405826.log: => Passed
log/clk_div_405826.log: => Passed
log/clk_div_405826.log: => Passed
log/clk_div_405826.log: => Passed
log/clk_div_405826.log: => Passed
log/clk_div_405826.log: => Passed
log/clk_div_405826.log: => Passed
log/clk_div_405826.log: => Passed
log/clk_div_405826.log: => Passed
log/clk_div_405826.log: => Passed
log/clk_div_405826.log: => Passed
log/clk_div_405826.log: => Passed
log/clk_div_405826.log: => Passed
log/clk_div_405826.log: => Passed
log/clk_div_405826.log: => Passed
log/clk_div_405826.log: => Passed
log/clk_div_405826.log: => Passed
log/clk_div_405826.log: => Passed
log/clk_div_405826.log: => Passed
log/clk_div_405826.log: => Passed
log/clk_div_405826.log: => Passed
log/clk_div_405826.log: => Passed
log/clk_div_405826.log: => Passed
log/clk_div_405826.log: => Passed
log/clk_div_405826.log: => Passed
log/clk_div_405826.log: => Passed
log/clk_div_405826.log: => Passed
log/clk_div_405826.log: => Passed
log/clk_div_405826.log: => Passed
log/clk_div_405826.log: => Passed
log/clk_div_405826.log: => Passed
log/clk_div_405826.log: => Passed
log/clk_div_405826.log: => Passed
log/clk_div_405826.log: => Passed
log/clk_div_405826.log: => Passed
log/clk_div_405826.log: => Passed
log/clk_div_405826.log: => Passed
log/clk_div_405826.log: => Passed
log/clk_div_405826.log: => Passed
log/clk_div_405826.log: => Passed
log/clk_div_405826.log: => Passed
log/clk_div_405826.log: => Passed
log/clk_div_405826.log: => Passed
log/clk_div_405826.log: => Passed
log/clk_div_405826.log: => Passed
log/clk_div_405826.log: => Passed
log/clk_div_405826.log: => Passed
log/clk_div_405826.log: => Passed
log/clk_div_405826.log: => Passed
log/clk_div_405826.log: => Passed
log/clk_div_405826.log: => Passed
log/clk_div_405826.log: => Passed
log/clk_div_405826.log: => Passed
log/clk_div_405826.log: => Passed
log/clk_div_405826.log: => Passed
log/clk_div_405826.log: => Passed
log/clk_div_405826.log: => Passed
log/clk_div_405826.log: => Passed
log/clk_div_405826.log: => Passed
log/clk_div_405826.log: => Passed
log/clk_div_405826.log: => Passed
log/clk_div_405826.log: => Passed
log/clk_div_405826.log: => Passed
log/clk_div_405826.log: => Passed
log/clk_div_405826.log: => Passed
log/clk_div_405826.log: => Passed
log/clk_div_405826.log: => Passed
log/clk_div_405826.log: => Passed
log/clk_div_405826.log: => Passed
log/clk_div_405826.log: => Passed
log/clk_div_405826.log: => Passed
log/clk_div_405826.log: => Passed
log/clk_div_405826.log: => Passed
log/clk_div_405826.log: => Passed
log/clk_div_405826.log: => Passed
log/clk_div_405826.log: => Passed
log/clk_div_405826.log: => Passed
log/clk_div_405826.log: => Passed
log/clk_div_405826.log: => Passed
log/clk_div_405826.log: => Passed
log/clk_div_405826.log: => Passed
log/clk_div_405826.log: => Passed
log/clk_div_405826.log: => Passed
log/clk_div_405826.log: => Passed
log/clk_div_405826.log: => Passed
log/clk_div_405826.log: => Passed
log/clk_div_405826.log: => Passed
log/clk_div_405826.log: => Passed
log/clk_div_405826.log: => Passed
log/clk_div_405826.log: => Passed
log/clk_div_405826.log: => Passed
log/clk_div_405826.log: => Passed
log/clk_div_405826.log: => Passed
log/clk_div_405826.log: => Passed
log/clk_div_405826.log: => Passed
log/clk_div_405826.log: => Passed
log/clk_div_405826.log: => Passed
log/clk_div_405826.log: => Passed
log/clk_div_405826.log: => Passed
log/clk_div_405826.log: => Passed
log/clk_div_405826.log: => Passed
log/clk_div_405826.log: => Passed
log/clk_div_405826.log: => Passed
log/clk_div_405826.log: => Passed
log/clk_div_405826.log: => Passed
log/clk_div_405826.log: => Passed
log/clk_div_405826.log: => Passed
log/clk_div_405826.log: => Passed
log/clk_div_405826.log: => Passed
log/clk_div_405826.log: => Passed
log/clk_div_405826.log: => Passed
log/clk_div_405826.log: => Passed
log/clk_div_405826.log: => Passed
log/clk_div_405826.log: => Passed
log/clk_div_405826.log: => Passed
log/clk_div_405826.log: => Passed
log/clk_div_405826.log: => Passed
log/clk_div_405826.log: => Passed
log/clk_div_405826.log: => Passed
log/clk_div_405826.log: => Passed
log/clk_div_405826.log: => Passed
log/clk_div_405826.log: => Passed
log/clk_div_405826.log: => Passed
log/clk_div_405826.log: => Passed
log/clk_div_405826.log: => Passed
log/clk_div_405826.log: => Passed
log/clk_div_405826.log: => Passed
log/clk_div_405826.log: => Passed
log/clk_div_405826.log: => Passed
log/clk_div_405826.log: => Passed
log/clk_div_405826.log: => Passed
log/clk_div_405826.log: => Passed
log/clk_div_405826.log: => Passed
log/clk_div_405826.log: => Passed
log/clk_div_405826.log: => Passed
log/clk_div_405826.log: => Passed
log/clk_div_405826.log: => Passed
log/clk_div_405826.log: => Passed
log/clk_div_405826.log: => Passed
log/clk_div_405826.log: => Passed
log/clk_div_405826.log: => Passed
log/clk_div_405826.log: => Passed
log/clk_div_405826.log: => Passed
log/clk_div_405826.log: => Passed
log/clk_div_405826.log: => Passed
log/clk_div_405826.log: => Passed
log/clk_div_405826.log: => Passed
log/clk_div_405826.log: => Passed
log/clk_div_405826.log: => Passed
log/clk_div_405826.log: => Passed
log/clk_div_405826.log: => Passed
log/clk_div_405826.log: => Passed
log/clk_div_405826.log: => Passed
log/clk_div_405826.log: => Passed
log/clk_div_405826.log: => Passed
log/clk_div_405826.log: => Passed
log/clk_div_405826.log: => Passed
log/clk_div_405826.log: => Passed
log/clk_div_405826.log: => Passed
log/clk_div_405826.log: => Passed
log/clk_div_405826.log: => Passed
log/clk_div_405826.log: => Passed
log/clk_div_405826.log: => Passed
log/clk_div_405826.log: => Passed
log/clk_div_405826.log: => Passed
log/clk_div_405826.log: => Passed
log/clk_div_405826.log: => Passed
log/clk_div_405826.log: => Passed
log/clk_div_405826.log: => Passed
log/clk_div_405826.log: => Passed
log/clk_div_405826.log: => Passed
log/clk_div_405826.log: => Passed
log/clk_div_405826.log: => Passed
log/clk_div_405826.log: => Passed
log/clk_div_405826.log: => Passed
log/clk_div_405826.log: => Passed
log/clk_div_405826.log: => Passed
log/clk_div_405826.log: => Passed
log/clk_div_405826.log: => Passed
log/clk_div_405826.log: => Passed
log/clk_div_405826.log: => Passed
log/clk_div_405826.log: => Passed
log/clk_div_405826.log: => Passed
log/clk_div_405826.log: => Passed
log/clk_div_405826.log: => Passed
log/clk_div_405826.log: => Passed
log/clk_div_405826.log: => Passed
log/clk_div_405826.log: => Passed
log/clk_div_405826.log: => Passed
log/clk_div_405826.log: => Passed
log/clk_div_405826.log: => Passed
log/clk_div_405826.log: => Passed
log/clk_div_405826.log: => Passed
log/clk_div_405826.log: => Passed
log/clk_div_405826.log: => Passed
log/clk_div_405826.log: => Passed
log/clk_div_405826.log: => Passed
log/clk_div_405826.log: => Passed
log/clk_div_405826.log: => Passed
log/clk_div_405826.log: => Passed
log/clk_div_405826.log: => Passed
log/clk_div_405826.log: => Passed
log/clk_div_405826.log: => Passed
log/clk_div_405826.log: => Passed
log/clk_div_405826.log: => Passed
log/clk_div_405826.log: => Passed
log/clk_div_405826.log: => Passed
log/clk_div_405826.log: => Passed
log/clk_div_405826.log: => Passed
log/clk_div_405826.log: => Passed
log/clk_div_405826.log: => Passed
log/clk_div_405826.log: => Passed
log/clk_div_405826.log: => Passed
log/clk_div_405826.log: => Passed
log/clk_div_405826.log: => Passed
log/clk_div_405826.log: => Passed
log/clk_div_405826.log: => Passed
log/clk_div_405826.log: => Passed
log/clk_div_405826.log: => Passed
log/clk_div_405826.log: => Passed
log/clk_div_405826.log: => Passed
log/clk_div_405826.log: => Passed
log/clk_div_405826.log: => Passed
log/clk_div_405826.log: => Passed
log/clk_div_405826.log: => Passed
log/clk_div_405826.log: => Passed
log/clk_div_405826.log: => Passed
log/clk_div_405826.log: => Passed
log/clk_div_405826.log: => Passed
log/clk_div_405826.log: => Passed
log/clk_div_405826.log: => Passed
log/clk_div_405826.log: => Passed
log/clk_div_405826.log: => Passed
log/clk_div_405826.log: => Passed
log/clk_div_405826.log: => Passed
log/clk_div_405826.log: => Passed
log/clk_div_405826.log: => Passed
log/clk_div_405826.log: => Passed
log/clk_div_405826.log: => Passed
log/clk_div_405826.log: => Passed
log/clk_div_405826.log: => Passed
log/clk_div_405826.log: => Passed
log/clk_div_405826.log: => Passed
log/clk_div_405826.log: => Passed
log/clk_div_405826.log: => Passed
log/clk_div_405826.log: => Passed
log/clk_div_405826.log: => Passed
log/clk_div_405826.log: => Passed
log/clk_div_405826.log: => Passed
log/clk_div_405826.log: => Passed
log/clk_div_405826.log: => Passed
log/clk_div_405826.log: => Passed
log/clk_div_405826.log: => Passed
log/clk_div_405826.log: => Passed
log/clk_div_405826.log: => Passed
log/clk_div_405826.log: => Passed
log/clk_div_405826.log: => Passed
log/clk_div_405826.log: => Passed
log/clk_div_405826.log: => Passed
log/clk_div_405826.log: => Passed
log/clk_div_405826.log: => Passed
log/clk_div_405826.log: => Passed
log/clk_div_405826.log: => Passed
log/clk_div_405826.log: => Passed
log/clk_div_405826.log: => Passed
log/clk_div_405826.log: => Passed
log/clk_div_405826.log: => Passed
log/clk_div_405826.log: => Passed
log/clk_div_405826.log: => Passed
log/clk_div_405826.log: => Passed
log/clk_div_405826.log: => Passed
log/clk_div_405826.log: => Passed
log/clk_div_405826.log: => Passed
log/clk_div_405826.log: => Passed
log/clk_div_405826.log: => Passed
log/clk_div_405826.log: => Passed
log/clk_div_405826.log: => Passed
log/clk_div_405826.log: => Passed
log/clk_div_405826.log: => Passed
log/clk_div_405826.log: => Passed
log/clk_div_405826.log: => Passed
log/clk_div_405826.log: => Passed
log/clk_div_405826.log: => Passed
log/clk_div_405826.log: => Passed
log/clk_div_405826.log: => Passed
log/clk_div_405826.log: => Passed
log/clk_div_405826.log: => Passed
log/clk_div_405826.log: => Passed
log/clk_div_405826.log: => Passed
log/clk_div_405826.log: => Passed
log/clk_div_405826.log: => Passed
log/clk_div_405826.log: => Passed
log/clk_div_405826.log: => Passed
log/clk_div_405826.log: => Passed
log/clk_div_405826.log: => Passed
log/clk_div_405826.log: => Passed
log/clk_div_405826.log: => Passed
log/clk_div_405826.log: => Passed
log/clk_div_405826.log: => Passed
log/clk_div_405826.log: => Passed
log/clk_div_405826.log: => Passed
log/clk_div_405826.log: => Passed
log/clk_div_405826.log: => Passed
log/clk_div_405826.log: => Passed
log/clk_div_405826.log: => Passed
log/clk_div_405826.log: => Passed
log/clk_div_405826.log: => Passed
log/clk_div_405826.log: => Passed
log/clk_div_405826.log: => Passed
log/clk_div_405826.log: => Passed
log/clk_div_405826.log: => Passed
log/clk_div_405826.log: => Passed
log/clk_div_405826.log: => Passed
log/clk_div_405826.log: => Passed
log/clk_div_405826.log: => Passed
log/clk_div_405826.log: => Passed
log/clk_div_405826.log: => Passed
log/clk_div_405826.log: => Passed
log/clk_div_405826.log: => Passed
log/clk_div_405826.log: => Passed
log/clk_div_405826.log: => Passed
log/clk_div_405826.log: => Passed
log/clk_div_405826.log: => Passed
log/clk_div_405826.log: => Passed
log/clk_div_405826.log: => Passed
log/clk_div_405826.log: => Passed
log/clk_div_405826.log: => Passed
log/clk_div_405826.log: => Passed
log/clk_div_405826.log: => Passed
log/clk_div_405826.log: => Passed
log/clk_div_405826.log: => Passed
log/clk_div_405826.log: => Passed
log/clk_div_405826.log: => Passed
log/clk_div_405826.log: => Passed
log/clk_div_405826.log: => Passed
log/clk_div_405826.log: => Passed
log/clk_div_405826.log: => Passed
log/clk_div_405826.log: => Passed
log/clk_div_405826.log: => Passed
log/clk_div_405826.log: => Passed
log/clk_div_405826.log: => Passed
log/clk_div_405826.log: => Passed
log/clk_div_405826.log: => Passed
log/clk_div_405826.log: => Passed
log/clk_div_405826.log: => Passed
log/clk_div_405826.log: => Passed
log/clk_div_405826.log: => Passed
log/clk_div_405826.log: => Passed
log/clk_div_405826.log: => Passed
log/clk_div_405826.log: => Passed
log/clk_div_405826.log: => Passed
log/clk_div_405826.log: => Passed
log/clk_div_405826.log: => Passed
log/clk_div_405826.log: => Passed
log/clk_div_405826.log: => Passed
log/clk_div_405826.log: => Passed
log/clk_div_405826.log: => Passed
log/clk_div_405826.log: => Passed
log/clk_div_405826.log: => Passed
log/clk_div_405826.log: => Passed
log/clk_div_405826.log: => Passed
log/clk_div_405826.log: => Passed
log/clk_div_405826.log: => Passed
log/clk_div_405826.log: => Passed
log/clk_div_405826.log: => Passed
log/clk_div_405826.log: => Passed
log/clk_div_405826.log: => Passed
log/clk_div_405826.log: => Passed
log/clk_div_405826.log: => Passed
log/clk_div_405826.log: => Passed
log/clk_div_405826.log: => Passed
log/clk_div_405826.log: => Passed
log/clk_div_405826.log: => Passed
log/clk_div_405826.log: => Passed
log/clk_div_405826.log: => Passed
log/clk_div_405826.log: => Passed
log/clk_div_405826.log: => Passed
log/clk_div_405826.log: => Passed
log/clk_div_405826.log: => Passed
log/clk_div_405826.log: => Passed
log/clk_div_405826.log: => Passed
log/clk_div_405826.log: => Passed
log/clk_div_405826.log: => Passed
log/clk_div_405826.log: => Passed
log/clk_div_405826.log: => Passed
log/clk_div_405826.log: => Passed
log/clk_div_405826.log: => Passed
log/clk_div_405826.log: => Passed
log/clk_div_405826.log: => Passed
log/clk_div_405826.log: => Passed
log/clk_div_405826.log: => Passed
log/clk_div_405826.log: => Passed
log/clk_div_405826.log: => Passed
log/clk_div_405826.log: => Passed
log/clk_div_405826.log: => Passed
log/clk_div_405826.log: => Passed
log/clk_div_405826.log: => Passed
log/clk_div_405826.log: => Passed
log/clk_div_405826.log: => Passed
log/clk_div_405826.log: => Passed
log/clk_div_405826.log: => Passed
log/clk_div_405826.log: => Passed
log/clk_div_405826.log: => Passed
log/clk_div_405826.log: => Passed
log/clk_div_405826.log: => Passed
log/clk_div_405826.log: => Passed
log/clk_div_405826.log: => Passed
log/clk_div_405826.log: => Passed
log/clk_div_405826.log: => Passed
log/clk_div_405826.log: => Passed
log/clk_div_405826.log: => Passed
log/clk_div_405826.log: => Passed
log/clk_div_405826.log: => Passed
log/clk_div_405826.log: => Passed
log/clk_div_405826.log: => Passed
log/clk_div_405826.log: => Passed
log/clk_div_405826.log: => Passed
log/clk_div_405826.log: => Passed
log/clk_div_405826.log: => Passed
log/clk_div_405826.log: => Passed
log/clk_div_405826.log: => Passed
log/clk_div_405826.log: => Passed
log/clk_div_405826.log: => Passed
log/clk_div_405826.log: => Passed
log/clk_div_405826.log: => Passed
log/clk_div_405826.log: => Passed
log/clk_div_405826.log: => Passed
log/clk_div_405826.log: => Passed
log/clk_div_405826.log: => Passed
log/clk_div_405826.log: => Passed
log/clk_div_405826.log: => Passed
log/clk_div_405826.log: => Passed
log/clk_div_405826.log: => Passed
log/clk_div_405826.log: => Passed
log/clk_div_405826.log: => Passed
log/clk_div_405826.log: => Passed
log/clk_div_405826.log: => Passed
log/clk_div_405826.log: => Passed
log/clk_div_405826.log: => Passed
log/clk_div_405826.log: => Passed
log/clk_div_405826.log: => Passed
log/clk_div_405826.log: => Passed
log/clk_div_405826.log: => Passed
log/clk_div_405826.log: => Passed
log/clk_div_405826.log: => Passed
log/clk_div_405826.log: => Passed
log/clk_div_405826.log: => Passed
log/clk_div_405826.log: => Passed
log/clk_div_405826.log: => Passed
log/clk_div_405826.log: => Passed
log/clk_div_405826.log: => Passed
log/clk_div_405826.log: => Passed
log/clk_div_405826.log: => Passed
log/clk_div_405826.log: => Passed
log/clk_div_405826.log: => Passed
log/clk_div_405826.log: => Passed
log/clk_div_405826.log: => Passed
log/clk_div_405826.log: => Passed
log/clk_div_405826.log: => Passed
log/clk_div_405826.log: => Passed
log/clk_div_405826.log: => Passed
log/clk_div_405826.log: => Passed
log/clk_div_405826.log: => Passed
log/clk_div_405826.log: => Passed
log/clk_div_405826.log: => Passed
log/clk_div_405826.log: => Passed
log/clk_div_405826.log: => Passed
log/clk_div_405826.log: => Passed
log/clk_div_405826.log: => Passed
log/clk_div_405826.log: => Passed
log/clk_div_405826.log: => Passed
log/clk_div_405826.log: => Passed
log/clk_div_405826.log: => Passed
log/clk_div_405826.log: => Passed
log/clk_div_405826.log: => Passed
log/clk_div_405826.log: => Passed
log/clk_div_405826.log: => Passed
log/clk_div_405826.log: => Passed
log/clk_div_405826.log: => Passed
log/clk_div_405826.log: => Passed
log/clk_div_405826.log: => Passed
log/clk_div_405826.log: => Passed
log/clk_div_405826.log: => Passed
log/clk_div_405826.log: => Passed
log/clk_div_405826.log: => Passed
log/clk_div_405826.log: => Passed
log/clk_div_405826.log: => Passed
log/clk_div_405826.log: => Passed
log/clk_div_405826.log: => Passed
log/clk_div_405826.log: => Passed
log/clk_div_405826.log: => Passed
log/clk_div_405826.log: => Passed
log/clk_div_405826.log: => Passed
log/clk_div_405826.log: => Passed
log/clk_div_405826.log: => Passed
log/clk_div_405826.log: => Passed
log/clk_div_405826.log: => Passed
log/clk_div_405826.log: => Passed
log/clk_div_405826.log: => Passed
log/clk_div_405826.log: => Passed
log/clk_div_405826.log: => Passed
log/clk_div_405826.log: => Passed
log/clk_div_405826.log: => Passed
log/clk_div_405826.log: => Passed
log/clk_div_405826.log: => Passed
log/clk_div_405826.log: => Passed
log/clk_div_405826.log: => Passed
log/clk_div_405826.log: => Passed
log/clk_div_405826.log: => Passed
log/clk_div_405826.log: => Passed
log/clk_div_405826.log: => Passed
log/clk_div_405826.log: => Passed
log/clk_div_405826.log: => Passed
log/clk_div_405826.log: => Passed
log/clk_div_405826.log: => Passed
log/clk_div_405826.log: => Passed
log/clk_div_405826.log: => Passed
log/clk_div_405826.log: => Passed
log/clk_div_405826.log: => Passed
log/clk_div_405826.log: => Passed
log/clk_div_405826.log: => Passed
log/clk_div_405826.log: => Passed
log/clk_div_405826.log: => Passed
log/clk_div_405826.log: => Passed
log/clk_div_405826.log: => Passed
log/clk_div_405826.log: => Passed
log/clk_div_405826.log: => Passed
log/clk_div_405826.log: => Passed
log/clk_div_405826.log: => Passed
log/clk_div_405826.log: => Passed
log/clk_div_405826.log: => Passed
log/clk_div_405826.log: => Passed
log/clk_div_405826.log: => Passed
log/clk_div_405826.log: => Passed
log/clk_div_405826.log: => Passed
log/clk_div_405826.log: => Passed
log/clk_div_405826.log: => Passed
log/clk_div_405826.log: => Passed
log/clk_div_405826.log: => Passed
log/clk_div_405826.log: => Passed
log/clk_div_405826.log: => Passed
log/clk_div_405826.log: => Passed
log/clk_div_405826.log: => Passed
log/clk_div_405826.log: => Passed
log/clk_div_405826.log: => Passed
log/clk_div_405826.log: => Passed
log/clk_div_405826.log: => Passed
log/clk_div_405826.log: => Passed
log/clk_div_405826.log: => Passed
log/clk_div_405826.log: => Passed
log/clk_div_405826.log: => Passed
log/clk_div_405826.log: => Passed
log/clk_div_405826.log: => Passed
log/clk_div_405826.log: => Passed
log/clk_div_405826.log: => Passed
log/clk_div_405826.log: => Passed
log/clk_div_405826.log: => Passed
log/clk_div_405826.log: => Passed
log/clk_div_405826.log: => Passed
log/clk_div_405826.log: => Passed
log/clk_div_405826.log: => Passed
log/clk_div_405826.log: => Passed
log/clk_div_405826.log: => Passed
log/clk_div_405826.log: => Passed
log/clk_div_405826.log: => Passed
log/clk_div_405826.log: => Passed
log/clk_div_405826.log: => Passed
log/clk_div_405826.log: => Passed
log/clk_div_405826.log: => Passed
log/clk_div_405826.log: => Passed
log/clk_div_405826.log: => Passed
log/clk_div_405826.log: => Passed
log/clk_div_405826.log: => Passed
log/clk_div_405826.log: => Passed
log/clk_div_405826.log: => Passed
log/clk_div_405826.log: => Passed
log/clk_div_405826.log: => Passed
log/clk_div_405826.log: => Passed
log/clk_div_405826.log: => Passed
log/clk_div_405826.log: => Passed
log/clk_div_405826.log: => Passed
log/clk_div_405826.log: => Passed
log/clk_div_405826.log: => Passed
log/clk_div_405826.log: => Passed
log/clk_div_405826.log: => Passed
log/clk_div_405826.log: => Passed
log/clk_div_405826.log: => Passed
log/clk_div_405826.log: => Passed
log/clk_div_405826.log: => Passed
log/clk_div_405826.log: => Passed
log/clk_div_405826.log: => Passed
log/clk_div_405826.log: => Passed
log/clk_div_405826.log: => Passed
log/clk_div_405826.log: => Passed
log/clk_div_405826.log: => Passed
log/clk_div_405826.log: => Passed
log/clk_div_405826.log: => Passed
log/clk_div_405826.log: => Passed
log/clk_div_405826.log: => Passed
log/clk_div_405826.log: => Passed
log/clk_div_405826.log: => Passed
log/clk_div_405826.log: => Passed
log/clk_div_405826.log: => Passed
log/clk_div_405826.log: => Passed
log/clk_div_405826.log: => Passed
log/clk_div_405826.log: => Passed
log/clk_div_405826.log: => Passed
log/clk_div_405826.log: => Passed
log/clk_div_405826.log: => Passed
log/clk_div_405826.log: => Passed
log/clk_div_405826.log: => Passed
log/clk_div_405826.log: => Passed
log/clk_div_405826.log: => Passed
log/clk_div_405826.log: => Passed
log/clk_div_405826.log: => Passed
log/clk_div_405826.log: => Passed
log/clk_div_405826.log: => Passed
log/clk_div_405826.log: => Passed
log/clk_div_405826.log: => Passed
log/clk_div_405826.log: => Passed
log/clk_div_405826.log: => Passed
log/clk_div_405826.log: => Passed
log/clk_div_405826.log: => Passed
log/clk_div_405826.log: => Passed
log/clk_div_405826.log: => Passed
log/clk_div_405826.log: => Passed
log/clk_div_405826.log: => Passed
log/clk_div_405826.log: => Passed
log/clk_div_405826.log: => Passed
log/clk_div_405826.log: => Passed
log/clk_div_405826.log: => Passed
log/clk_div_405826.log: => Passed
log/clk_div_405826.log: => Passed
log/clk_div_405826.log: => Passed
log/clk_div_405826.log: => Passed
log/clk_div_405826.log: => Passed
log/clk_div_405826.log: => Passed
log/clk_div_405826.log: => Passed
log/clk_div_405826.log: => Passed
log/clk_div_405826.log: => Passed
log/clk_div_405826.log: => Passed
log/clk_div_405826.log: => Passed
log/clk_div_405826.log: => Passed
log/clk_div_405826.log: => Passed
log/clk_div_405826.log: => Passed
log/clk_div_405826.log: => Passed
log/clk_div_405826.log: => Passed
log/clk_div_405826.log: => Passed
log/clk_div_405826.log: => Passed
log/clk_div_405826.log: => Passed
log/clk_div_405826.log: => Passed
log/clk_div_405826.log: => Passed
log/clk_div_405826.log: => Passed
log/clk_div_405826.log: => Passed
log/clk_div_405826.log: => Passed
log/clk_div_405826.log: => Passed
log/clk_div_405826.log: => Passed
log/clk_div_405826.log: => Passed
log/clk_div_405826.log: => Passed
log/clk_div_405826.log: => Passed
log/clk_div_405826.log: => Passed
log/clk_div_405826.log: => Passed
log/clk_div_405826.log: => Passed
log/clk_div_405826.log: => Passed
log/clk_div_405826.log: => Passed
log/clk_div_405826.log: => Passed
log/clk_div_405826.log: => Passed
log/clk_div_405826.log: => Passed
log/clk_div_405826.log: => Passed
log/clk_div_405826.log: => Passed
log/clk_div_405826.log: => Passed
log/clk_div_405826.log: => Passed
log/clk_div_405826.log: => Passed
log/clk_div_405826.log: => Passed
log/clk_div_405826.log: => Passed
log/clk_div_405826.log: => Passed
log/clk_div_405826.log: => Passed
log/clk_div_405826.log: => Passed
log/clk_div_405826.log: => Passed
log/clk_div_405826.log: => Passed
log/clk_div_405826.log: => Passed
log/clk_div_405826.log: => Passed
log/clk_div_405826.log: => Passed
log/clk_div_405826.log: => Passed
log/clk_div_405826.log: => Passed
log/clk_div_405826.log: => Passed
log/clk_div_405826.log: => Passed
log/clk_div_405826.log: => Passed
log/clk_div_405826.log: => Passed
log/clk_div_405826.log: => Passed
log/clk_div_405826.log: => Passed
log/clk_div_405826.log: => Passed
log/clk_div_405826.log: => Passed
log/clk_div_405826.log: => Passed
log/clk_div_405826.log: => Passed
log/clk_div_405826.log: => Passed
log/clk_div_405826.log: => Passed
log/clk_div_405826.log: => Passed
log/clk_div_405826.log: => Passed
log/clk_div_405826.log: => Passed
log/clk_div_405826.log: => Passed
log/clk_div_405826.log: => Passed
log/clk_div_405826.log: => Passed
log/clk_div_405826.log: => Passed
log/clk_div_405826.log: => Passed
log/clk_div_405826.log: => Passed
log/clk_div_405826.log: => Passed
log/clk_div_405826.log: => Passed
log/clk_div_405826.log: => Passed
log/clk_div_405826.log: => Passed
log/clk_div_405826.log: => Passed
log/clk_div_405826.log: => Passed
log/clk_div_405826.log: => Passed
log/clk_div_405826.log: => Passed
log/clk_div_405826.log: => Passed
log/clk_div_405826.log: => Passed
log/clk_div_405826.log: => Passed
log/clk_div_405826.log: => Passed
log/clk_div_405826.log: => Passed
log/clk_div_405826.log: => Passed
log/clk_div_405826.log: => Passed
log/clk_div_405826.log: => Passed
log/clk_div_405826.log: => Passed
log/clk_div_405826.log: => Passed
log/clk_div_405826.log: => Passed
log/clk_div_405826.log: => Passed
log/clk_div_405826.log: => Passed
log/clk_div_405826.log: => Passed
log/clk_div_405826.log: => Passed
log/clk_div_405826.log: => Passed
log/clk_div_405826.log: => Passed
log/clk_div_405826.log: => Passed
log/clk_div_405826.log: => Passed
log/clk_div_405826.log: => Passed
log/clk_div_405826.log: => Passed
log/clk_div_405826.log: => Passed
log/clk_div_405826.log: => Passed
log/clk_div_405826.log: => Passed
log/clk_div_405826.log: => Passed
log/clk_div_405826.log: => Passed
log/clk_div_405826.log: => Passed
log/clk_div_405826.log: => Passed
log/clk_div_405826.log: => Passed
log/clk_div_405826.log: => Passed
log/clk_div_405826.log: => Passed
log/clk_div_405826.log: => Passed
log/clk_div_405826.log: => Passed
log/clk_div_405826.log: => Passed
log/clk_div_405826.log: => Passed
log/clk_div_405826.log: => Passed
log/clk_div_405826.log: => Passed
log/clk_div_405826.log: => Passed
log/clk_div_405826.log: => Passed
log/clk_div_405826.log: => Passed
log/clk_div_405826.log: => Passed
log/clk_div_405826.log: => Passed
log/clk_div_405826.log: => Passed
log/clk_div_405826.log: => Passed
log/clk_div_405826.log: => Passed
log/clk_div_405826.log: => Passed
log/clk_div_405826.log: => Passed
log/clk_div_405826.log: => Passed
log/clk_div_405826.log: => Passed
log/clk_div_405826.log: => Passed
log/clk_div_405826.log: => Passed
log/clk_div_405826.log: => Passed
log/clk_div_405826.log: => Passed
log/clk_div_405826.log: => Passed
log/clk_div_405826.log: => Passed
log/clk_div_405826.log: => Passed
log/clk_div_405826.log: => Passed
log/clk_div_405826.log: => Passed
log/clk_div_405826.log: => Passed
log/clk_div_405826.log: => Passed
log/clk_div_405826.log: => Passed
log/clk_div_405826.log: => Passed
log/clk_div_405826.log: => Passed
log/clk_div_405826.log: => Passed
log/clk_div_405826.log: => Passed
log/clk_div_405826.log: => Passed
log/clk_div_405826.log: => Passed
log/clk_div_405826.log: => Passed
log/clk_div_405826.log: => Passed
log/clk_div_405826.log: => Passed
log/clk_div_405826.log: => Passed
log/clk_div_405826.log: => Passed
log/clk_div_405826.log: => Passed
log/clk_div_405826.log: => Passed
log/clk_div_405826.log: => Passed
log/clk_div_405826.log: => Passed
log/clk_div_405826.log: => Passed
log/clk_div_405826.log: => Passed
log/clk_div_405826.log: => Passed
log/clk_div_405826.log: => Passed
log/clk_div_405826.log: => Passed
log/clk_div_405826.log: => Passed
log/clk_div_405826.log: => Passed
log/clk_div_405826.log: => Passed
log/clk_div_405826.log: => Passed
log/clk_div_405826.log: => Passed
log/clk_div_405826.log: => Passed
log/clk_div_405826.log: => Passed
log/clk_div_405826.log: => Passed
log/clk_div_405826.log: => Passed
log/clk_div_405826.log: => Passed
log/clk_div_405826.log: => Passed
log/clk_div_405826.log: => Passed
log/clk_div_405826.log: => Passed
log/clk_div_405826.log: => Passed
log/clk_div_405826.log: => Passed
log/clk_div_405826.log: => Passed
log/clk_div_405826.log: => Passed
log/clk_div_405826.log: => Passed
log/clk_div_405826.log: => Passed
log/clk_div_405826.log: => Passed
log/clk_div_405826.log: => Passed
log/clk_div_405826.log: => Passed
log/clk_div_405826.log: => Passed
log/clk_div_405826.log: => Passed
log/clk_div_405826.log: => Passed
log/clk_div_405826.log: => Passed
log/clk_div_405826.log: => Passed
log/clk_div_405826.log: => Passed
log/clk_div_405826.log: => Passed
log/clk_div_405826.log: => Passed
log/clk_div_405826.log: => Passed
log/clk_div_405826.log: => Passed
log/clk_div_405826.log: => Passed
log/clk_div_405826.log: => Passed
log/clk_div_405826.log: => Passed
log/clk_div_405826.log: => Passed
log/clk_div_405826.log: => Passed
log/clk_div_405826.log: => Passed
log/clk_div_405826.log: => Passed
log/clk_div_405826.log: => Passed
log/clk_div_405826.log: => Passed
log/clk_div_405826.log: => Passed
log/clk_div_405826.log: => Passed
log/clk_div_405826.log: => Passed
log/clk_div_405826.log: => Passed
log/clk_div_405826.log: => Passed
log/clk_div_405826.log: => Passed
log/clk_div_405826.log: => Passed
log/clk_div_405826.log: => Passed
log/clk_div_405826.log: => Passed
log/clk_div_405826.log: => Passed
log/clk_div_405826.log: => Passed
log/clk_div_405826.log: => Passed
log/clk_div_405826.log: => Passed
log/clk_div_405826.log: => Passed
log/clk_div_405826.log: => Passed
log/clk_div_405826.log: => Passed
log/clk_div_405826.log: => Passed
log/clk_div_405826.log: => Passed
log/clk_div_405826.log: => Passed
log/clk_div_405826.log: => Passed
log/clk_div_405826.log: => Passed
log/clk_div_405826.log: => Passed
log/clk_div_405826.log: => Passed
log/clk_div_405826.log: => Passed
log/clk_div_405826.log: => Passed
log/clk_div_405826.log: => Passed
log/clk_div_405826.log: => Passed
log/clk_div_405826.log: => Passed
log/clk_div_405826.log: => Passed
log/clk_div_405826.log: => Passed
log/clk_div_405826.log: => Passed
log/clk_div_405826.log: => Passed
log/clk_div_405826.log: => Passed
log/clk_div_405826.log: => Passed
log/clk_div_405826.log: => Passed
log/clk_div_405826.log: => Passed
log/clk_div_405826.log: => Passed
log/clk_div_405826.log: => Passed
log/clk_div_405826.log: => Passed
log/clk_div_405826.log: => Passed
log/clk_div_405826.log: => Passed
log/clk_div_405826.log: => Passed
log/clk_div_405826.log: => Passed
log/clk_div_405826.log: => Passed
log/clk_div_405826.log: => Passed
log/clk_div_405826.log: => Passed
log/clk_div_405826.log: => Passed
log/clk_div_405826.log: => Passed
log/clk_div_405826.log: => Passed
log/clk_div_405826.log: => Passed
log/clk_div_405826.log: => Passed
log/clk_div_405826.log: => Passed
log/clk_div_405826.log: => Passed
log/clk_div_405826.log: => Passed
log/clk_div_405826.log: => Passed
log/clk_div_405826.log: => Passed
log/clk_div_405826.log: => Passed
log/clk_div_405826.log: => Passed
log/clk_div_405826.log: => Passed
log/clk_div_405826.log: => Passed
log/clk_div_405826.log: => Passed
log/clk_div_405826.log: => Passed
log/clk_div_405826.log: => Passed
log/clk_div_405826.log: => Passed
log/clk_div_405826.log: => Passed
log/clk_div_405826.log: => Passed
log/clk_div_405826.log: => Passed
log/clk_div_405826.log: => Passed
log/clk_div_405826.log: => Passed
log/clk_div_405826.log: => Passed
log/clk_div_405826.log: => Passed
log/clk_div_405826.log: => Passed
log/clk_div_405826.log: => Passed
log/clk_div_405826.log: => Passed
log/clk_div_405826.log: => Passed
log/clk_div_405826.log: => Passed
log/clk_div_405826.log: => Passed
log/clk_div_405826.log: => Passed
log/clk_div_405826.log: => Passed
log/clk_div_405826.log: => Passed
log/clk_div_405826.log: => Passed
log/clk_div_405826.log: => Passed
log/clk_div_405826.log: => Passed
log/clk_div_405826.log: => Passed
log/clk_div_405826.log: => Passed
log/clk_div_405826.log: => Passed
log/clk_div_405826.log: => Passed
log/clk_div_405826.log: => Passed
log/clk_div_405826.log: => Passed
log/clk_div_405826.log: => Passed
log/clk_div_405826.log: => Passed
log/clk_div_405826.log: => Passed
log/clk_div_405826.log: => Passed
log/clk_div_405826.log: => Passed
log/clk_div_405826.log: => Passed
log/clk_div_405826.log: => Passed
log/clk_div_405826.log: => Passed
log/clk_div_405826.log: => Passed
log/clk_div_405826.log: => Passed
log/clk_div_405826.log: => Passed
log/clk_div_405826.log: => Passed
log/clk_div_405826.log: => Passed
log/clk_div_405826.log: => Passed
log/clk_div_405826.log: => Passed
log/clk_div_405826.log: => Passed
log/clk_div_405826.log: => Passed
log/clk_div_405826.log: => Passed
log/clk_div_405826.log: => Passed
log/clk_div_405826.log: => Passed
log/clk_div_405826.log: => Passed
log/clk_div_405826.log: => Passed
log/clk_div_405826.log: => Passed
log/clk_div_405826.log: => Passed
log/clk_div_405826.log: => Passed
log/clk_div_405826.log: => Passed
log/clk_div_405826.log: => Passed
log/clk_div_405826.log: => Passed
log/clk_div_405826.log: => Passed
log/clk_div_405826.log: => Passed
log/clk_div_405826.log: => Passed
log/clk_div_405826.log: => Passed
log/clk_div_405826.log: => Passed
log/clk_div_405826.log: => Passed
log/clk_div_405826.log: => Passed
log/clk_div_405826.log: => Passed
log/clk_div_405826.log: => Passed
log/clk_div_405826.log: => Passed
log/clk_div_405826.log: => Passed
log/clk_div_405826.log: => Passed
log/clk_div_405826.log: => Passed
log/clk_div_405826.log: => Passed
log/clk_div_405826.log: => Passed
log/clk_div_405826.log: => Passed
log/clk_div_405826.log: => Passed
log/clk_div_405826.log: => Passed
log/clk_div_405826.log: => Passed
log/clk_div_405826.log: => Passed
log/clk_div_405826.log: => Passed
log/clk_div_405826.log: => Passed
log/clk_div_405826.log: => Passed
log/clk_div_405826.log: => Passed
log/clk_div_405826.log: => Passed
log/clk_div_405826.log: => Passed
log/clk_div_405826.log: => Passed
log/clk_div_405826.log: => Passed
log/clk_div_405826.log: => Passed
log/clk_div_405826.log: => Passed
log/clk_div_405826.log: => Passed
log/clk_div_405826.log: => Passed
log/clk_div_405826.log: => Passed
log/clk_div_405826.log: => Passed
log/clk_div_405826.log: => Passed
log/clk_div_405826.log: => Passed
log/clk_div_405826.log: => Passed
log/clk_div_405826.log: => Passed
log/clk_div_405826.log: => Passed
log/clk_div_405826.log: => Passed
log/clk_div_405826.log: => Passed
log/clk_div_405826.log: => Passed
log/clk_div_405826.log: => Passed
log/clk_div_405826.log: => Passed
log/clk_div_405826.log: => Passed
log/clk_div_405826.log: => Passed
log/clk_div_405826.log: => Passed
log/clk_div_405826.log: => Passed
log/clk_div_405826.log: => Passed
log/clk_div_405826.log: => Passed
log/clk_div_405826.log: => Passed
log/clk_div_405826.log: => Passed
log/clk_div_405826.log: => Passed
log/clk_div_405826.log: => Passed
log/clk_div_405826.log: => Passed
log/clk_div_405826.log: => Passed
log/clk_div_405826.log: => Passed
log/clk_div_405826.log: => Passed
log/clk_div_405826.log: => Passed
log/clk_div_405826.log: => Passed
log/clk_div_405826.log: => Passed
log/clk_div_405826.log: => Passed
log/clk_div_405826.log: => Passed
log/clk_div_405826.log: => Passed
log/clk_div_405826.log: => Passed
log/clk_div_405826.log: => Passed
log/clk_div_405826.log: => Passed
log/clk_div_405826.log: => Passed
log/clk_div_405826.log: => Passed
log/clk_div_405826.log: => Passed
log/clk_div_405826.log: => Passed
log/clk_div_405826.log: => Passed
log/clk_div_405826.log: => Passed
log/clk_div_405826.log: => Passed
log/clk_div_405826.log: => Passed
log/clk_div_405826.log: => Passed
log/clk_div_405826.log: => Passed
log/clk_div_405826.log: => Passed
log/clk_div_405826.log: => Passed
log/clk_div_405826.log: => Passed
log/clk_div_405826.log: => Passed
log/clk_div_405826.log: => Passed
log/clk_div_405826.log: => Passed
log/clk_div_405826.log: => Passed
log/clk_div_405826.log: => Passed
log/clk_div_405826.log: => Passed
log/clk_div_405826.log: => Passed
log/clk_div_405826.log: => Passed
log/clk_div_405826.log: => Passed
log/clk_div_405826.log: => Passed
log/clk_div_405826.log: => Passed
log/clk_div_405826.log: => Passed
log/clk_div_405826.log: => Passed
log/clk_div_405826.log: => Passed
log/clk_div_405826.log: => Passed
log/clk_div_405826.log: => Passed
log/clk_div_405826.log: => Passed
log/clk_div_405826.log: => Passed
log/clk_div_405826.log: => Passed
log/clk_div_405826.log: => Passed
log/clk_div_405826.log: => Passed
log/clk_div_405826.log: => Passed
log/clk_div_405826.log: => Passed
log/clk_div_405826.log: => Passed
log/clk_div_405826.log: => Passed
log/clk_div_405826.log: => Passed
log/clk_div_405826.log: => Passed
log/clk_div_405826.log: => Passed
log/clk_div_405826.log: => Passed
log/clk_div_405826.log: => Passed
log/clk_div_405826.log: => Passed
log/clk_div_405826.log: => Passed
log/clk_div_405826.log: => Passed
log/clk_div_405826.log: => Passed
log/clk_div_405826.log: => Passed
log/clk_div_405826.log: => Passed
log/clk_div_405826.log: => Passed
log/clk_div_405826.log: => Passed
log/clk_div_405826.log: => Passed
log/clk_div_405826.log: => Passed
log/clk_div_405826.log: => Passed
log/clk_div_405826.log: => Passed
log/clk_div_405826.log: => Passed
log/clk_div_405826.log: => Passed
log/clk_div_405826.log: => Passed
log/clk_div_405826.log: => Passed
log/clk_div_405826.log: => Passed
log/clk_div_405826.log: => Passed
log/clk_div_405826.log: => Passed
log/clk_div_405826.log: => Passed
log/clk_div_405826.log: => Passed
log/clk_div_405826.log: => Passed
log/clk_div_405826.log: => Passed
log/clk_div_405826.log: => Passed
log/clk_div_405826.log: => Passed
log/clk_div_405826.log: => Passed
log/clk_div_405826.log: => Passed
log/clk_div_405826.log: => Passed
log/clk_div_405826.log: => Passed
log/clk_div_405826.log: => Passed
log/clk_div_405826.log: => Passed
log/clk_div_405826.log: => Passed
log/clk_div_405826.log: => Passed
log/clk_div_405826.log: => Passed
log/clk_div_405826.log: => Passed
log/clk_div_405826.log: => Passed
log/clk_div_405826.log: => Passed
log/clk_div_405826.log: => Passed
log/clk_div_405826.log: => Passed
log/clk_div_405826.log: => Passed
log/clk_div_405826.log: => Passed
log/clk_div_405826.log: => Passed
log/clk_div_405826.log: => Passed
log/clk_div_405826.log: => Passed
log/clk_div_405826.log: => Passed
log/clk_div_405826.log: => Passed
log/clk_div_405826.log: => Passed
log/clk_div_405826.log: => Passed
log/clk_div_405826.log: => Passed
log/clk_div_405826.log: => Passed
log/clk_div_405826.log: => Passed
log/clk_div_405826.log: => Passed
log/clk_div_405826.log: => Passed
log/clk_div_405826.log: => Passed
log/clk_div_405826.log: => Passed
log/clk_div_405826.log: => Passed
log/clk_div_405826.log: => Passed
log/clk_div_405826.log: => Passed
log/clk_div_405826.log: => Passed
log/clk_div_405826.log: => Passed
log/clk_div_405826.log: => Passed
log/clk_div_405826.log: => Passed
log/clk_div_405826.log: => Passed
log/clk_div_405826.log: => Passed
log/clk_div_405826.log: => Passed
log/clk_div_405826.log: => Passed
log/clk_div_405826.log: => Passed
log/clk_div_405826.log: => Passed
log/clk_div_405826.log: => Passed
log/clk_div_405826.log: => Passed
log/clk_div_405826.log: => Passed
log/clk_div_405826.log: => Passed
log/clk_div_405826.log: => Passed
log/clk_div_405826.log: => Passed
log/clk_div_405826.log: => Passed
log/clk_div_405826.log: => Passed
log/clk_div_405826.log: => Passed
log/clk_div_405826.log: => Passed
log/clk_div_405826.log: => Passed
log/clk_div_405826.log: => Passed
log/clk_div_405826.log: => Passed
log/clk_div_405826.log: => Passed
log/clk_div_405826.log: => Passed
log/clk_div_405826.log: => Passed
log/clk_div_405826.log: => Passed
log/clk_div_405826.log: => Passed
log/clk_div_405826.log: => Passed
log/clk_div_405826.log: => Passed
log/clk_div_405826.log: => Passed
log/clk_div_405826.log: => Passed
log/clk_div_405826.log: => Passed
log/clk_div_405826.log: => Passed
log/clk_div_405826.log: => Passed
log/clk_div_405826.log: => Passed
log/clk_div_405826.log: => Passed
log/clk_div_405826.log: => Passed
log/clk_div_405826.log: => Passed
log/clk_div_405826.log: => Passed
log/clk_div_405826.log: => Passed
log/clk_div_405826.log: => Passed
log/clk_div_405826.log: => Passed
log/clk_div_405826.log: => Passed
log/clk_div_405826.log: => Passed
log/clk_div_405826.log: => Passed
log/clk_div_405826.log: => Passed
log/clk_div_405826.log: => Passed
log/clk_div_405826.log: => Passed
log/clk_div_405826.log: => Passed
log/clk_div_405826.log: => Passed
log/clk_div_405826.log: => Passed
log/clk_div_405826.log: => Passed
log/clk_div_405826.log: => Passed
log/clk_div_405826.log: => Passed
log/clk_div_405826.log: => Passed
log/clk_div_405826.log: => Passed
log/clk_div_405826.log: => Passed
log/clk_div_405826.log: => Passed
log/clk_div_405826.log: => Passed
log/clk_div_405826.log: => Passed
log/clk_div_405826.log: => Passed
log/clk_div_405826.log: => Passed
log/clk_div_405826.log: => Passed
log/clk_div_405826.log: => Passed
log/clk_div_405826.log: => Passed
log/clk_div_405826.log: => Passed
log/clk_div_405826.log: => Passed
log/clk_div_405826.log: => Passed
log/clk_div_405826.log: => Passed
log/clk_div_405826.log: => Passed
log/clk_div_405826.log: => Passed
log/clk_div_405826.log: => Passed
log/clk_div_405826.log: => Passed
log/clk_div_405826.log: => Passed
log/clk_div_405826.log: => Passed
log/clk_div_405826.log: => Passed
log/clk_div_405826.log: => Passed
log/clk_div_405826.log: => Passed
log/clk_div_405826.log: => Passed
log/clk_div_405826.log: => Passed
log/clk_div_405826.log: => Passed
log/clk_div_405826.log: => Passed
log/clk_div_405826.log: => Passed
log/clk_div_405826.log: => Passed
log/clk_div_405826.log: => Passed
log/clk_div_405826.log: => Passed
log/clk_div_405826.log: => Passed
log/clk_div_405826.log: => Passed
log/clk_div_405826.log: => Passed
log/clk_div_405826.log: => Passed
log/clk_div_405826.log: => Passed
log/clk_div_405826.log: => Passed
log/clk_div_405826.log: => Passed
log/clk_div_405826.log: => Passed
log/clk_div_405826.log: => Passed
log/clk_div_405826.log: => Passed
log/clk_div_405826.log: => Passed
log/clk_div_405826.log: => Passed
log/clk_div_405826.log: => Passed
log/clk_div_405826.log: => Passed
log/clk_div_405826.log: => Passed
log/clk_div_405826.log: => Passed
log/clk_div_405826.log: => Passed
log/clk_div_405826.log: => Passed
log/clk_div_405826.log: => Passed
log/clk_div_405826.log: => Passed
log/clk_div_405826.log: => Passed
log/clk_div_405826.log: => Passed
log/clk_div_405826.log: => Passed
log/clk_div_405826.log: => Passed
log/clk_div_405826.log: => Passed
log/clk_div_405826.log: => Passed
log/clk_div_405826.log: => Passed
log/clk_div_405826.log: => Passed
log/clk_div_405826.log: => Passed
log/clk_div_405826.log: => Passed
log/clk_div_405826.log: => Passed
log/clk_div_405826.log: => Passed
log/clk_div_405826.log: => Passed
log/clk_div_405826.log: => Passed
log/clk_div_405826.log: => Passed
log/clk_div_405826.log: => Passed
log/clk_div_405826.log: => Passed
log/clk_div_405826.log: => Passed
log/clk_div_405826.log: => Passed
log/clk_div_405826.log: => Passed
log/clk_div_405826.log: => Passed
log/clk_div_405826.log: => Passed
log/clk_div_405826.log: => Passed
log/clk_div_405826.log: => Passed
log/clk_div_405826.log: => Passed
log/clk_div_405826.log: => Passed
log/clk_div_405826.log: => Passed
log/clk_div_405826.log: => Passed
log/clk_div_405826.log: => Passed
log/clk_div_405826.log: => Passed
log/clk_div_405826.log: => Passed
log/clk_div_405826.log: => Passed
log/clk_div_405826.log: => Passed
log/clk_div_405826.log: => Passed
log/clk_div_405826.log: => Passed
log/clk_div_405826.log: => Passed
log/clk_div_405826.log: => Passed
log/clk_div_405826.log: => Passed
log/clk_div_405826.log: => Passed
log/clk_div_405826.log: => Passed
log/clk_div_405826.log: => Passed
log/clk_div_405826.log: => Passed
log/clk_div_405826.log: => Passed
log/clk_div_405826.log: => Passed
log/clk_div_405826.log: => Passed
log/clk_div_405826.log: => Passed
log/clk_div_405826.log: => Passed
log/clk_div_405826.log: => Passed
log/clk_div_405826.log: => Passed
log/clk_div_405826.log: => Passed
log/clk_div_405826.log: => Passed
log/clk_div_405826.log: => Passed
log/clk_div_405826.log: => Passed
log/clk_div_405826.log: => Passed
log/clk_div_405826.log: => Passed
log/clk_div_405826.log: => Passed
log/clk_div_405826.log: => Passed
log/clk_div_405826.log: => Passed
log/clk_div_405826.log: => Passed
log/clk_div_405826.log: => Passed
log/clk_div_405826.log: => Passed
log/clk_div_405826.log: => Passed
log/clk_div_405826.log: => Passed
log/clk_div_405826.log: => Passed
log/clk_div_405826.log: => Passed
log/clk_div_405826.log: => Passed
log/clk_div_405826.log: => Passed
log/clk_div_405826.log: => Passed
log/clk_div_405826.log: => Passed
log/clk_div_405826.log: => Passed
log/clk_div_405826.log: => Passed
log/clk_div_405826.log: => Passed
log/clk_div_405826.log: => Passed
log/clk_div_405826.log: => Passed
log/clk_div_405826.log: => Passed
log/clk_div_405826.log: => Passed
log/clk_div_405826.log: => Passed
log/clk_div_405826.log: => Passed
log/clk_div_405826.log: => Passed
log/clk_div_405826.log: => Passed
log/clk_div_405826.log: => Passed
log/clk_div_405826.log: => Passed
log/clk_div_405826.log: => Passed
log/clk_div_405826.log: => Passed
log/clk_div_405826.log: => Passed
log/clk_div_405826.log: => Passed
log/clk_div_405826.log: => Passed
log/clk_div_405826.log: => Passed
log/clk_div_405826.log: => Passed
log/clk_div_405826.log: => Passed
log/clk_div_405826.log: => Passed
log/clk_div_405826.log: => Passed
log/clk_div_405826.log: => Passed
log/clk_div_405826.log: => Passed
log/clk_div_405826.log: => Passed
log/clk_div_405826.log: => Passed
log/clk_div_405826.log: => Passed
log/clk_div_405826.log: => Passed
log/clk_div_405826.log: => Passed
log/clk_div_405826.log: => Passed
log/clk_div_405826.log: => Passed
log/clk_div_405826.log: => Passed
log/clk_div_405826.log: => Passed
log/clk_div_405826.log: => Passed
log/clk_div_405826.log: => Passed
log/clk_div_405826.log: => Passed
log/clk_div_405826.log: => Passed
log/clk_div_405826.log: => Passed
log/clk_div_405826.log: => Passed
log/clk_div_405826.log: => Passed
log/clk_div_405826.log: => Passed
log/clk_div_405826.log: => Passed
log/clk_div_405826.log: => Passed
log/clk_div_405826.log: => Passed
log/clk_div_405826.log: => Passed
log/clk_div_405826.log: => Passed
log/clk_div_405826.log: => Passed
log/clk_div_405826.log: => Passed
log/clk_div_405826.log: => Passed
log/clk_div_405826.log: => Passed
log/clk_div_405826.log: => Passed
log/clk_div_405826.log: => Passed
log/clk_div_405826.log: => Passed
log/clk_div_405826.log: => Passed
log/clk_div_405826.log: => Passed
log/clk_div_405826.log: => Passed
log/clk_div_405826.log: => Passed
log/clk_div_405826.log: => Passed
log/clk_div_405826.log: => Passed
log/clk_div_405826.log: => Passed
log/clk_div_405826.log: => Passed
log/clk_div_405826.log: => Passed
log/clk_div_405826.log: => Passed
log/clk_div_405826.log: => Passed
log/clk_div_405826.log: => Passed
log/clk_div_405826.log: => Passed
log/clk_div_405826.log: => Passed
log/clk_div_405826.log: => Passed
log/clk_div_405826.log: => Passed
log/clk_div_405826.log: => Passed
log/clk_div_405826.log: => Passed
log/clk_div_405826.log: => Passed
log/clk_div_405826.log: => Passed
log/clk_div_405826.log: => Passed
log/clk_div_405826.log: => Passed
log/clk_div_405826.log: => Passed
log/clk_div_405826.log: => Passed
log/clk_div_405826.log: => Passed
log/clk_div_405826.log: => Passed
log/clk_div_405826.log: => Passed
log/clk_div_405826.log: => Passed
log/clk_div_405826.log: => Passed
log/clk_div_405826.log: => Passed
log/clk_div_405826.log: => Passed
log/clk_div_405826.log: => Passed
log/clk_div_405826.log: => Passed
log/clk_div_405826.log: => Passed
log/clk_div_405826.log: => Passed
log/clk_div_405826.log: => Passed
log/clk_div_405826.log: => Passed
log/clk_div_405826.log: => Passed
log/clk_div_405826.log: => Passed
log/clk_div_405826.log: => Passed
log/clk_div_405826.log: => Passed
log/clk_div_405826.log: => Passed
log/clk_div_405826.log: => Passed
log/clk_div_405826.log: => Passed
log/clk_div_405826.log: => Passed
log/clk_div_405826.log: => Passed
log/clk_div_405826.log: => Passed
log/clk_div_405826.log: => Passed
log/clk_div_405826.log: => Passed
log/clk_div_405826.log: => Passed
log/clk_div_405826.log: => Passed
log/clk_div_405826.log: => Passed
log/clk_div_405826.log: => Passed
log/clk_div_405826.log: => Passed
log/clk_div_405826.log: => Passed
log/clk_div_405826.log: => Passed
log/clk_div_405826.log: => Passed
log/clk_div_405826.log: => Passed
log/clk_div_405826.log: => Passed
log/clk_div_405826.log: => Passed
log/clk_div_405826.log: => Passed
log/clk_div_405826.log: => Passed
log/clk_div_405826.log: => Passed
log/clk_div_405826.log: => Passed
log/clk_div_405826.log: => Passed
log/clk_div_405826.log: => Passed
log/clk_div_405826.log: => Passed
log/clk_div_405826.log: => Passed
log/clk_div_405826.log: => Passed
log/clk_div_405826.log: => Passed
log/clk_div_405826.log: => Passed
log/clk_div_405826.log: => Passed
log/clk_div_405826.log: => Passed
log/clk_div_405826.log: => Passed
log/clk_div_405826.log: => Passed
log/clk_div_405826.log: => Passed
log/clk_div_405826.log: => Passed
log/clk_div_405826.log: => Passed
log/clk_div_405826.log: => Passed
log/clk_div_405826.log: => Passed
log/clk_div_405826.log: => Passed
log/clk_div_405826.log: => Passed
log/clk_div_405826.log: => Passed
log/clk_div_405826.log: => Passed
log/clk_div_405826.log: => Passed
log/clk_div_405826.log: => Passed
log/clk_div_405826.log: => Passed
log/clk_div_405826.log: => Passed
log/clk_div_405826.log: => Passed
log/clk_div_405826.log: => Passed
log/clk_div_405826.log: => Passed
log/clk_div_405826.log: => Passed
log/clk_div_405826.log: => Passed
log/clk_div_405826.log: => Passed
log/clk_div_405826.log: => Passed
log/clk_div_405826.log: => Passed
log/clk_div_405826.log: => Passed
log/clk_div_405826.log: => Passed
log/clk_div_405826.log: => Passed
log/clk_div_405826.log: => Passed
log/clk_div_405826.log: => Passed
log/clk_div_405826.log: => Passed
log/clk_div_405826.log: => Passed
log/clk_div_405826.log: => Passed
log/clk_div_405826.log: => Passed
log/clk_div_405826.log: => Passed
log/clk_div_405826.log: => Passed
log/clk_div_405826.log: => Passed
log/clk_div_405826.log: => Passed
log/clk_div_405826.log: => Passed
log/clk_div_405826.log: => Passed
log/clk_div_405826.log: => Passed
log/clk_div_405826.log: => Passed
log/clk_div_405826.log: => Passed
log/clk_div_405826.log: => Passed
log/clk_div_405826.log: => Passed
log/clk_div_405826.log: => Passed
log/clk_div_405826.log: => Passed
log/clk_div_405826.log: => Passed
log/clk_div_405826.log: => Passed
log/clk_div_405826.log: => Passed
log/clk_div_405826.log: => Passed
log/clk_div_405826.log: => Passed
log/clk_div_405826.log: => Passed
log/clk_div_405826.log: => Passed
log/clk_div_405826.log: => Passed
log/clk_div_405826.log: => Passed
log/clk_div_405826.log: => Passed
log/clk_div_405826.log: => Passed
log/clk_div_405826.log: => Passed
log/clk_div_405826.log: => Passed
log/clk_div_405826.log: => Passed
log/clk_div_405826.log: => Passed
log/clk_div_405826.log: => Passed
log/clk_div_405826.log: => Passed
log/clk_div_405826.log: => Passed
log/clk_div_405826.log: => Passed
log/clk_div_405826.log: => Passed
log/clk_div_405826.log: => Passed
log/clk_div_405826.log: => Passed
log/clk_div_405826.log: => Passed
log/clk_div_405826.log: => Passed
log/clk_div_405826.log: => Passed
log/clk_div_405826.log: => Passed
log/clk_div_405826.log: => Passed
log/clk_div_405826.log: => Passed
log/clk_div_405826.log: => Passed
log/clk_div_405826.log: => Passed
log/clk_div_405826.log: => Passed
log/clk_div_405826.log: => Passed
log/clk_div_405826.log: => Passed
log/clk_div_405826.log: => Passed
log/clk_div_405826.log: => Passed
log/clk_div_405826.log: => Passed
log/clk_div_405826.log: => Passed
log/clk_div_405826.log: => Passed
log/clk_div_405826.log: => Passed
log/clk_div_405826.log: => Passed
log/clk_div_405826.log: => Passed
log/clk_div_405826.log: => Passed
log/clk_div_405826.log: => Passed
log/clk_div_405826.log: => Passed
log/clk_div_405826.log: => Passed
log/clk_div_405826.log: => Passed
log/clk_div_405826.log: => Passed
log/clk_div_405826.log: => Passed
log/clk_div_405826.log: => Passed
log/clk_div_405826.log: => Passed
log/clk_div_405826.log: => Passed
log/clk_div_405826.log: => Passed
log/clk_div_405826.log: => Passed
log/clk_div_405826.log: => Passed
log/clk_div_405826.log: => Passed
log/clk_div_405826.log: => Passed
log/clk_div_405826.log: => Passed
log/clk_div_405826.log: => Passed
log/clk_div_405826.log: => Passed
log/clk_div_405826.log: => Passed
log/clk_div_405826.log: => Passed
log/clk_div_405826.log: => Passed
log/clk_div_405826.log: => Passed
log/clk_div_405826.log: => Passed
log/clk_div_405826.log: => Passed
log/clk_div_405826.log: => Passed
log/clk_div_405826.log: => Passed
log/clk_div_405826.log: => Passed
log/clk_div_405826.log: => Passed
log/clk_div_405826.log: => Passed
log/clk_div_405826.log: => Passed
log/clk_div_405826.log: => Passed
log/clk_div_405826.log: => Passed
log/clk_div_405826.log: => Passed
log/clk_div_405826.log: => Passed
log/clk_div_405826.log: => Passed
log/clk_div_405826.log: => Passed
log/clk_div_405826.log: => Passed
log/clk_div_405826.log: => Passed
log/clk_div_405826.log: => Passed
log/clk_div_405826.log: => Passed
log/clk_div_405826.log: => Passed
log/clk_div_405826.log: => Passed
log/clk_div_405826.log: => Passed
log/clk_div_405826.log: => Passed
log/clk_div_405826.log: => Passed
log/clk_div_405826.log: => Passed
log/clk_div_405826.log: => Passed
log/clk_div_405826.log: => Passed
log/clk_div_405826.log: => Passed
log/clk_div_405826.log: => Passed
log/clk_div_405826.log: => Passed
log/clk_div_405826.log: => Passed
log/clk_div_405826.log: => Passed
log/clk_div_405826.log: => Passed
log/clk_div_405826.log: => Passed
log/clk_div_405826.log: => Passed
log/clk_div_405826.log: => Passed
log/clk_div_405826.log: => Passed
log/clk_div_405826.log: => Passed
log/clk_div_405826.log: => Passed
log/clk_div_405826.log: => Passed
log/clk_div_405826.log: => Passed
log/clk_div_405826.log: => Passed
log/clk_div_405826.log: => Passed
log/clk_div_405826.log: => Passed
log/clk_div_405826.log: => Passed
log/clk_div_405826.log: => Passed
log/clk_div_405826.log: => Passed
log/clk_div_405826.log: => Passed
log/clk_div_405826.log: => Passed
log/clk_div_405826.log: => Passed
log/clk_div_405826.log: => Passed
log/clk_div_405826.log: => Passed
log/clk_div_405826.log: => Passed
log/clk_div_405826.log: => Passed
log/clk_div_405826.log: => Passed
log/clk_div_405826.log: => Passed
log/clk_div_405826.log: => Passed
log/clk_div_405826.log: => Passed
log/clk_div_405826.log: => Passed
log/clk_div_405826.log: => Passed
log/clk_div_405826.log: => Passed
log/clk_div_405826.log: => Passed
log/clk_div_405826.log: => Passed
log/clk_div_405826.log: => Passed
log/clk_div_405826.log: => Passed
log/clk_div_405826.log: => Passed
log/clk_div_405826.log: => Passed
log/clk_div_405826.log: => Passed
log/clk_div_405826.log: => Passed
log/clk_div_405826.log: => Passed
log/clk_div_405826.log: => Passed
log/clk_div_405826.log: => Passed
log/clk_div_405826.log: => Passed
log/clk_div_405826.log: => Passed
log/clk_div_405826.log: => Passed
log/clk_div_405826.log: => Passed
log/clk_div_405826.log: => Passed
log/clk_div_405826.log: => Passed
log/clk_div_405826.log: => Passed
log/clk_div_405826.log: => Passed
log/clk_div_405826.log: => Passed
log/clk_div_405826.log: => Passed
log/clk_div_405826.log: => Passed
log/clk_div_405826.log: => Passed
log/clk_div_405826.log: => Passed
log/clk_div_405826.log: => Passed
log/clk_div_405826.log: => Passed
log/clk_div_405826.log: => Passed
log/clk_div_405826.log: => Passed
log/clk_div_405826.log: => Passed
log/clk_div_405826.log: => Passed
log/clk_div_405826.log: => Passed
log/clk_div_405826.log: => Passed
log/clk_div_405826.log: => Passed
log/clk_div_405826.log: => Passed
log/clk_div_405826.log: => Passed
log/clk_div_405826.log: => Passed
log/clk_div_405826.log: => Passed
log/clk_div_405826.log: => Passed
log/clk_div_405826.log: => Passed
log/clk_div_405826.log: => Passed
log/clk_div_405826.log: => Passed
log/clk_div_405826.log: => Passed
log/clk_div_405826.log: => Passed
log/clk_div_405826.log: => Passed
log/clk_div_405826.log: => Passed
log/clk_div_405826.log: => Passed
log/clk_div_405826.log: => Passed
log/clk_div_405826.log: => Passed
log/clk_div_405826.log: => Passed
log/clk_div_405826.log: => Passed
log/clk_div_405826.log: => Passed
log/clk_div_405826.log: => Passed
log/clk_div_405826.log: => Passed
log/clk_div_405826.log: => Passed
log/clk_div_405826.log: => Passed
log/clk_div_405826.log: => Passed
log/clk_div_405826.log: => Passed
log/clk_div_405826.log: => Passed
log/clk_div_405826.log: => Passed
log/clk_div_405826.log: => Passed
log/clk_div_405826.log: => Passed
log/clk_div_405826.log: => Passed
log/clk_div_405826.log: => Passed
log/clk_div_405826.log: => Passed
log/clk_div_405826.log: => Passed
log/clk_div_405826.log: => Passed
log/clk_div_405826.log: => Passed
log/clk_div_405826.log: => Passed
log/clk_div_405826.log: => Passed
log/clk_div_405826.log: => Passed
log/clk_div_405826.log: => Passed
log/clk_div_405826.log: => Passed
log/clk_div_405826.log: => Passed
log/clk_div_405826.log: => Passed
log/clk_div_405826.log: => Passed
log/clk_div_405826.log: => Passed
log/clk_div_405826.log: => Passed
log/clk_div_405826.log: => Passed
log/clk_div_405826.log: => Passed
log/clk_div_405826.log: => Passed
log/clk_div_405826.log: => Passed
log/clk_div_405826.log: => Passed
log/clk_div_405826.log: => Passed
log/clk_div_405826.log: => Passed
log/clk_div_405826.log: => Passed
log/clk_div_405826.log: => Passed
log/clk_div_405826.log: => Passed
log/clk_div_405826.log: => Passed
log/clk_div_405826.log: => Passed
log/clk_div_405826.log: => Passed
log/clk_div_405826.log: => Passed
log/clk_div_405826.log: => Passed
log/clk_div_405826.log: => Passed
log/clk_div_405826.log: => Passed
log/clk_div_405826.log: => Passed
log/clk_div_405826.log: => Passed
log/clk_div_405826.log: => Passed
log/clk_div_405826.log: => Passed
log/clk_div_405826.log: => Passed
log/clk_div_405826.log: => Passed
log/clk_div_405826.log: => Passed
log/clk_div_405826.log: => Passed
log/clk_div_405826.log: => Passed
log/clk_div_405826.log: => Passed
log/clk_div_405826.log: => Passed
log/clk_div_405826.log: => Passed
log/clk_div_405826.log: => Passed
log/clk_div_405826.log: => Passed
log/clk_div_405826.log: => Passed
log/clk_div_405826.log: => Passed
log/clk_div_405826.log: => Passed
log/clk_div_405826.log: => Passed
log/clk_div_405826.log: => Passed
log/clk_div_405826.log: => Passed
log/clk_div_405826.log: => Passed
log/clk_div_405826.log: => Passed
log/clk_div_405826.log: => Passed
log/clk_div_405826.log: => Passed
log/clk_div_405826.log: => Passed
log/clk_div_405826.log: => Passed
log/clk_div_405826.log: => Passed
log/clk_div_405826.log: => Passed
log/clk_div_405826.log: => Passed
log/clk_div_405826.log: => Passed
log/clk_div_405826.log: => Passed
log/clk_div_405826.log: => Passed
log/clk_div_405826.log: => Passed
log/clk_div_405826.log: => Passed
log/clk_div_405826.log: => Passed
log/clk_div_405826.log: => Passed
log/clk_div_405826.log: => Passed
log/clk_div_405826.log: => Passed
log/clk_div_405826.log: => Passed
log/clk_div_405826.log: => Passed
log/clk_div_405826.log: => Passed
log/clk_div_405826.log: => Passed
log/clk_div_405826.log: => Passed
log/clk_div_405826.log: => Passed
log/clk_div_405826.log: => Passed
log/clk_div_405826.log: => Passed
log/clk_div_405826.log: => Passed
log/clk_div_405826.log: => Passed
log/clk_div_405826.log: => Passed
log/clk_div_405826.log: => Passed
log/clk_div_405826.log: => Passed
log/clk_div_405826.log: => Passed
log/clk_div_405826.log: => Passed
log/clk_div_405826.log: => Passed
log/clk_div_405826.log: => Passed
log/clk_div_405826.log: => Passed
log/clk_div_405826.log: => Passed
log/clk_div_405826.log: => Passed
log/clk_div_405826.log: => Passed
log/clk_div_405826.log: => Passed
log/clk_div_405826.log: => Passed
log/clk_div_405826.log: => Passed
log/clk_div_405826.log: => Passed
log/clk_div_405826.log: => Passed
log/clk_div_405826.log: => Passed
log/clk_div_405826.log: => Passed
log/clk_div_405826.log: => Passed
log/clk_div_405826.log: => Passed
log/clk_div_405826.log: => Passed
log/clk_div_405826.log: => Passed
log/clk_div_405826.log: => Passed
log/clk_div_405826.log: => Passed
log/clk_div_405826.log: => Passed
log/clk_div_405826.log: => Passed
log/clk_div_405826.log: => Passed
log/clk_div_405826.log: => Passed
log/clk_div_405826.log: => Passed
log/clk_div_405826.log: => Passed
log/clk_div_405826.log: => Passed
log/clk_div_405826.log: => Passed
log/clk_div_405826.log: => Passed
log/clk_div_405826.log: => Passed
log/clk_div_405826.log: => Passed
log/clk_div_405826.log: => Passed
log/clk_div_405826.log: => Passed
log/clk_div_405826.log: => Passed
log/clk_div_405826.log: => Passed
log/clk_div_405826.log: => Passed
log/clk_div_405826.log: => Passed
log/clk_div_405826.log: => Passed
log/clk_div_405826.log: => Passed
log/clk_div_405826.log: => Passed
log/clk_div_405826.log: => Passed
log/clk_div_405826.log: => Passed
log/clk_div_405826.log: => Passed
log/clk_div_405826.log: => Passed
log/clk_div_405826.log: => Passed
log/clk_div_405826.log: => Passed
log/clk_div_405826.log: => Passed
log/clk_div_405826.log: => Passed
log/clk_div_405826.log: => Passed
log/clk_div_405826.log: => Passed
log/clk_div_405826.log: => Passed
log/clk_div_405826.log: => Passed
log/clk_div_405826.log: => Passed
log/clk_div_405826.log: => Passed
log/clk_div_405826.log: => Passed
log/clk_div_405826.log: => Passed
log/clk_div_405826.log: => Passed
log/clk_div_405826.log: => Passed
log/clk_div_405826.log: => Passed
log/clk_div_405826.log: => Passed
log/clk_div_405826.log: => Passed
log/clk_div_405826.log: => Passed
log/clk_div_405826.log: => Passed
log/clk_div_405826.log: => Passed
log/clk_div_405826.log: => Passed
log/clk_div_405826.log: => Passed
log/clk_div_405826.log: => Passed
log/clk_div_405826.log: => Passed
log/clk_div_405826.log: => Passed
log/clk_div_405826.log: => Passed
log/clk_div_405826.log: => Passed
log/clk_div_405826.log: => Passed
log/clk_div_405826.log: => Passed
log/clk_div_405826.log: => Passed
log/clk_div_405826.log: => Passed
log/clk_div_405826.log: => Passed
log/clk_div_405826.log: => Passed
log/clk_div_405826.log: => Passed
log/clk_div_405826.log: => Passed
log/clk_div_405826.log: => Passed
log/clk_div_405826.log: => Passed
log/clk_div_405826.log: => Passed
log/clk_div_405826.log: => Passed
log/clk_div_405826.log: => Passed
log/clk_div_405826.log: => Passed
log/clk_div_405826.log: => Passed
log/clk_div_405826.log: => Passed
log/clk_div_405826.log: => Passed
log/clk_div_405826.log: => Passed
log/clk_div_405826.log: => Passed
log/clk_div_405826.log: => Passed
log/clk_div_405826.log: => Passed
log/clk_div_405826.log: => Passed
log/clk_div_405826.log: => Passed
log/clk_div_405826.log: => Passed
log/clk_div_405826.log: => Passed
log/clk_div_405826.log: => Passed
log/clk_div_405826.log: => Passed
log/clk_div_405826.log: => Passed
log/clk_div_405826.log: => Passed
log/clk_div_405826.log: => Passed
log/clk_div_405826.log: => Passed
log/clk_div_405826.log: => Passed
log/clk_div_405826.log: => Passed
log/clk_div_405826.log: => Passed
log/clk_div_405826.log: => Passed
log/clk_div_405826.log: => Passed
log/clk_div_405826.log: => Passed
log/clk_div_405826.log: => Passed
log/clk_div_405826.log: => Passed
log/clk_div_405826.log: => Passed
log/clk_div_405826.log: => Passed
log/clk_div_405826.log: => Passed
log/clk_div_405826.log: => Passed
log/clk_div_405826.log: => Passed
log/clk_div_405826.log: => Passed
log/clk_div_405826.log: => Passed
log/clk_div_405826.log: => Passed
log/clk_div_405826.log: => Passed
log/clk_div_405826.log: => Passed
log/clk_div_405826.log: => Passed
log/clk_div_405826.log: => Passed
log/clk_div_405826.log: => Passed
log/clk_div_405826.log: => Passed
log/clk_div_405826.log: => Passed
log/clk_div_405826.log: => Passed
log/clk_div_405826.log: => Passed
log/clk_div_405826.log: => Passed
log/clk_div_405826.log: => Passed
log/clk_div_405826.log: => Passed
log/clk_div_405826.log: => Passed
log/clk_div_405826.log: => Passed
log/clk_div_405826.log: => Passed
log/clk_div_405826.log: => Passed
log/clk_div_405826.log: => Passed
log/clk_div_405826.log: => Passed
log/clk_div_405826.log: => Passed
log/clk_div_405826.log: => Passed
log/clk_div_405826.log: => Passed
log/clk_div_405826.log: => Passed
log/clk_div_405826.log: => Passed
log/clk_div_405826.log: => Passed
log/clk_div_405826.log: => Passed
log/clk_div_405826.log: => Passed
log/clk_div_405826.log: => Passed
log/clk_div_405826.log: => Passed
log/clk_div_405826.log: => Passed
log/clk_div_405826.log: => Passed
log/clk_div_405826.log: => Passed
log/clk_div_405826.log: => Passed
log/clk_div_405826.log: => Passed
log/clk_div_405826.log: => Passed
log/clk_div_405826.log: => Passed
log/clk_div_405826.log: => Passed
log/clk_div_405826.log: => Passed
log/clk_div_405826.log: => Passed
log/clk_div_405826.log: => Passed
log/clk_div_405826.log: => Passed
log/clk_div_405826.log: => Passed
log/clk_div_405826.log: => Passed
log/clk_div_405826.log: => Passed
log/clk_div_405826.log: => Passed
log/clk_div_405826.log: => Passed
log/clk_div_405826.log: => Passed
log/clk_div_405826.log: => Passed
log/clk_div_405826.log: => Passed
log/clk_div_405826.log: => Passed
log/clk_div_405826.log: => Passed
log/clk_div_405826.log: => Passed
log/clk_div_405826.log: => Passed
log/clk_div_405826.log: => Passed
log/clk_div_405826.log: => Passed
log/clk_div_405826.log: => Passed
log/clk_div_405826.log: => Passed
log/clk_div_405826.log: => Passed
log/clk_div_405826.log: => Passed
log/clk_div_405826.log: => Passed
log/clk_div_405826.log: => Passed
log/clk_div_405826.log: => Passed
log/clk_div_405826.log: => Passed
log/clk_div_405826.log: => Passed
log/clk_div_405826.log: => Passed
log/clk_div_405826.log: => Passed
log/clk_div_405826.log: => Passed
log/clk_div_405826.log: => Passed
log/clk_div_405826.log: => Passed
log/clk_div_405826.log: => Passed
log/clk_div_405826.log: => Passed
log/clk_div_405826.log: => Passed
log/clk_div_405826.log: => Passed
log/clk_div_405826.log: => Passed
log/clk_div_405826.log: => Passed
log/clk_div_405826.log: => Passed
log/clk_div_405826.log: => Passed
log/clk_div_405826.log: => Passed
log/clk_div_405826.log: => Passed
log/clk_div_405826.log: => Passed
log/clk_div_405826.log: => Passed
log/clk_div_405826.log: => Passed
log/clk_div_405826.log: => Passed
log/clk_div_405826.log: => Passed
log/clk_div_405826.log: => Passed
log/clk_div_405826.log: => Passed
log/clk_div_405826.log: => Passed
log/clk_div_405826.log: => Passed
log/clk_div_405826.log: => Passed
log/clk_div_405826.log: => Passed
log/clk_div_405826.log: => Passed
log/clk_div_405826.log: => Passed
log/clk_div_405826.log: => Passed
log/clk_div_405826.log: => Passed
log/clk_div_405826.log: => Passed
log/clk_div_405826.log: => Passed
log/clk_div_405826.log: => Passed
log/clk_div_405826.log: => Passed
log/counter_chk_888493.log: => Passed
log/counter_chk_888493.log: => Passed
log/counter_chk_888493.log: => Passed
log/counter_chk_888493.log: => Passed
log/counter_chk_888493.log: => Passed
log/counter_chk_888493.log: => Passed
log/counter_chk_888493.log: => Passed
log/counter_chk_888493.log: => Passed
log/counter_chk_888493.log: => Passed
log/counter_chk_888493.log: => Passed
log/counter_chk_888493.log: => Passed
log/counter_chk_888493.log: => Passed
log/counter_chk_888493.log: => Passed
log/counter_chk_888493.log: => Passed
log/counter_chk_888493.log: => Passed
log/counter_chk_888493.log: => Passed
log/counter_chk_888493.log: => Passed
log/counter_chk_888493.log: => Passed
log/counter_chk_888493.log: => Passed
log/counter_chk_888493.log: => Passed
log/counter_chk_888493.log: => Passed
log/counter_chk_888493.log: => Passed
log/counter_chk_888493.log: => Passed
log/counter_chk_888493.log: => Passed
log/counter_chk_888493.log: => Passed
log/counter_chk_888493.log: => Passed
log/counter_chk_888493.log: => Passed
log/counter_chk_888493.log: => Passed
log/counter_chk_888493.log: => Passed
log/counter_chk_888493.log: => Passed
log/counter_chk_888493.log: => Passed
log/counter_chk_888493.log: => Passed
log/counter_chk_888493.log: => Passed
log/counter_chk_888493.log: => Passed
log/counter_chk_888493.log: => Passed
log/counter_chk_888493.log: => Passed
log/counter_chk_888493.log: => Passed
log/counter_chk_888493.log: => Passed
log/counter_chk_888493.log: => Passed
log/counter_chk_888493.log: => Passed
log/counter_chk_888493.log: => Passed
log/counter_chk_888493.log: => Passed
log/counter_chk_888493.log: => Passed
log/counter_chk_888493.log: => Passed
log/counter_chk_888493.log: => Passed
log/counter_chk_888493.log: => Passed
log/counter_chk_888493.log: => Passed
log/counter_chk_888493.log: => Passed
log/counter_chk_888493.log: => Passed
log/counter_chk_888493.log: => Passed
log/counter_chk_888493.log: => Passed
log/counter_chk_888493.log: => Passed
log/counter_chk_888493.log: => Passed
log/counter_chk_888493.log: => Passed
log/counter_chk_888493.log: => Passed
log/counter_chk_888493.log: => Passed
log/counter_chk_888493.log: => Passed
log/counter_chk_888493.log: => Passed
log/counter_chk_888493.log: => Passed
log/counter_chk_888493.log: => Passed
log/counter_chk_888493.log: => Passed
log/counter_chk_888493.log: => Passed
log/counter_chk_888493.log: => Passed
log/counter_chk_888493.log: => Passed
log/counter_chk_888493.log: => Passed
log/counter_chk_888493.log: => Passed
log/counter_chk_888493.log: => Passed
log/counter_chk_888493.log: => Passed
log/counter_chk_888493.log: => Passed
log/counter_chk_888493.log: => Passed
log/counter_chk_888493.log: => Passed
log/counter_chk_888493.log: => Passed
log/counter_chk_888493.log: => Passed
log/counter_chk_888493.log: => Passed
log/counter_chk_888493.log: => Passed
log/counter_chk_888493.log: => Passed
log/counter_chk_888493.log: => Passed
log/counter_chk_888493.log: => Passed
log/counter_chk_888493.log: => Passed
log/counter_chk_888493.log: => Passed
log/counter_chk_888493.log: => Passed
log/counter_chk_888493.log: => Passed
log/counter_chk_888493.log: => Passed
log/counter_chk_888493.log: => Passed
log/counter_chk_888493.log: => Passed
log/counter_chk_888493.log: => Passed
log/counter_chk_888493.log: => Passed
log/counter_chk_888493.log: => Passed
log/counter_chk_888493.log: => Passed
log/counter_chk_888493.log: => Passed
log/counter_chk_888493.log: => Passed
log/counter_chk_888493.log: => Passed
log/counter_chk_888493.log: => Passed
log/counter_chk_888493.log: => Passed
log/counter_chk_888493.log: => Passed
log/counter_chk_888493.log: => Passed
log/counter_chk_888493.log: => Passed
log/counter_chk_888493.log: => Passed
log/counter_chk_888493.log: => Passed
log/counter_chk_888493.log: => Passed
log/counter_chk_888493.log: => Passed
log/counter_chk_888493.log: => Passed
log/counter_chk_888493.log: => Passed
log/counter_chk_888493.log: => Passed
log/counter_chk_888493.log: => Passed
log/counter_chk_888493.log: => Passed
log/counter_chk_888493.log: => Passed
log/counter_chk_888493.log: => Passed
log/counter_chk_888493.log: => Passed
log/counter_chk_888493.log: => Passed
log/counter_chk_888493.log: => Passed
log/counter_chk_888493.log: => Passed
log/counter_chk_888493.log: => Passed
log/counter_chk_888493.log: => Passed
log/counter_chk_888493.log: => Passed
log/counter_chk_888493.log: => Passed
log/counter_chk_888493.log: => Passed
log/counter_chk_888493.log: => Passed
log/counter_chk_888493.log: => Passed
log/counter_chk_888493.log: => Passed
log/counter_chk_888493.log: => Passed
log/counter_chk_888493.log: => Passed
log/counter_chk_888493.log: => Passed
log/counter_chk_888493.log: => Passed
log/counter_chk_888493.log: => Passed
log/counter_chk_888493.log: => Passed
log/counter_chk_888493.log: => Passed
log/counter_chk_888493.log: => Passed
log/counter_chk_888493.log: => Passed
log/counter_chk_888493.log: => Passed
log/counter_chk_888493.log: => Passed
log/counter_chk_888493.log: => Passed
log/counter_chk_888493.log: => Passed
log/counter_chk_888493.log: => Passed
log/counter_chk_888493.log: => Passed
log/counter_chk_888493.log: => Passed
log/counter_chk_888493.log: => Passed
log/counter_chk_888493.log: => Passed
log/counter_chk_888493.log: => Passed
log/counter_chk_888493.log: => Passed
log/counter_chk_888493.log: => Passed
log/counter_chk_888493.log: => Passed
log/counter_chk_888493.log: => Passed
log/counter_chk_888493.log: => Passed
log/counter_chk_888493.log: => Passed
log/counter_chk_888493.log: => Passed
log/counter_chk_888493.log: => Passed
log/counter_chk_888493.log: => Passed
log/counter_chk_888493.log: => Passed
log/counter_chk_888493.log: => Passed
log/counter_chk_888493.log: => Passed
log/counter_chk_888493.log: => Passed
log/counter_chk_888493.log: => Passed
log/counter_chk_888493.log: => Passed
log/counter_chk_888493.log: => Passed
log/counter_chk_888493.log: => Passed
log/counter_chk_888493.log: => Passed
log/counter_chk_888493.log: => Passed
log/counter_chk_888493.log: => Passed
log/counter_chk_888493.log: => Passed
log/counter_chk_888493.log: => Passed
log/counter_chk_888493.log: => Passed
log/counter_chk_888493.log: => Passed
log/counter_chk_888493.log: => Passed
log/counter_chk_888493.log: => Passed
log/counter_chk_888493.log: => Passed
log/counter_chk_888493.log: => Passed
log/counter_chk_888493.log: => Passed
log/counter_chk_888493.log: => Passed
log/counter_chk_888493.log: => Passed
log/counter_chk_888493.log: => Passed
log/counter_chk_888493.log: => Passed
log/counter_chk_888493.log: => Passed
log/counter_chk_888493.log: => Passed
log/counter_chk_888493.log: => Passed
log/counter_chk_888493.log: => Passed
log/counter_chk_888493.log: => Passed
log/counter_chk_888493.log: => Passed
log/counter_chk_888493.log: => Passed
log/counter_chk_888493.log: => Passed
log/counter_chk_888493.log: => Passed
log/counter_chk_888493.log: => Passed
log/counter_chk_888493.log: => Passed
log/counter_chk_888493.log: => Passed
log/counter_chk_888493.log: => Passed
log/counter_chk_888493.log: => Passed
log/counter_chk_888493.log: => Passed
log/counter_chk_888493.log: => Passed
log/counter_chk_888493.log: => Passed
log/counter_chk_888493.log: => Passed
log/counter_chk_888493.log: => Passed
log/counter_chk_888493.log: => Passed
log/counter_chk_888493.log: => Passed
log/counter_chk_888493.log: => Passed
log/counter_chk_888493.log: => Passed
log/counter_chk_888493.log: => Passed
log/counter_chk_888493.log: => Passed
log/counter_chk_888493.log: => Passed
log/counter_chk_888493.log: => Passed
log/counter_chk_888493.log: => Passed
log/counter_chk_888493.log: => Passed
log/counter_chk_888493.log: => Passed
log/counter_chk_888493.log: => Passed
log/counter_chk_888493.log: => Passed
log/counter_chk_888493.log: => Passed
log/counter_chk_888493.log: => Passed
log/counter_chk_888493.log: => Passed
log/counter_chk_888493.log: => Passed
log/counter_chk_888493.log: => Passed
log/counter_chk_888493.log: => Passed
log/counter_chk_888493.log: => Passed
log/counter_chk_888493.log: => Passed
log/counter_chk_888493.log: => Passed
log/counter_chk_888493.log: => Passed
log/counter_chk_888493.log: => Passed
log/counter_chk_888493.log: => Passed
log/counter_chk_888493.log: => Passed
log/counter_chk_888493.log: => Passed
log/counter_chk_888493.log: => Passed
log/counter_chk_888493.log: => Passed
log/counter_chk_888493.log: => Passed
log/counter_chk_888493.log: => Passed
log/counter_chk_888493.log: => Passed
log/counter_chk_888493.log: => Passed
log/counter_chk_888493.log: => Passed
log/counter_chk_888493.log: => Passed
log/counter_chk_888493.log: => Passed
log/counter_chk_888493.log: => Passed
log/counter_chk_888493.log: => Passed
log/counter_chk_888493.log: => Passed
log/counter_chk_888493.log: => Passed
log/counter_chk_888493.log: => Passed
log/counter_chk_888493.log: => Passed
log/counter_chk_888493.log: => Passed
log/counter_chk_888493.log: => Passed
log/counter_chk_888493.log: => Passed
log/counter_chk_888493.log: => Passed
log/counter_chk_888493.log: => Passed
log/counter_chk_888493.log: => Passed
log/counter_chk_888493.log: => Passed
log/counter_chk_888493.log: => Passed
log/counter_chk_888493.log: => Passed
log/counter_chk_888493.log: => Passed
log/counter_chk_888493.log: => Passed
log/counter_chk_888493.log: => Passed
log/counter_chk_888493.log: => Passed
log/counter_chk_888493.log: => Passed
log/counter_chk_888493.log: => Passed
log/counter_chk_888493.log: => Passed
log/counter_chk_888493.log: => Passed
log/counter_chk_888493.log: => Passed
log/counter_chk_888493.log: => Passed
log/counter_chk_888493.log: => Passed
log/counter_chk_888493.log: => Passed
log/counter_chk_888493.log: => Passed
log/counter_chk_888493.log: => Passed
log/counter_chk_888493.log: => Passed
log/counter_chk_888493.log: => Passed
log/counter_chk_888493.log: => Passed
log/counter_chk_888493.log: => Passed
log/counter_chk_888493.log: => Passed
log/counter_chk_888493.log: => Passed
log/counter_chk_888493.log: => Passed
log/counter_chk_888493.log: => Passed
log/counter_chk_888493.log: => Passed
log/counter_chk_888493.log: => Passed
log/counter_chk_888493.log: => Passed
log/counter_chk_888493.log: => Passed
log/counter_chk_888493.log: => Passed
log/counter_chk_888493.log: => Passed
log/counter_chk_888493.log: => Passed
log/counter_chk_888493.log: => Passed
log/counter_chk_888493.log: => Passed
log/counter_chk_888493.log: => Passed
log/counter_chk_888493.log: => Passed
log/counter_chk_888493.log: => Passed
log/counter_chk_888493.log: => Passed
log/counter_chk_888493.log: => Passed
log/counter_chk_888493.log: => Passed
log/counter_chk_888493.log: => Passed
log/counter_chk_888493.log: => Passed
log/counter_chk_888493.log: => Passed
log/counter_chk_888493.log: => Passed
log/counter_chk_888493.log: => Passed
log/counter_chk_888493.log: => Passed
log/counter_chk_888493.log: => Passed
log/counter_chk_888493.log: => Passed
log/counter_chk_888493.log: => Passed
log/counter_chk_888493.log: => Passed
log/counter_chk_888493.log: => Passed
log/counter_chk_888493.log: => Passed
log/counter_chk_888493.log: => Passed
log/counter_chk_888493.log: => Passed
log/counter_chk_888493.log: => Passed
log/counter_chk_888493.log: => Passed
log/counter_chk_888493.log: => Passed
log/counter_chk_888493.log: => Passed
log/counter_chk_888493.log: => Passed
log/counter_chk_888493.log: => Passed
log/counter_chk_888493.log: => Passed
log/counter_chk_888493.log: => Passed
log/counter_chk_888493.log: => Passed
log/counter_chk_888493.log: => Passed
log/counter_chk_888493.log: => Passed
log/counter_chk_888493.log: => Passed
log/counter_chk_888493.log: => Passed
log/counter_chk_888493.log: => Passed
log/counter_chk_888493.log: => Passed
log/counter_chk_888493.log: => Passed
log/counter_chk_888493.log: => Passed
log/counter_chk_888493.log: => Passed
log/counter_chk_888493.log: => Passed
log/counter_chk_888493.log: => Passed
log/counter_chk_888493.log: => Passed
log/counter_chk_888493.log: => Passed
log/counter_chk_888493.log: => Passed
log/counter_chk_888493.log: => Passed
log/counter_chk_888493.log: => Passed
log/counter_chk_888493.log: => Passed
log/counter_chk_888493.log: => Passed
log/counter_chk_888493.log: => Passed
log/counter_chk_888493.log: => Passed
log/counter_chk_888493.log: => Passed
log/counter_chk_888493.log: => Passed
log/counter_chk_888493.log: => Passed
log/counter_chk_888493.log: => Passed
log/counter_chk_888493.log: => Passed
log/counter_chk_888493.log: => Passed
log/counter_chk_888493.log: => Passed
log/counter_chk_888493.log: => Passed
log/counter_chk_888493.log: => Passed
log/counter_chk_888493.log: => Passed
log/counter_chk_888493.log: => Passed
log/counter_chk_888493.log: => Passed
log/counter_chk_888493.log: => Passed
log/counter_chk_888493.log: => Passed
log/counter_chk_888493.log: => Passed
log/counter_chk_888493.log: => Passed
log/counter_chk_888493.log: => Passed
log/counter_chk_888493.log: => Passed
log/counter_chk_888493.log: => Passed
log/counter_chk_888493.log: => Passed
log/counter_chk_888493.log: => Passed
log/counter_chk_888493.log: => Passed
log/counter_chk_888493.log: => Passed
log/counter_chk_888493.log: => Passed
log/counter_chk_888493.log: => Passed
log/counter_chk_888493.log: => Passed
log/counter_chk_888493.log: => Passed
log/counter_chk_888493.log: => Passed
log/counter_chk_888493.log: => Passed
log/counter_chk_888493.log: => Passed
log/counter_chk_888493.log: => Passed
log/counter_chk_888493.log: => Passed
log/counter_chk_888493.log: => Passed
log/counter_chk_888493.log: => Passed
log/counter_chk_888493.log: => Passed
log/counter_chk_888493.log: => Passed
log/counter_chk_888493.log: => Passed
log/counter_chk_888493.log: => Passed
log/counter_chk_888493.log: => Passed
log/counter_chk_888493.log: => Passed
log/counter_chk_888493.log: => Passed
log/counter_chk_888493.log: => Passed
log/counter_chk_888493.log: => Passed
log/counter_chk_888493.log: => Passed
log/counter_chk_888493.log: => Passed
log/counter_chk_888493.log: => Passed
log/counter_chk_888493.log: => Passed
log/counter_chk_888493.log: => Passed
log/counter_chk_888493.log: => Passed
log/counter_chk_888493.log: => Passed
log/counter_chk_888493.log: => Passed
log/counter_chk_888493.log: => Passed
log/counter_chk_888493.log: => Passed
log/counter_chk_888493.log: => Passed
log/counter_chk_888493.log: => Passed
log/counter_chk_888493.log: => Passed
log/counter_chk_888493.log: => Passed
log/counter_chk_888493.log: => Passed
log/counter_chk_888493.log: => Passed
log/counter_chk_888493.log: => Passed
log/counter_chk_888493.log: => Passed
log/counter_chk_888493.log: => Passed
log/counter_chk_888493.log: => Passed
log/counter_chk_888493.log: => Passed
log/counter_chk_888493.log: => Passed
log/counter_chk_888493.log: => Passed
log/counter_chk_888493.log: => Passed
log/counter_chk_888493.log: => Passed
log/counter_chk_888493.log: => Passed
log/counter_chk_888493.log: => Passed
log/counter_chk_888493.log: => Passed
log/counter_chk_888493.log: => Passed
log/counter_chk_888493.log: => Passed
log/counter_chk_888493.log: => Passed
log/counter_chk_888493.log: => Passed
log/counter_chk_888493.log: => Passed
log/counter_chk_888493.log: => Passed
log/counter_chk_888493.log: => Passed
log/counter_chk_888493.log: => Passed
log/counter_chk_888493.log: => Passed
log/counter_chk_888493.log: => Passed
log/counter_chk_888493.log: => Passed
log/counter_chk_888493.log: => Passed
log/counter_chk_888493.log: => Passed
log/counter_chk_888493.log: => Passed
log/counter_chk_888493.log: => Passed
log/counter_chk_888493.log: => Passed
log/counter_chk_888493.log: => Passed
log/counter_chk_888493.log: => Passed
log/counter_chk_888493.log: => Passed
log/counter_chk_888493.log: => Passed
log/counter_chk_888493.log: => Passed
log/counter_chk_888493.log: => Passed
log/counter_chk_888493.log: => Passed
log/counter_chk_888493.log: => Passed
log/counter_chk_888493.log: => Passed
log/counter_chk_888493.log: => Passed
log/counter_chk_888493.log: => Passed
log/counter_chk_888493.log: => Passed
log/counter_chk_888493.log: => Passed
log/counter_chk_888493.log: => Passed
log/counter_chk_888493.log: => Passed
log/counter_chk_888493.log: => Passed
log/counter_chk_888493.log: => Passed
log/counter_chk_888493.log: => Passed
log/counter_chk_888493.log: => Passed
log/counter_chk_888493.log: => Passed
log/counter_chk_888493.log: => Passed
log/counter_chk_888493.log: => Passed
log/counter_chk_888493.log: => Passed
log/counter_chk_888493.log: => Passed
log/counter_chk_888493.log: => Passed
log/counter_chk_888493.log: => Passed
log/counter_chk_888493.log: => Passed
log/counter_chk_888493.log: => Passed
log/counter_chk_888493.log: => Passed
log/counter_chk_888493.log: => Passed
log/counter_chk_888493.log: => Passed
log/counter_chk_888493.log: => Passed
log/counter_chk_888493.log: => Passed
log/counter_chk_888493.log: => Passed
log/counter_chk_888493.log: => Passed
log/counter_chk_888493.log: => Passed
log/counter_chk_888493.log: => Passed
log/counter_chk_888493.log: => Passed
log/counter_chk_888493.log: => Passed
log/counter_chk_888493.log: => Passed
log/counter_chk_888493.log: => Passed
log/counter_chk_888493.log: => Passed
log/counter_chk_888493.log: => Passed
log/counter_chk_888493.log: => Passed
log/counter_chk_888493.log: => Passed
log/counter_chk_888493.log: => Passed
log/counter_chk_888493.log: => Passed
log/counter_chk_888493.log: => Passed
log/counter_chk_888493.log: => Passed
log/counter_chk_888493.log: => Passed
log/counter_chk_888493.log: => Passed
log/counter_chk_888493.log: => Passed
log/counter_chk_888493.log: => Passed
log/counter_chk_888493.log: => Passed
log/counter_chk_888493.log: => Passed
log/counter_chk_888493.log: => Passed
log/counter_chk_888493.log: => Passed
log/counter_chk_888493.log: => Passed
log/counter_chk_888493.log: => Passed
log/counter_chk_888493.log: => Passed
log/counter_chk_888493.log: => Passed
log/counter_chk_888493.log: => Passed
log/counter_chk_888493.log: => Passed
log/counter_chk_888493.log: => Passed
log/counter_chk_888493.log: => Passed
log/counter_chk_888493.log: => Passed
log/counter_chk_888493.log: => Passed
log/counter_chk_888493.log: => Passed
log/counter_chk_888493.log: => Passed
log/counter_chk_888493.log: => Passed
log/counter_chk_888493.log: => Passed
log/counter_chk_888493.log: => Passed
log/counter_chk_888493.log: => Passed
log/counter_chk_888493.log: => Passed
log/counter_chk_888493.log: => Passed
log/counter_chk_888493.log: => Passed
log/counter_chk_888493.log: => Passed
log/counter_chk_888493.log: => Passed
log/counter_chk_888493.log: => Passed
log/counter_chk_888493.log: => Passed
log/counter_chk_888493.log: => Passed
log/counter_chk_888493.log: => Passed
log/counter_chk_888493.log: => Passed
log/counter_chk_888493.log: => Passed
log/counter_chk_888493.log: => Passed
log/counter_chk_888493.log: => Passed
log/counter_chk_888493.log: => Passed
log/counter_chk_888493.log: => Passed
log/counter_chk_888493.log: => Passed
log/counter_chk_888493.log: => Passed
log/counter_chk_888493.log: => Passed
log/counter_chk_888493.log: => Passed
log/counter_chk_888493.log: => Passed
log/counter_chk_888493.log: => Passed
log/counter_chk_888493.log: => Passed
log/counter_chk_888493.log: => Passed
log/counter_chk_888493.log: => Passed
log/counter_chk_888493.log: => Passed
log/counter_chk_888493.log: => Passed
log/counter_chk_888493.log: => Passed
log/counter_chk_888493.log: => Passed
log/counter_chk_888493.log: => Passed
log/counter_chk_888493.log: => Passed
log/ovf_int_chk_837226.log: => Passed
log/ovf_int_chk_837226.log: => Passed
log/ovf_int_chk_837226.log: => Passed
log/register_chk_595938.log: => Passed
log/register_chk_595938.log: => Passed
log/register_chk_595938.log: => Passed
log/register_chk_595938.log: => Passed
log/register_chk_595938.log: => Passed
log/register_chk_595938.log: => Passed
log/register_chk_595938.log: => Passed
log/register_chk_595938.log: => Passed
log/register_chk_595938.log: => Passed
log/register_chk_595938.log: => Passed
log/register_chk_595938.log: => Passed
log/register_chk_595938.log: => Passed
log/register_chk_595938.log: => Passed
log/register_chk_595938.log: => Passed
log/register_chk_595938.log: => Passed
log/register_chk_595938.log: => Passed
log/register_chk_595938.log: => Passed
log/register_chk_595938.log: => Passed
log/register_chk_595938.log: => Passed
log/register_chk_595938.log: => Passed
log/register_chk_595938.log: => Passed
log/register_chk_595938.log: => Passed
log/signal_chk_122787.log: => Passed
log/signal_chk_122787.log: => Passed
log/signal_chk_122787.log: => Passed
log/udf_int_chk_727910.log: => Passed
log/udf_int_chk_727910.log: => Passed
log/udf_int_chk_727910.log: => Passed
-----------------------------------------------------------
